C:/Users/Isaac/Documents/Downloads/workspace_1.16.0/workspace_1.16.0/Common/Src/bsp_rf.c:5:6:BSP_RF_Init	16	static
C:/Users/Isaac/Documents/Downloads/workspace_1.16.0/workspace_1.16.0/Common/Src/bsp_rf.c:13:6:BSP_RF_Sending	8	static
C:/Users/Isaac/Documents/Downloads/workspace_1.16.0/workspace_1.16.0/Common/Src/bsp_rf.c:23:6:BSP_RF_SendMessage	24	static
C:/Users/Isaac/Documents/Downloads/workspace_1.16.0/workspace_1.16.0/Common/Src/bsp_rf.c:29:6:BSP_RF_Listening	8	static
C:/Users/Isaac/Documents/Downloads/workspace_1.16.0/workspace_1.16.0/Common/Src/bsp_rf.c:41:6:_BSP_RF_ReceiveMessage	8	static
C:/Users/Isaac/Documents/Downloads/workspace_1.16.0/workspace_1.16.0/Common/Src/bsp_rf.c:46:9:BSP_RF_IrqHandler	16	static
C:/Users/Isaac/Documents/Downloads/workspace_1.16.0/workspace_1.16.0/Common/Src/bsp_rf.c:64:6:BSP_RF_ReadData	16	static
