C:/Users/Juan/STM32CubeIDE/workspace_1.16.0/Common/Src/nrf24.c:13:13:cs_high	8	static
C:/Users/Juan/STM32CubeIDE/workspace_1.16.0/Common/Src/nrf24.c:18:13:cs_low	8	static
C:/Users/Juan/STM32CubeIDE/workspace_1.16.0/Common/Src/nrf24.c:23:13:ce_high	8	static
C:/Users/Juan/STM32CubeIDE/workspace_1.16.0/Common/Src/nrf24.c:28:13:ce_low	8	static
C:/Users/Juan/STM32CubeIDE/workspace_1.16.0/Common/Src/nrf24.c:33:16:read_register	32	static
C:/Users/Juan/STM32CubeIDE/workspace_1.16.0/Common/Src/nrf24.c:47:16:write_register	32	static
C:/Users/Juan/STM32CubeIDE/workspace_1.16.0/Common/Src/nrf24.c:63:6:nrf24l01p_rx_init	16	static
C:/Users/Juan/STM32CubeIDE/workspace_1.16.0/Common/Src/nrf24.c:71:6:nrf24l01p_tx_init	16	static
C:/Users/Juan/STM32CubeIDE/workspace_1.16.0/Common/Src/nrf24.c:79:6:nrf24l01p_rx_receive	16	static
C:/Users/Juan/STM32CubeIDE/workspace_1.16.0/Common/Src/nrf24.c:87:6:nrf24l01p_tx_transmit	16	static
C:/Users/Juan/STM32CubeIDE/workspace_1.16.0/Common/Src/nrf24.c:92:6:nrf24l01p_tx_irq	16	static
C:/Users/Juan/STM32CubeIDE/workspace_1.16.0/Common/Src/nrf24.c:115:6:nrf24l01p_init	24	static
C:/Users/Juan/STM32CubeIDE/workspace_1.16.0/Common/Src/nrf24.c:131:6:nrf24l01p_standby	16	static
C:/Users/Juan/STM32CubeIDE/workspace_1.16.0/Common/Src/nrf24.c:138:6:nrf24l01p_reset	8	static
C:/Users/Juan/STM32CubeIDE/workspace_1.16.0/Common/Src/nrf24.c:169:6:nrf24l01p_prx_mode	16	static
C:/Users/Juan/STM32CubeIDE/workspace_1.16.0/Common/Src/nrf24.c:177:6:nrf24l01p_ptx_mode	16	static
C:/Users/Juan/STM32CubeIDE/workspace_1.16.0/Common/Src/nrf24.c:185:9:nrf24l01p_read_rx_fifo	32	static
C:/Users/Juan/STM32CubeIDE/workspace_1.16.0/Common/Src/nrf24.c:198:9:nrf24l01p_write_tx_fifo	32	static
C:/Users/Juan/STM32CubeIDE/workspace_1.16.0/Common/Src/nrf24.c:211:6:nrf24l01p_flush_rx_fifo	24	static
C:/Users/Juan/STM32CubeIDE/workspace_1.16.0/Common/Src/nrf24.c:221:6:nrf24l01p_flush_tx_fifo	24	static
C:/Users/Juan/STM32CubeIDE/workspace_1.16.0/Common/Src/nrf24.c:231:9:nrf24l01p_get_status	24	static
C:/Users/Juan/STM32CubeIDE/workspace_1.16.0/Common/Src/nrf24.c:243:9:nrf24l01p_get_fifo_status	8	static
C:/Users/Juan/STM32CubeIDE/workspace_1.16.0/Common/Src/nrf24.c:248:6:nrf24l01p_rx_set_payload_widths	16	static
C:/Users/Juan/STM32CubeIDE/workspace_1.16.0/Common/Src/nrf24.c:253:6:nrf24l01p_clear_rx_dr	16	static
C:/Users/Juan/STM32CubeIDE/workspace_1.16.0/Common/Src/nrf24.c:261:6:nrf24l01p_clear_tx_ds	16	static
C:/Users/Juan/STM32CubeIDE/workspace_1.16.0/Common/Src/nrf24.c:269:6:nrf24l01p_clear_max_rt	16	static
C:/Users/Juan/STM32CubeIDE/workspace_1.16.0/Common/Src/nrf24.c:277:6:nrf24l01p_power_up	16	static
C:/Users/Juan/STM32CubeIDE/workspace_1.16.0/Common/Src/nrf24.c:285:6:nrf24l01p_power_down	16	static
C:/Users/Juan/STM32CubeIDE/workspace_1.16.0/Common/Src/nrf24.c:293:6:nrf24l01p_set_crc_length	24	static
C:/Users/Juan/STM32CubeIDE/workspace_1.16.0/Common/Src/nrf24.c:312:6:nrf24l01p_set_address_widths	16	static
C:/Users/Juan/STM32CubeIDE/workspace_1.16.0/Common/Src/nrf24.c:317:6:nrf24l01p_auto_retransmit_count	24	static
C:/Users/Juan/STM32CubeIDE/workspace_1.16.0/Common/Src/nrf24.c:327:6:nrf24l01p_auto_retransmit_delay	24	static
C:/Users/Juan/STM32CubeIDE/workspace_1.16.0/Common/Src/nrf24.c:337:6:nrf24l01p_set_rf_channel	24	static
C:/Users/Juan/STM32CubeIDE/workspace_1.16.0/Common/Src/nrf24.c:343:6:nrf24l01p_set_rf_tx_output_power	24	static
C:/Users/Juan/STM32CubeIDE/workspace_1.16.0/Common/Src/nrf24.c:351:6:nrf24l01p_set_rf_air_data_rate	24	static
C:/Users/Juan/STM32CubeIDE/workspace_1.16.0/Common/Src/nrf24.c:370:6:nrf24l01p_mask_tx	16	static
