Archive member included to satisfy reference by file (symbol)

C:/ST/STM32CubeIDE_1.16.0/STM32CubeIDE/plugins/com.st.stm32cube.ide.mcu.externaltools.gnu-tools-for-stm32.12.3.rel1.win32_1.0.200.202406191623/tools/bin/../lib/gcc/arm-none-eabi/12.3.1/../../../../arm-none-eabi/lib/thumb/v7-m/nofp\libc_nano.a(libc_a-exit.o)
                              C:/ST/STM32CubeIDE_1.16.0/STM32CubeIDE/plugins/com.st.stm32cube.ide.mcu.externaltools.gnu-tools-for-stm32.12.3.rel1.win32_1.0.200.202406191623/tools/bin/../lib/gcc/arm-none-eabi/12.3.1/../../../../arm-none-eabi/lib/thumb/v7-m/nofp/crt0.o (exit)
C:/ST/STM32CubeIDE_1.16.0/STM32CubeIDE/plugins/com.st.stm32cube.ide.mcu.externaltools.gnu-tools-for-stm32.12.3.rel1.win32_1.0.200.202406191623/tools/bin/../lib/gcc/arm-none-eabi/12.3.1/../../../../arm-none-eabi/lib/thumb/v7-m/nofp\libc_nano.a(libc_a-itoa.o)
                              ./Core/Src/bsp_lcd.o (itoa)
C:/ST/STM32CubeIDE_1.16.0/STM32CubeIDE/plugins/com.st.stm32cube.ide.mcu.externaltools.gnu-tools-for-stm32.12.3.rel1.win32_1.0.200.202406191623/tools/bin/../lib/gcc/arm-none-eabi/12.3.1/../../../../arm-none-eabi/lib/thumb/v7-m/nofp\libc_nano.a(libc_a-utoa.o)
                              C:/ST/STM32CubeIDE_1.16.0/STM32CubeIDE/plugins/com.st.stm32cube.ide.mcu.externaltools.gnu-tools-for-stm32.12.3.rel1.win32_1.0.200.202406191623/tools/bin/../lib/gcc/arm-none-eabi/12.3.1/../../../../arm-none-eabi/lib/thumb/v7-m/nofp\libc_nano.a(libc_a-itoa.o) (__utoa)
C:/ST/STM32CubeIDE_1.16.0/STM32CubeIDE/plugins/com.st.stm32cube.ide.mcu.externaltools.gnu-tools-for-stm32.12.3.rel1.win32_1.0.200.202406191623/tools/bin/../lib/gcc/arm-none-eabi/12.3.1/../../../../arm-none-eabi/lib/thumb/v7-m/nofp\libc_nano.a(libc_a-findfp.o)
                              C:/ST/STM32CubeIDE_1.16.0/STM32CubeIDE/plugins/com.st.stm32cube.ide.mcu.externaltools.gnu-tools-for-stm32.12.3.rel1.win32_1.0.200.202406191623/tools/bin/../lib/gcc/arm-none-eabi/12.3.1/../../../../arm-none-eabi/lib/thumb/v7-m/nofp\libc_nano.a(libc_a-exit.o) (__stdio_exit_handler)
C:/ST/STM32CubeIDE_1.16.0/STM32CubeIDE/plugins/com.st.stm32cube.ide.mcu.externaltools.gnu-tools-for-stm32.12.3.rel1.win32_1.0.200.202406191623/tools/bin/../lib/gcc/arm-none-eabi/12.3.1/../../../../arm-none-eabi/lib/thumb/v7-m/nofp\libc_nano.a(libc_a-fwalk.o)
                              C:/ST/STM32CubeIDE_1.16.0/STM32CubeIDE/plugins/com.st.stm32cube.ide.mcu.externaltools.gnu-tools-for-stm32.12.3.rel1.win32_1.0.200.202406191623/tools/bin/../lib/gcc/arm-none-eabi/12.3.1/../../../../arm-none-eabi/lib/thumb/v7-m/nofp\libc_nano.a(libc_a-findfp.o) (_fwalk_sglue)
C:/ST/STM32CubeIDE_1.16.0/STM32CubeIDE/plugins/com.st.stm32cube.ide.mcu.externaltools.gnu-tools-for-stm32.12.3.rel1.win32_1.0.200.202406191623/tools/bin/../lib/gcc/arm-none-eabi/12.3.1/../../../../arm-none-eabi/lib/thumb/v7-m/nofp\libc_nano.a(libc_a-sprintf.o)
                              ./Core/Src/main.o (sprintf)
C:/ST/STM32CubeIDE_1.16.0/STM32CubeIDE/plugins/com.st.stm32cube.ide.mcu.externaltools.gnu-tools-for-stm32.12.3.rel1.win32_1.0.200.202406191623/tools/bin/../lib/gcc/arm-none-eabi/12.3.1/../../../../arm-none-eabi/lib/thumb/v7-m/nofp\libc_nano.a(libc_a-stdio.o)
                              C:/ST/STM32CubeIDE_1.16.0/STM32CubeIDE/plugins/com.st.stm32cube.ide.mcu.externaltools.gnu-tools-for-stm32.12.3.rel1.win32_1.0.200.202406191623/tools/bin/../lib/gcc/arm-none-eabi/12.3.1/../../../../arm-none-eabi/lib/thumb/v7-m/nofp\libc_nano.a(libc_a-findfp.o) (__sread)
C:/ST/STM32CubeIDE_1.16.0/STM32CubeIDE/plugins/com.st.stm32cube.ide.mcu.externaltools.gnu-tools-for-stm32.12.3.rel1.win32_1.0.200.202406191623/tools/bin/../lib/gcc/arm-none-eabi/12.3.1/../../../../arm-none-eabi/lib/thumb/v7-m/nofp\libc_nano.a(libc_a-memset.o)
                              C:/ST/STM32CubeIDE_1.16.0/STM32CubeIDE/plugins/com.st.stm32cube.ide.mcu.externaltools.gnu-tools-for-stm32.12.3.rel1.win32_1.0.200.202406191623/tools/bin/../lib/gcc/arm-none-eabi/12.3.1/../../../../arm-none-eabi/lib/thumb/v7-m/nofp/crt0.o (memset)
C:/ST/STM32CubeIDE_1.16.0/STM32CubeIDE/plugins/com.st.stm32cube.ide.mcu.externaltools.gnu-tools-for-stm32.12.3.rel1.win32_1.0.200.202406191623/tools/bin/../lib/gcc/arm-none-eabi/12.3.1/../../../../arm-none-eabi/lib/thumb/v7-m/nofp\libc_nano.a(libc_a-closer.o)
                              C:/ST/STM32CubeIDE_1.16.0/STM32CubeIDE/plugins/com.st.stm32cube.ide.mcu.externaltools.gnu-tools-for-stm32.12.3.rel1.win32_1.0.200.202406191623/tools/bin/../lib/gcc/arm-none-eabi/12.3.1/../../../../arm-none-eabi/lib/thumb/v7-m/nofp\libc_nano.a(libc_a-stdio.o) (_close_r)
C:/ST/STM32CubeIDE_1.16.0/STM32CubeIDE/plugins/com.st.stm32cube.ide.mcu.externaltools.gnu-tools-for-stm32.12.3.rel1.win32_1.0.200.202406191623/tools/bin/../lib/gcc/arm-none-eabi/12.3.1/../../../../arm-none-eabi/lib/thumb/v7-m/nofp\libc_nano.a(libc_a-reent.o)
[...]
Memory Configuration

Name             Origin             Length             Attributes
RAM              0x20000000         0x00005000         xrw
FLASH            0x08000000         0x00010000         xr
*default*        0x00000000         0xffffffff

Linker script and memory map

LOAD C:/ST/STM32CubeIDE_1.16.0/STM32CubeIDE/plugins/com.st.stm32cube.ide.mcu.externaltools.gnu-tools-for-stm32.12.3.rel1.win32_1.0.200.202406191623/tools/bin/../lib/gcc/arm-none-eabi/12.3.1/thumb/v7-m/nofp/crti.o
LOAD C:/ST/STM32CubeIDE_1.16.0/STM32CubeIDE/plugins/com.st.stm32cube.ide.mcu.externaltools.gnu-tools-for-stm32.12.3.rel1.win32_1.0.200.202406191623/tools/bin/../lib/gcc/arm-none-eabi/12.3.1/thumb/v7-m/nofp/crtbegin.o
LOAD C:/ST/STM32CubeIDE_1.16.0/STM32CubeIDE/plugins/com.st.stm32cube.ide.mcu.externaltools.gnu-tools-for-stm32.12.3.rel1.win32_1.0.200.202406191623/tools/bin/../lib/gcc/arm-none-eabi/12.3.1/../../../../arm-none-eabi/lib/thumb/v7-m/nofp/crt0.o
LOAD ./Core/ECUAL/I2C_LCD/I2C_LCD.o
LOAD ./Core/ECUAL/I2C_LCD/I2C_LCD_cfg.o
LOAD ./Core/Src/bsp_encoder.o
LOAD ./Core/Src/bsp_hcsr501.o
LOAD ./Core/Src/bsp_lcd.o
LOAD ./Core/Src/bsp_rc522.o
LOAD ./Core/Src/gpio.o
LOAD ./Core/Src/i2c.o
LOAD ./Core/Src/main.o
LOAD ./Core/Src/rc522.o
LOAD ./Core/Src/spi.o
LOAD ./Core/Src/stm32f1xx_hal_msp.o
LOAD ./Core/Src/stm32f1xx_it.o
LOAD ./Core/Src/syscalls.o
LOAD ./Core/Src/sysmem.o
LOAD ./Core/Src/system_stm32f1xx.o
LOAD ./Core/Src/tim.o
LOAD ./Core/Startup/startup_stm32f103c8tx.o
LOAD ./Core/app/app.o
LOAD ./Core/app/bsp.o
LOAD ./Drivers/STM32F1xx_HAL_Driver/Src/stm32f1xx_hal.o
LOAD ./Drivers/STM32F1xx_HAL_Driver/Src/stm32f1xx_hal_cortex.o
LOAD ./Drivers/STM32F1xx_HAL_Driver/Src/stm32f1xx_hal_dma.o
LOAD ./Drivers/STM32F1xx_HAL_Driver/Src/stm32f1xx_hal_exti.o
LOAD ./Drivers/STM32F1xx_HAL_Driver/Src/stm32f1xx_hal_flash.o
LOAD ./Drivers/STM32F1xx_HAL_Driver/Src/stm32f1xx_hal_flash_ex.o
LOAD ./Drivers/STM32F1xx_HAL_Driver/Src/stm32f1xx_hal_gpio.o
LOAD ./Drivers/STM32F1xx_HAL_Driver/Src/stm32f1xx_hal_gpio_ex.o
LOAD ./Drivers/STM32F1xx_HAL_Driver/Src/stm32f1xx_hal_i2c.o
LOAD ./Drivers/STM32F1xx_HAL_Driver/Src/stm32f1xx_hal_pwr.o
LOAD ./Drivers/STM32F1xx_HAL_Driver/Src/stm32f1xx_hal_rcc.o
LOAD ./Drivers/STM32F1xx_HAL_Driver/Src/stm32f1xx_hal_rcc_ex.o
LOAD ./Drivers/STM32F1xx_HAL_Driver/Src/stm32f1xx_hal_spi.o
LOAD ./Drivers/STM32F1xx_HAL_Driver/Src/stm32f1xx_hal_tim.o
LOAD ./Drivers/STM32F1xx_HAL_Driver/Src/stm32f1xx_hal_tim_ex.o
LOAD ./ExtSrc/Util.o
LOAD ./ExtSrc/bsp_rf.o
LOAD ./ExtSrc/nrf24.o
START GROUP
LOAD C:/ST/STM32CubeIDE_1.16.0/STM32CubeIDE/plugins/com.st.stm32cube.ide.mcu.externaltools.gnu-tools-for-stm32.12.3.rel1.win32_1.0.200.202406191623/tools/bin/../lib/gcc/arm-none-eabi/12.3.1/../../../../arm-none-eabi/lib/thumb/v7-m/nofp\libstdc++_nano.a
LOAD C:/ST/STM32CubeIDE_1.16.0/STM32CubeIDE/plugins/com.st.stm32cube.ide.mcu.externaltools.gnu-tools-for-stm32.12.3.rel1.win32_1.0.200.202406191623/tools/bin/../lib/gcc/arm-none-eabi/12.3.1/../../../../arm-none-eabi/lib/thumb/v7-m/nofp\libsupc++_nano.a
END GROUP
LOAD C:/ST/STM32CubeIDE_1.16.0/STM32CubeIDE/plugins/com.st.stm32cube.ide.mcu.externaltools.gnu-tools-for-stm32.12.3.rel1.win32_1.0.200.202406191623/tools/bin/../lib/gcc/arm-none-eabi/12.3.1/../../../../arm-none-eabi/lib/thumb/v7-m/nofp\libstdc++_nano.a
LOAD C:/ST/STM32CubeIDE_1.16.0/STM32CubeIDE/plugins/com.st.stm32cube.ide.mcu.externaltools.gnu-tools-for-stm32.12.3.rel1.win32_1.0.200.202406191623/tools/bin/../lib/gcc/arm-none-eabi/12.3.1/../../../../arm-none-eabi/lib/thumb/v7-m/nofp\libm.a
LOAD C:/ST/STM32CubeIDE_1.16.0/STM32CubeIDE/plugins/com.st.stm32cube.ide.mcu.externaltools.gnu-tools-for-stm32.12.3.rel1.win32_1.0.200.202406191623/tools/bin/../lib/gcc/arm-none-eabi/12.3.1/../../../../arm-none-eabi/lib/thumb/v7-m/nofp\libc_nano.a
START GROUP
LOAD C:/ST/STM32CubeIDE_1.16.0/STM32CubeIDE/plugins/com.st.stm32cube.ide.mcu.externaltools.gnu-tools-for-stm32.12.3.rel1.win32_1.0.200.202406191623/tools/bin/../lib/gcc/arm-none-eabi/12.3.1/thumb/v7-m/nofp\libgcc.a
LOAD C:/ST/STM32CubeIDE_1.16.0/STM32CubeIDE/plugins/com.st.stm32cube.ide.mcu.externaltools.gnu-tools-for-stm32.12.3.rel1.win32_1.0.200.202406191623/tools/bin/../lib/gcc/arm-none-eabi/12.3.1/../../../../arm-none-eabi/lib/thumb/v7-m/nofp\libc_nano.a
END GROUP
START GROUP
LOAD C:/ST/STM32CubeIDE_1.16.0/STM32CubeIDE/plugins/com.st.stm32cube.ide.mcu.externaltools.gnu-tools-for-stm32.12.3.rel1.win32_1.0.200.202406191623/tools/bin/../lib/gcc/arm-none-eabi/12.3.1/thumb/v7-m/nofp\libgcc.a
LOAD C:/ST/STM32CubeIDE_1.16.0/STM32CubeIDE/plugins/com.st.stm32cube.ide.mcu.externaltools.gnu-tools-for-stm32.12.3.rel1.win32_1.0.200.202406191623/tools/bin/../lib/gcc/arm-none-eabi/12.3.1/../../../../arm-none-eabi/lib/thumb/v7-m/nofp\libc_nano.a
LOAD C:/ST/STM32CubeIDE_1.16.0/STM32CubeIDE/plugins/com.st.stm32cube.ide.mcu.externaltools.gnu-tools-for-stm32.12.3.rel1.win32_1.0.200.202406191623/tools/bin/../lib/gcc/arm-none-eabi/12.3.1/../../../../arm-none-eabi/lib/thumb/v7-m/nofp\libnosys.a
END GROUP
START GROUP
LOAD C:/ST/STM32CubeIDE_1.16.0/STM32CubeIDE/plugins/com.st.stm32cube.ide.mcu.externaltools.gnu-tools-for-stm32.12.3.rel1.win32_1.0.200.202406191623/tools/bin/../lib/gcc/arm-none-eabi/12.3.1/thumb/v7-m/nofp\libgcc.a
LOAD C:/ST/STM32CubeIDE_1.16.0/STM32CubeIDE/plugins/com.st.stm32cube.ide.mcu.externaltools.gnu-tools-for-stm32.12.3.rel1.win32_1.0.200.202406191623/tools/bin/../lib/gcc/arm-none-eabi/12.3.1/../../../../arm-none-eabi/lib/thumb/v7-m/nofp\libc_nano.a
LOAD C:/ST/STM32CubeIDE_1.16.0/STM32CubeIDE/plugins/com.st.stm32cube.ide.mcu.externaltools.gnu-tools-for-stm32.12.3.rel1.win32_1.0.200.202406191623/tools/bin/../lib/gcc/arm-none-eabi/12.3.1/../../../../arm-none-eabi/lib/thumb/v7-m/nofp\libnosys.a
END GROUP
LOAD C:/ST/STM32CubeIDE_1.16.0/STM32CubeIDE/plugins/com.st.stm32cube.ide.mcu.externaltools.gnu-tools-for-stm32.12.3.rel1.win32_1.0.200.202406191623/tools/bin/../lib/gcc/arm-none-eabi/12.3.1/thumb/v7-m/nofp/crtend.o
LOAD C:/ST/STM32CubeIDE_1.16.0/STM32CubeIDE/plugins/com.st.stm32cube.ide.mcu.externaltools.gnu-tools-for-stm32.12.3.rel1.win32_1.0.200.202406191623/tools/bin/../lib/gcc/arm-none-eabi/12.3.1/thumb/v7-m/nofp/crtn.o
                0x20005000                        _estack = (ORIGIN (RAM) + LENGTH (RAM))
                0x00000200                        _Min_Heap_Size = 0x200
                0x00000400                        _Min_Stack_Size = 0x400

.isr_vector     0x08000000      0x10c
                0x08000000                        . = ALIGN (0x4)
 *(.isr_vector)
 .isr_vector    0x08000000      0x10c ./Core/Startup/startup_stm32f103c8tx.o
                0x08000000                g_pfnVectors
                0x0800010c                        . = ALIGN (0x4)

.text           0x0800010c     0x5fc0
                0x0800010c                        . = ALIGN (0x4)
 *(.text)
 .text          0x0800010c       0x40 C:/ST/STM32CubeIDE_1.16.0/STM32CubeIDE/plugins/com.st.stm32cube.ide.mcu.externaltools.gnu-tools-for-stm32.12.3.rel1.win32_1.0.200.202406191623/tools/bin/../lib/gcc/arm-none-eabi/12.3.1/thumb/v7-m/nofp/crtbegin.o
 *(.text*)
 .text.I2C_LCD_ExpanderWrite
                0x0800014c       0x68 ./Core/ECUAL/I2C_LCD/I2C_LCD.o
 .text.I2C_LCD_EnPulse
                0x080001b4       0xb8 ./Core/ECUAL/I2C_LCD/I2C_LCD.o
 .text.I2C_LCD_Write4Bits
                0x0800026c       0x30 ./Core/ECUAL/I2C_LCD/I2C_LCD.o
 .text.I2C_LCD_Send
                0x0800029c       0x4c ./Core/ECUAL/I2C_LCD/I2C_LCD.o
 .text.I2C_LCD_Cmd
                0x080002e8       0x24 ./Core/ECUAL/I2C_LCD/I2C_LCD.o
 .text.I2C_LCD_Data
                0x0800030c       0x24 ./Core/ECUAL/I2C_LCD/I2C_LCD.o
 .text.I2C_LCD_Init
                0x08000330      0x164 ./Core/ECUAL/I2C_LCD/I2C_LCD.o
                0x08000330                I2C_LCD_Init
 .text.I2C_LCD_Clear
                0x08000494       0x78 ./Core/ECUAL/I2C_LCD/I2C_LCD.o
                0x08000494                I2C_LCD_Clear
 .text.I2C_LCD_SetCursor
                0x0800050c       0x84 ./Core/ECUAL/I2C_LCD/I2C_LCD.o
                0x0800050c                I2C_LCD_SetCursor
 .text.I2C_LCD_WriteChar
                0x08000590       0x24 ./Core/ECUAL/I2C_LCD/I2C_LCD.o
                0x08000590                I2C_LCD_WriteChar
 .text.I2C_LCD_WriteString
                0x080005b4       0x32 ./Core/ECUAL/I2C_LCD/I2C_LCD.o
                0x080005b4                I2C_LCD_WriteString
 .text.I2C_LCD_CreateCustomChar
                0x080005e6       0x5e ./Core/ECUAL/I2C_LCD/I2C_LCD.o
                0x080005e6                I2C_LCD_CreateCustomChar
 .text.I2C_LCD_PrintCustomChar
                0x08000644       0x24 ./Core/ECUAL/I2C_LCD/I2C_LCD.o
                0x08000644                I2C_LCD_PrintCustomChar
 .text.HAL_TIM_IC_CaptureCallback
                0x08000668       0x70 ./Core/Src/bsp_encoder.o
                0x08000668                HAL_TIM_IC_CaptureCallback
 .text.BSP_ENCODER_Init
                0x080006d8       0x14 ./Core/Src/bsp_encoder.o
                0x080006d8                BSP_ENCODER_Init
 .text.BSP_HCSR501_Init
                0x080006ec       0x18 ./Core/Src/bsp_hcsr501.o
                0x080006ec                BSP_HCSR501_Init
 .text.BSP_HCSR501_Read
                0x08000704       0x28 ./Core/Src/bsp_hcsr501.o
                0x08000704                BSP_HCSR501_Read
 .text.BSP_HCSR501_Ready
                0x0800072c       0x14 ./Core/Src/bsp_hcsr501.o
                0x0800072c                BSP_HCSR501_Ready
 .text.Initializing
                0x08000740       0x48 ./Core/Src/bsp_lcd.o
                0x08000740                Initializing
 .text.BSP_LCD_Init
                0x08000788       0x2c ./Core/Src/bsp_lcd.o
                0x08000788                BSP_LCD_Init
 .text.BSP_LCD_Clear
                0x080007b4        0xe ./Core/Src/bsp_lcd.o
                0x080007b4                BSP_LCD_Clear
 .text.BSP_LCD_SetCursor
                0x080007c2       0x24 ./Core/Src/bsp_lcd.o
                0x080007c2                BSP_LCD_SetCursor
 .text.BSP_LCD_SendMessage
                0x080007e6       0x44 ./Core/Src/bsp_lcd.o
                0x080007e6                BSP_LCD_SendMessage
 *fill*         0x0800082a        0x2 
 .text.BSP_LCD_ADD_STATUS
                0x0800082c       0x40 ./Core/Src/bsp_lcd.o
                0x0800082c                BSP_LCD_ADD_STATUS
 .text.BSP_LCD_UPDATE_STATUS
                0x0800086c       0x28 ./Core/Src/bsp_lcd.o
                0x0800086c                BSP_LCD_UPDATE_STATUS
 .text.BSP_LCD_DISPLAY_STATUS
                0x08000894       0x80 ./Core/Src/bsp_lcd.o
                0x08000894                BSP_LCD_DISPLAY_STATUS
 .text.BSP_RC522_Init
                0x08000914        0xc ./Core/Src/bsp_rc522.o
                0x08000914                BSP_RC522_Init
 .text.BSP_RC522_GetSerialNumber
                0x08000920       0x44 ./Core/Src/bsp_rc522.o
                0x08000920                BSP_RC522_GetSerialNumber
 .text.MX_GPIO_Init
                0x08000964      0x1c4 ./Core/Src/gpio.o
                0x08000964                MX_GPIO_Init
 .text.MX_I2C1_Init
                0x08000b28       0x5c ./Core/Src/i2c.o
                0x08000b28                MX_I2C1_Init
 .text.HAL_I2C_MspInit
                0x08000b84       0x7c ./Core/Src/i2c.o
                0x08000b84                HAL_I2C_MspInit
 .text.__NVIC_ClearPendingIRQ
                0x08000c00       0x3c ./Core/Src/main.o
 .text.RetFalse
                0x08000c3c        0xe ./Core/Src/main.o
                0x08000c3c                RetFalse
 *fill*         0x08000c4a        0x2 
 .text.main     0x08000c4c       0xa4 ./Core/Src/main.o
                0x08000c4c                main
 .text.SystemClock_Config
                0x08000cf0       0x8a ./Core/Src/main.o
                0x08000cf0                SystemClock_Config
 *fill*         0x08000d7a        0x2 
 .text.received_message
                0x08000d7c       0x34 ./Core/Src/main.o
                0x08000d7c                received_message
 .text.HAL_GPIO_EXTI_Callback
                0x08000db0       0xa8 ./Core/Src/main.o
                0x08000db0                HAL_GPIO_EXTI_Callback
 .text.HAL_TIM_PeriodElapsedCallback
                0x08000e58      0x198 ./Core/Src/main.o
                0x08000e58                HAL_TIM_PeriodElapsedCallback
 .text.Error_Handler
                0x08000ff0        0xc ./Core/Src/main.o
                0x08000ff0                Error_Handler
 .text.RC522_SPI_Transfer
                0x08000ffc       0x2c ./Core/Src/rc522.o
                0x08000ffc                RC522_SPI_Transfer
 .text.Write_MFRC522
                0x08001028       0x4c ./Core/Src/rc522.o
                0x08001028                Write_MFRC522
 .text.Read_MFRC522
                0x08001074       0x50 ./Core/Src/rc522.o
                0x08001074                Read_MFRC522
 .text.SetBitMask
                0x080010c4       0x36 ./Core/Src/rc522.o
                0x080010c4                SetBitMask
 .text.ClearBitMask
                0x080010fa       0x40 ./Core/Src/rc522.o
                0x080010fa                ClearBitMask
 .text.AntennaOn
                0x0800113a       0x16 ./Core/Src/rc522.o
                0x0800113a                AntennaOn
 .text.MFRC522_Reset
                0x08001150       0x10 ./Core/Src/rc522.o
                0x08001150                MFRC522_Reset
 .text.MFRC522_Init
                0x08001160       0x5c ./Core/Src/rc522.o
                0x08001160                MFRC522_Init
 .text.MFRC522_ToCard
                0x080011bc      0x192 ./Core/Src/rc522.o
                0x080011bc                MFRC522_ToCard
 .text.MFRC522_Request
                0x0800134e       0x4a ./Core/Src/rc522.o
                0x0800134e                MFRC522_Request
 .text.MFRC522_Anticoll
                0x08001398       0x7a ./Core/Src/rc522.o
                0x08001398                MFRC522_Anticoll
 *fill*         0x08001412        0x2 
 .text.MX_SPI1_Init
                0x08001414       0x6c ./Core/Src/spi.o
                0x08001414                MX_SPI1_Init
 .text.MX_SPI2_Init
                0x08001480       0x6c ./Core/Src/spi.o
                0x08001480                MX_SPI2_Init
 .text.HAL_SPI_MspInit
                0x080014ec      0x10c ./Core/Src/spi.o
                0x080014ec                HAL_SPI_MspInit
 .text.HAL_MspInit
                0x080015f8       0x64 ./Core/Src/stm32f1xx_hal_msp.o
                0x080015f8                HAL_MspInit
 .text.NMI_Handler
                0x0800165c        0x8 ./Core/Src/stm32f1xx_it.o
                0x0800165c                NMI_Handler
 .text.HardFault_Handler
                0x08001664        0x8 ./Core/Src/stm32f1xx_it.o
                0x08001664                HardFault_Handler
 .text.MemManage_Handler
                0x0800166c        0x8 ./Core/Src/stm32f1xx_it.o
                0x0800166c                MemManage_Handler
 .text.BusFault_Handler
                0x08001674        0x8 ./Core/Src/stm32f1xx_it.o
                0x08001674                BusFault_Handler
 .text.UsageFault_Handler
                0x0800167c        0x8 ./Core/Src/stm32f1xx_it.o
                0x0800167c                UsageFault_Handler
 .text.SVC_Handler
                0x08001684        0xc ./Core/Src/stm32f1xx_it.o
                0x08001684                SVC_Handler
 .text.DebugMon_Handler
                0x08001690        0xc ./Core/Src/stm32f1xx_it.o
                0x08001690                DebugMon_Handler
 .text.PendSV_Handler
                0x0800169c        0xc ./Core/Src/stm32f1xx_it.o
                0x0800169c                PendSV_Handler
 .text.SysTick_Handler
                0x080016a8        0xc ./Core/Src/stm32f1xx_it.o
                0x080016a8                SysTick_Handler
 .text.EXTI2_IRQHandler
                0x080016b4        0xe ./Core/Src/stm32f1xx_it.o
                0x080016b4                EXTI2_IRQHandler
 .text.EXTI9_5_IRQHandler
                0x080016c2       0x10 ./Core/Src/stm32f1xx_it.o
                0x080016c2                EXTI9_5_IRQHandler
 *fill*         0x080016d2        0x2 
 .text.TIM2_IRQHandler
                0x080016d4       0x14 ./Core/Src/stm32f1xx_it.o
                0x080016d4                TIM2_IRQHandler
 .text.TIM3_IRQHandler
                0x080016e8       0x14 ./Core/Src/stm32f1xx_it.o
                0x080016e8                TIM3_IRQHandler
 .text.TIM4_IRQHandler
                0x080016fc       0x14 ./Core/Src/stm32f1xx_it.o
                0x080016fc                TIM4_IRQHandler
 .text.EXTI15_10_IRQHandler
                0x08001710       0x10 ./Core/Src/stm32f1xx_it.o
                0x08001710                EXTI15_10_IRQHandler
 .text._sbrk    0x08001720       0x6c ./Core/Src/sysmem.o
                0x08001720                _sbrk
 .text.SystemInit
                0x0800178c        0xc ./Core/Src/system_stm32f1xx.o
                0x0800178c                SystemInit
 .text.MX_TIM2_Init
                0x08001798       0xa8 ./Core/Src/tim.o
                0x08001798                MX_TIM2_Init
 .text.MX_TIM3_Init
                0x08001840       0xac ./Core/Src/tim.o
                0x08001840                MX_TIM3_Init
 .text.MX_TIM4_Init
                0x080018ec       0x9c ./Core/Src/tim.o
                0x080018ec                MX_TIM4_Init
 .text.HAL_TIM_Encoder_MspInit
                0x08001988       0x88 ./Core/Src/tim.o
                0x08001988                HAL_TIM_Encoder_MspInit
 .text.HAL_TIM_Base_MspInit
                0x08001a10       0x84 ./Core/Src/tim.o
                0x08001a10                HAL_TIM_Base_MspInit
 .text.Reset_Handler
                0x08001a94       0x48 ./Core/Startup/startup_stm32f103c8tx.o
                0x08001a94                Reset_Handler
 .text.Default_Handler
                0x08001adc        0x2 ./Core/Startup/startup_stm32f103c8tx.o
                0x08001adc                RTC_Alarm_IRQHandler
                0x08001adc                TIM1_CC_IRQHandler
                0x08001adc                PVD_IRQHandler
                0x08001adc                EXTI3_IRQHandler
                0x08001adc                EXTI0_IRQHandler
                0x08001adc                I2C2_EV_IRQHandler
                0x08001adc                ADC1_2_IRQHandler
                0x08001adc                SPI1_IRQHandler
                0x08001adc                TAMPER_IRQHandler
                0x08001adc                DMA1_Channel4_IRQHandler
                0x08001adc                USART3_IRQHandler
                0x08001adc                RTC_IRQHandler
                0x08001adc                DMA1_Channel7_IRQHandler
                0x08001adc                CAN1_RX1_IRQHandler
                0x08001adc                I2C1_EV_IRQHandler
                0x08001adc                DMA1_Channel6_IRQHandler
                0x08001adc                RCC_IRQHandler
                0x08001adc                TIM1_TRG_COM_IRQHandler
                0x08001adc                DMA1_Channel1_IRQHandler
                0x08001adc                Default_Handler
                0x08001adc                SPI2_IRQHandler
                0x08001adc                DMA1_Channel5_IRQHandler
                0x08001adc                EXTI4_IRQHandler
                0x08001adc                USB_LP_CAN1_RX0_IRQHandler
                0x08001adc                USB_HP_CAN1_TX_IRQHandler
                0x08001adc                DMA1_Channel3_IRQHandler
                0x08001adc                TIM1_UP_IRQHandler
                0x08001adc                WWDG_IRQHandler
                0x08001adc                TIM1_BRK_IRQHandler
                0x08001adc                EXTI1_IRQHandler
                0x08001adc                USART2_IRQHandler
                0x08001adc                I2C2_ER_IRQHandler
                0x08001adc                DMA1_Channel2_IRQHandler
                0x08001adc                CAN1_SCE_IRQHandler
                0x08001adc                FLASH_IRQHandler
                0x08001adc                USART1_IRQHandler
                0x08001adc                I2C1_ER_IRQHandler
                0x08001adc                USBWakeUp_IRQHandler
 *fill*         0x08001ade        0x2 
 .text.app_init
                0x08001ae0       0x3c ./Core/app/app.o
                0x08001ae0                app_init
 .text.app      0x08001b1c      0x160 ./Core/app/app.o
                0x08001b1c                app
 .text.APP_MESSAGE_RECEIVED
                0x08001c7c       0x1c ./Core/app/app.o
                0x08001c7c                APP_MESSAGE_RECEIVED
 .text.APP_SEND_MESSAGE
                0x08001c98       0x20 ./Core/app/app.o
                0x08001c98                APP_SEND_MESSAGE
 .text.APP_SET_MESSAGE_TO_SEND
                0x08001cb8       0x24 ./Core/app/app.o
                0x08001cb8                APP_SET_MESSAGE_TO_SEND
 .text.APP_SEND_COMMAND_TO_WORK_STATION
                0x08001cdc       0x52 ./Core/app/app.o
                0x08001cdc                APP_SEND_COMMAND_TO_WORK_STATION
 *fill*         0x08001d2e        0x2 
 .text.APP_SETFLAG
                0x08001d30       0x64 ./Core/app/app.o
                0x08001d30                APP_SETFLAG
 .text.APP_GET_USER_BY_SERIAL_NUMBER
                0x08001d94       0x5c ./Core/app/app.o
                0x08001d94                APP_GET_USER_BY_SERIAL_NUMBER
 .text.APP_GET_USER_BY_WORKSTATION
                0x08001df0       0x5c ./Core/app/app.o
                0x08001df0                APP_GET_USER_BY_WORKSTATION
 .text.APP_UPDATE_WORKSTATION
                0x08001e4c       0xd0 ./Core/app/app.o
                0x08001e4c                APP_UPDATE_WORKSTATION
 .text.GET_APP_DATA
                0x08001f1c       0x14 ./Core/app/app.o
                0x08001f1c                GET_APP_DATA
 .text.BSP_StartCardCooldown
                0x08001f30       0x18 ./Core/app/bsp.o
                0x08001f30                BSP_StartCardCooldown
 .text.BSP_Countdown
                0x08001f48       0x1c ./Core/app/bsp.o
                0x08001f48                BSP_Countdown
 .text.BSP_GetCounter
                0x08001f64       0x14 ./Core/app/bsp.o
                0x08001f64                BSP_GetCounter
 .text.HAL_Init
                0x08001f78       0x2c ./Drivers/STM32F1xx_HAL_Driver/Src/stm32f1xx_hal.o
                0x08001f78                HAL_Init
 .text.HAL_InitTick
                0x08001fa4       0x60 ./Drivers/STM32F1xx_HAL_Driver/Src/stm32f1xx_hal.o
                0x08001fa4                HAL_InitTick
 .text.HAL_IncTick
                0x08002004       0x24 ./Drivers/STM32F1xx_HAL_Driver/Src/stm32f1xx_hal.o
                0x08002004                HAL_IncTick
 .text.HAL_GetTick
                0x08002028       0x14 ./Drivers/STM32F1xx_HAL_Driver/Src/stm32f1xx_hal.o
                0x08002028                HAL_GetTick
 .text.__NVIC_SetPriorityGrouping
                0x0800203c       0x48 ./Drivers/STM32F1xx_HAL_Driver/Src/stm32f1xx_hal_cortex.o
 .text.__NVIC_GetPriorityGrouping
                0x08002084       0x1c ./Drivers/STM32F1xx_HAL_Driver/Src/stm32f1xx_hal_cortex.o
 .text.__NVIC_EnableIRQ
                0x080020a0       0x38 ./Drivers/STM32F1xx_HAL_Driver/Src/stm32f1xx_hal_cortex.o
 .text.__NVIC_SetPriority
                0x080020d8       0x54 ./Drivers/STM32F1xx_HAL_Driver/Src/stm32f1xx_hal_cortex.o
 .text.NVIC_EncodePriority
                0x0800212c       0x64 ./Drivers/STM32F1xx_HAL_Driver/Src/stm32f1xx_hal_cortex.o
 .text.SysTick_Config
                0x08002190       0x44 ./Drivers/STM32F1xx_HAL_Driver/Src/stm32f1xx_hal_cortex.o
 .text.HAL_NVIC_SetPriorityGrouping
                0x080021d4       0x16 ./Drivers/STM32F1xx_HAL_Driver/Src/stm32f1xx_hal_cortex.o
                0x080021d4                HAL_NVIC_SetPriorityGrouping
 .text.HAL_NVIC_SetPriority
                0x080021ea       0x38 ./Drivers/STM32F1xx_HAL_Driver/Src/stm32f1xx_hal_cortex.o
                0x080021ea                HAL_NVIC_SetPriority
 .text.HAL_NVIC_EnableIRQ
                0x08002222       0x1c ./Drivers/STM32F1xx_HAL_Driver/Src/stm32f1xx_hal_cortex.o
                0x08002222                HAL_NVIC_EnableIRQ
 .text.HAL_SYSTICK_Config
                0x0800223e       0x18 ./Drivers/STM32F1xx_HAL_Driver/Src/stm32f1xx_hal_cortex.o
                0x0800223e                HAL_SYSTICK_Config
 *fill*         0x08002256        0x2 
 .text.HAL_GPIO_Init
                0x08002258      0x308 ./Drivers/STM32F1xx_HAL_Driver/Src/stm32f1xx_hal_gpio.o
                0x08002258                HAL_GPIO_Init
 .text.HAL_GPIO_ReadPin
                0x08002560       0x2e ./Drivers/STM32F1xx_HAL_Driver/Src/stm32f1xx_hal_gpio.o
                0x08002560                HAL_GPIO_ReadPin
 .text.HAL_GPIO_WritePin
                0x0800258e       0x30 ./Drivers/STM32F1xx_HAL_Driver/Src/stm32f1xx_hal_gpio.o
                0x0800258e                HAL_GPIO_WritePin
 .text.HAL_GPIO_TogglePin
                0x080025be       0x32 ./Drivers/STM32F1xx_HAL_Driver/Src/stm32f1xx_hal_gpio.o
                0x080025be                HAL_GPIO_TogglePin
 .text.HAL_GPIO_EXTI_IRQHandler
                0x080025f0       0x30 ./Drivers/STM32F1xx_HAL_Driver/Src/stm32f1xx_hal_gpio.o
                0x080025f0                HAL_GPIO_EXTI_IRQHandler
 .text.HAL_I2C_Init
                0x08002620      0x288 ./Drivers/STM32F1xx_HAL_Driver/Src/stm32f1xx_hal_i2c.o
                0x08002620                HAL_I2C_Init
 .text.HAL_I2C_Master_Transmit
                0x080028a8      0x1fc ./Drivers/STM32F1xx_HAL_Driver/Src/stm32f1xx_hal_i2c.o
                0x080028a8                HAL_I2C_Master_Transmit
 .text.I2C_MasterRequestWrite
                0x08002aa4      0x104 ./Drivers/STM32F1xx_HAL_Driver/Src/stm32f1xx_hal_i2c.o
 .text.I2C_WaitOnFlagUntilTimeout
                0x08002ba8       0xf4 ./Drivers/STM32F1xx_HAL_Driver/Src/stm32f1xx_hal_i2c.o
 .text.I2C_WaitOnMasterAddressFlagUntilTimeout
                0x08002c9c      0x140 ./Drivers/STM32F1xx_HAL_Driver/Src/stm32f1xx_hal_i2c.o
 .text.I2C_WaitOnTXEFlagUntilTimeout
                0x08002ddc       0x90 ./Drivers/STM32F1xx_HAL_Driver/Src/stm32f1xx_hal_i2c.o
 .text.I2C_WaitOnBTFFlagUntilTimeout
                0x08002e6c       0x90 ./Drivers/STM32F1xx_HAL_Driver/Src/stm32f1xx_hal_i2c.o
 .text.I2C_IsAcknowledgeFailed
                0x08002efc       0x5c ./Drivers/STM32F1xx_HAL_Driver/Src/stm32f1xx_hal_i2c.o
 .text.HAL_RCC_OscConfig
                0x08002f58      0x504 ./Drivers/STM32F1xx_HAL_Driver/Src/stm32f1xx_hal_rcc.o
                0x08002f58                HAL_RCC_OscConfig
 .text.HAL_RCC_ClockConfig
                0x0800345c      0x1d4 ./Drivers/STM32F1xx_HAL_Driver/Src/stm32f1xx_hal_rcc.o
                0x0800345c                HAL_RCC_ClockConfig
 .text.HAL_RCC_GetSysClockFreq
                0x08003630       0xa8 ./Drivers/STM32F1xx_HAL_Driver/Src/stm32f1xx_hal_rcc.o
                0x08003630                HAL_RCC_GetSysClockFreq
 .text.HAL_RCC_GetHCLKFreq
                0x080036d8       0x14 ./Drivers/STM32F1xx_HAL_Driver/Src/stm32f1xx_hal_rcc.o
                0x080036d8                HAL_RCC_GetHCLKFreq
 .text.HAL_RCC_GetPCLK1Freq
                0x080036ec       0x28 ./Drivers/STM32F1xx_HAL_Driver/Src/stm32f1xx_hal_rcc.o
                0x080036ec                HAL_RCC_GetPCLK1Freq
 .text.RCC_Delay
                0x08003714       0x3c ./Drivers/STM32F1xx_HAL_Driver/Src/stm32f1xx_hal_rcc.o
 .text.HAL_SPI_Init
                0x08003750      0x108 ./Drivers/STM32F1xx_HAL_Driver/Src/stm32f1xx_hal_spi.o
                0x08003750                HAL_SPI_Init
 .text.HAL_SPI_Transmit
                0x08003858      0x288 ./Drivers/STM32F1xx_HAL_Driver/Src/stm32f1xx_hal_spi.o
                0x08003858                HAL_SPI_Transmit
 .text.HAL_SPI_Receive
                0x08003ae0      0x232 ./Drivers/STM32F1xx_HAL_Driver/Src/stm32f1xx_hal_spi.o
                0x08003ae0                HAL_SPI_Receive
 .text.HAL_SPI_TransmitReceive
                0x08003d12      0x352 ./Drivers/STM32F1xx_HAL_Driver/Src/stm32f1xx_hal_spi.o
                0x08003d12                HAL_SPI_TransmitReceive
 .text.SPI_WaitFlagStateUntilTimeout
                0x08004064      0x110 ./Drivers/STM32F1xx_HAL_Driver/Src/stm32f1xx_hal_spi.o
 .text.SPI_EndRxTransaction
                0x08004174       0xa4 ./Drivers/STM32F1xx_HAL_Driver/Src/stm32f1xx_hal_spi.o
 .text.SPI_EndRxTxTransaction
                0x08004218       0x62 ./Drivers/STM32F1xx_HAL_Driver/Src/stm32f1xx_hal_spi.o
 .text.HAL_TIM_Base_Init
                0x0800427a       0x9e ./Drivers/STM32F1xx_HAL_Driver/Src/stm32f1xx_hal_tim.o
                0x0800427a                HAL_TIM_Base_Init
 .text.HAL_TIM_Base_Start_IT
                0x08004318       0xa4 ./Drivers/STM32F1xx_HAL_Driver/Src/stm32f1xx_hal_tim.o
                0x08004318                HAL_TIM_Base_Start_IT
 .text.HAL_TIM_Base_Stop_IT
                0x080043bc       0x5c ./Drivers/STM32F1xx_HAL_Driver/Src/stm32f1xx_hal_tim.o
                0x080043bc                HAL_TIM_Base_Stop_IT
 .text.HAL_TIM_Encoder_Init
                0x08004418      0x144 ./Drivers/STM32F1xx_HAL_Driver/Src/stm32f1xx_hal_tim.o
                0x08004418                HAL_TIM_Encoder_Init
 .text.HAL_TIM_Encoder_Start_IT
                0x0800455c      0x15c ./Drivers/STM32F1xx_HAL_Driver/Src/stm32f1xx_hal_tim.o
                0x0800455c                HAL_TIM_Encoder_Start_IT
 .text.HAL_TIM_IRQHandler
                0x080046b8      0x1e0 ./Drivers/STM32F1xx_HAL_Driver/Src/stm32f1xx_hal_tim.o
                0x080046b8                HAL_TIM_IRQHandler
 .text.HAL_TIM_ConfigClockSource
                0x08004898      0x18e ./Drivers/STM32F1xx_HAL_Driver/Src/stm32f1xx_hal_tim.o
                0x08004898                HAL_TIM_ConfigClockSource
 .text.HAL_TIM_OC_DelayElapsedCallback
                0x08004a26       0x12 ./Drivers/STM32F1xx_HAL_Driver/Src/stm32f1xx_hal_tim.o
                0x08004a26                HAL_TIM_OC_DelayElapsedCallback
 .text.HAL_TIM_PWM_PulseFinishedCallback
                0x08004a38       0x12 ./Drivers/STM32F1xx_HAL_Driver/Src/stm32f1xx_hal_tim.o
                0x08004a38                HAL_TIM_PWM_PulseFinishedCallback
 .text.HAL_TIM_TriggerCallback
                0x08004a4a       0x12 ./Drivers/STM32F1xx_HAL_Driver/Src/stm32f1xx_hal_tim.o
                0x08004a4a                HAL_TIM_TriggerCallback
 .text.TIM_Base_SetConfig
                0x08004a5c       0xdc ./Drivers/STM32F1xx_HAL_Driver/Src/stm32f1xx_hal_tim.o
                0x08004a5c                TIM_Base_SetConfig
 .text.TIM_TI1_ConfigInputStage
                0x08004b38       0x5c ./Drivers/STM32F1xx_HAL_Driver/Src/stm32f1xx_hal_tim.o
 .text.TIM_TI2_ConfigInputStage
                0x08004b94       0x5e ./Drivers/STM32F1xx_HAL_Driver/Src/stm32f1xx_hal_tim.o
 .text.TIM_ITRx_SetConfig
                0x08004bf2       0x34 ./Drivers/STM32F1xx_HAL_Driver/Src/stm32f1xx_hal_tim.o
 .text.TIM_ETR_SetConfig
                0x08004c26       0x3e ./Drivers/STM32F1xx_HAL_Driver/Src/stm32f1xx_hal_tim.o
                0x08004c26                TIM_ETR_SetConfig
 .text.TIM_CCxChannelCmd
                0x08004c64       0x48 ./Drivers/STM32F1xx_HAL_Driver/Src/stm32f1xx_hal_tim.o
                0x08004c64                TIM_CCxChannelCmd
 .text.HAL_TIMEx_MasterConfigSynchronization
                0x08004cac       0xbc ./Drivers/STM32F1xx_HAL_Driver/Src/stm32f1xx_hal_tim_ex.o
                0x08004cac                HAL_TIMEx_MasterConfigSynchronization
 .text.HAL_TIMEx_CommutCallback
                0x08004d68       0x12 ./Drivers/STM32F1xx_HAL_Driver/Src/stm32f1xx_hal_tim_ex.o
                0x08004d68                HAL_TIMEx_CommutCallback
 .text.HAL_TIMEx_BreakCallback
                0x08004d7a       0x12 ./Drivers/STM32F1xx_HAL_Driver/Src/stm32f1xx_hal_tim_ex.o
                0x08004d7a                HAL_TIMEx_BreakCallback
 .text.BSP_RF_Init
                0x08004d8c       0x40 ./ExtSrc/bsp_rf.o
                0x08004d8c                BSP_RF_Init
 .text.BSP_RF_Sending
                0x08004dcc       0x30 ./ExtSrc/bsp_rf.o
                0x08004dcc                BSP_RF_Sending
 .text.BSP_RF_SendMessage
                0x08004dfc       0x60 ./ExtSrc/bsp_rf.o
                0x08004dfc                BSP_RF_SendMessage
 .text.BSP_RF_Listening
                0x08004e5c       0x30 ./ExtSrc/bsp_rf.o
                0x08004e5c                BSP_RF_Listening
 .text._BSP_RF_ReceiveMessage
                0x08004e8c       0x18 ./ExtSrc/bsp_rf.o
                0x08004e8c                _BSP_RF_ReceiveMessage
 .text.BSP_RF_IrqHandler
                0x08004ea4       0x52 ./ExtSrc/bsp_rf.o
                0x08004ea4                BSP_RF_IrqHandler
 *fill*         0x08004ef6        0x2 
 .text.BSP_RF_ReadData
                0x08004ef8       0x24 ./ExtSrc/bsp_rf.o
                0x08004ef8                BSP_RF_ReadData
 .text.cs_high  0x08004f1c       0x18 ./ExtSrc/nrf24.o
 .text.cs_low   0x08004f34       0x18 ./ExtSrc/nrf24.o
 .text.ce_high  0x08004f4c       0x18 ./ExtSrc/nrf24.o
 .text.ce_low   0x08004f64       0x18 ./ExtSrc/nrf24.o
 .text.read_register
                0x08004f7c       0x4c ./ExtSrc/nrf24.o
 .text.write_register
                0x08004fc8       0x5c ./ExtSrc/nrf24.o
 .text.nrf24l01p_rx_init
                0x08005024       0x60 ./ExtSrc/nrf24.o
                0x08005024                nrf24l01p_rx_init
 .text.nrf24l01p_tx_init
                0x08005084       0x5c ./ExtSrc/nrf24.o
                0x08005084                nrf24l01p_tx_init
 .text.nrf24l01p_rx_receive
                0x080050e0       0x28 ./ExtSrc/nrf24.o
                0x080050e0                nrf24l01p_rx_receive
 .text.nrf24l01p_tx_transmit
                0x08005108       0x16 ./ExtSrc/nrf24.o
                0x08005108                nrf24l01p_tx_transmit
 *fill*         0x0800511e        0x2 
 .text.nrf24l01p_init
                0x08005120       0x9c ./ExtSrc/nrf24.o
                0x08005120                nrf24l01p_init
 .text.nrf24l01p_standby
                0x080051bc       0x60 ./ExtSrc/nrf24.o
                0x080051bc                nrf24l01p_standby
 .text.nrf24l01p_reset
                0x0800521c       0xa8 ./ExtSrc/nrf24.o
                0x0800521c                nrf24l01p_reset
 .text.nrf24l01p_prx_mode
                0x080052c4       0x2a ./ExtSrc/nrf24.o
                0x080052c4                nrf24l01p_prx_mode
 .text.nrf24l01p_ptx_mode
                0x080052ee       0x2a ./ExtSrc/nrf24.o
                0x080052ee                nrf24l01p_ptx_mode
 .text.nrf24l01p_read_rx_fifo
                0x08005318       0x48 ./ExtSrc/nrf24.o
                0x08005318                nrf24l01p_read_rx_fifo
 .text.nrf24l01p_write_tx_fifo
                0x08005360       0x48 ./ExtSrc/nrf24.o
                0x08005360                nrf24l01p_write_tx_fifo
 .text.nrf24l01p_flush_rx_fifo
                0x080053a8       0x30 ./ExtSrc/nrf24.o
                0x080053a8                nrf24l01p_flush_rx_fifo
 .text.nrf24l01p_flush_tx_fifo
                0x080053d8       0x30 ./ExtSrc/nrf24.o
                0x080053d8                nrf24l01p_flush_tx_fifo
 .text.nrf24l01p_get_status
                0x08005408       0x34 ./ExtSrc/nrf24.o
                0x08005408                nrf24l01p_get_status
 .text.nrf24l01p_rx_set_payload_widths
                0x0800543c       0x1c ./ExtSrc/nrf24.o
                0x0800543c                nrf24l01p_rx_set_payload_widths
 .text.nrf24l01p_clear_rx_dr
                0x08005458       0x28 ./ExtSrc/nrf24.o
                0x08005458                nrf24l01p_clear_rx_dr
 .text.nrf24l01p_clear_tx_ds
                0x08005480       0x28 ./ExtSrc/nrf24.o
                0x08005480                nrf24l01p_clear_tx_ds
 .text.nrf24l01p_clear_max_rt
                0x080054a8       0x28 ./ExtSrc/nrf24.o
                0x080054a8                nrf24l01p_clear_max_rt
 .text.nrf24l01p_power_up
                0x080054d0       0x2a ./ExtSrc/nrf24.o
                0x080054d0                nrf24l01p_power_up
 .text.nrf24l01p_set_crc_length
                0x080054fa       0x46 ./ExtSrc/nrf24.o
                0x080054fa                nrf24l01p_set_crc_length
 .text.nrf24l01p_set_address_widths
                0x08005540       0x20 ./ExtSrc/nrf24.o
                0x08005540                nrf24l01p_set_address_widths
 .text.nrf24l01p_auto_retransmit_count
                0x08005560       0x36 ./ExtSrc/nrf24.o
                0x08005560                nrf24l01p_auto_retransmit_count
 *fill*         0x08005596        0x2 
 .text.nrf24l01p_auto_retransmit_delay
                0x08005598       0x50 ./ExtSrc/nrf24.o
                0x08005598                nrf24l01p_auto_retransmit_delay
 .text.nrf24l01p_set_rf_channel
                0x080055e8       0x26 ./ExtSrc/nrf24.o
                0x080055e8                nrf24l01p_set_rf_channel
 .text.nrf24l01p_set_rf_tx_output_power
                0x0800560e       0x3a ./ExtSrc/nrf24.o
                0x0800560e                nrf24l01p_set_rf_tx_output_power
 .text.nrf24l01p_set_rf_air_data_rate
                0x08005648       0x52 ./ExtSrc/nrf24.o
                0x08005648                nrf24l01p_set_rf_air_data_rate
 .text.__itoa   0x0800569a       0x30 C:/ST/STM32CubeIDE_1.16.0/STM32CubeIDE/plugins/com.st.stm32cube.ide.mcu.externaltools.gnu-tools-for-stm32.12.3.rel1.win32_1.0.200.202406191623/tools/bin/../lib/gcc/arm-none-eabi/12.3.1/../../../../arm-none-eabi/lib/thumb/v7-m/nofp\libc_nano.a(libc_a-itoa.o)
                0x0800569a                __itoa
 .text.itoa     0x080056ca        0x4 C:/ST/STM32CubeIDE_1.16.0/STM32CubeIDE/plugins/com.st.stm32cube.ide.mcu.externaltools.gnu-tools-for-stm32.12.3.rel1.win32_1.0.200.202406191623/tools/bin/../lib/gcc/arm-none-eabi/12.3.1/../../../../arm-none-eabi/lib/thumb/v7-m/nofp\libc_nano.a(libc_a-itoa.o)
                0x080056ca                itoa
 *fill*         0x080056ce        0x2 
 .text.__utoa   0x080056d0       0x84 C:/ST/STM32CubeIDE_1.16.0/STM32CubeIDE/plugins/com.st.stm32cube.ide.mcu.externaltools.gnu-tools-for-stm32.12.3.rel1.win32_1.0.200.202406191623/tools/bin/../lib/gcc/arm-none-eabi/12.3.1/../../../../arm-none-eabi/lib/thumb/v7-m/nofp\libc_nano.a(libc_a-utoa.o)
                0x080056d0                __utoa
 .text.sprintf  0x08005754       0x40 C:/ST/STM32CubeIDE_1.16.0/STM32CubeIDE/plugins/com.st.stm32cube.ide.mcu.externaltools.gnu-tools-for-stm32.12.3.rel1.win32_1.0.200.202406191623/tools/bin/../lib/gcc/arm-none-eabi/12.3.1/../../../../arm-none-eabi/lib/thumb/v7-m/nofp\libc_nano.a(libc_a-sprintf.o)
                0x08005754                siprintf
                0x08005754                sprintf
 .text.memset   0x08005794       0x10 C:/ST/STM32CubeIDE_1.16.0/STM32CubeIDE/plugins/com.st.stm32cube.ide.mcu.externaltools.gnu-tools-for-stm32.12.3.rel1.win32_1.0.200.202406191623/tools/bin/../lib/gcc/arm-none-eabi/12.3.1/../../../../arm-none-eabi/lib/thumb/v7-m/nofp\libc_nano.a(libc_a-memset.o)
                0x08005794                memset
 .text.__errno  0x080057a4        0xc C:/ST/STM32CubeIDE_1.16.0/STM32CubeIDE/plugins/com.st.stm32cube.ide.mcu.externaltools.gnu-tools-for-stm32.12.3.rel1.win32_1.0.200.202406191623/tools/bin/../lib/gcc/arm-none-eabi/12.3.1/../../../../arm-none-eabi/lib/thumb/v7-m/nofp\libc_nano.a(libc_a-errno.o)
                0x080057a4                __errno
 .text.__libc_init_array
                0x080057b0       0x48 C:/ST/STM32CubeIDE_1.16.0/STM32CubeIDE/plugins/com.st.stm32cube.ide.mcu.externaltools.gnu-tools-for-stm32.12.3.rel1.win32_1.0.200.202406191623/tools/bin/../lib/gcc/arm-none-eabi/12.3.1/../../../../arm-none-eabi/lib/thumb/v7-m/nofp\libc_nano.a(libc_a-init.o)
                0x080057b0                __libc_init_array
 .text.__retarget_lock_acquire_recursive
                0x080057f8        0x2 C:/ST/STM32CubeIDE_1.16.0/STM32CubeIDE/plugins/com.st.stm32cube.ide.mcu.externaltools.gnu-tools-for-stm32.12.3.rel1.win32_1.0.200.202406191623/tools/bin/../lib/gcc/arm-none-eabi/12.3.1/../../../../arm-none-eabi/lib/thumb/v7-m/nofp\libc_nano.a(libc_a-lock.o)
                0x080057f8                __retarget_lock_acquire_recursive
 .text.__retarget_lock_release_recursive
                0x080057fa        0x2 C:/ST/STM32CubeIDE_1.16.0/STM32CubeIDE/plugins/com.st.stm32cube.ide.mcu.externaltools.gnu-tools-for-stm32.12.3.rel1.win32_1.0.200.202406191623/tools/bin/../lib/gcc/arm-none-eabi/12.3.1/../../../../arm-none-eabi/lib/thumb/v7-m/nofp\libc_nano.a(libc_a-lock.o)
                0x080057fa                __retarget_lock_release_recursive
 .text.memcpy   0x080057fc       0x1c C:/ST/STM32CubeIDE_1.16.0/STM32CubeIDE/plugins/com.st.stm32cube.ide.mcu.externaltools.gnu-tools-for-stm32.12.3.rel1.win32_1.0.200.202406191623/tools/bin/../lib/gcc/arm-none-eabi/12.3.1/../../../../arm-none-eabi/lib/thumb/v7-m/nofp\libc_nano.a(libc_a-memcpy-stub.o)
                0x080057fc                memcpy
 .text._free_r  0x08005818       0x90 C:/ST/STM32CubeIDE_1.16.0/STM32CubeIDE/plugins/com.st.stm32cube.ide.mcu.externaltools.gnu-tools-for-stm32.12.3.rel1.win32_1.0.200.202406191623/tools/bin/../lib/gcc/arm-none-eabi/12.3.1/../../../../arm-none-eabi/lib/thumb/v7-m/nofp\libc_nano.a(libc_a-freer.o)
                0x08005818                _free_r
 .text.sbrk_aligned
                0x080058a8       0x44 C:/ST/STM32CubeIDE_1.16.0/STM32CubeIDE/plugins/com.st.stm32cube.ide.mcu.externaltools.gnu-tools-for-stm32.12.3.rel1.win32_1.0.200.202406191623/tools/bin/../lib/gcc/arm-none-eabi/12.3.1/../../../../arm-none-eabi/lib/thumb/v7-m/nofp\libc_nano.a(libc_a-mallocr.o)
 .text._malloc_r
                0x080058ec      0x100 C:/ST/STM32CubeIDE_1.16.0/STM32CubeIDE/plugins/com.st.stm32cube.ide.mcu.externaltools.gnu-tools-for-stm32.12.3.rel1.win32_1.0.200.202406191623/tools/bin/../lib/gcc/arm-none-eabi/12.3.1/../../../../arm-none-eabi/lib/thumb/v7-m/nofp\libc_nano.a(libc_a-mallocr.o)
                0x080058ec                _malloc_r
 .text.__malloc_lock
                0x080059ec        0xc C:/ST/STM32CubeIDE_1.16.0/STM32CubeIDE/plugins/com.st.stm32cube.ide.mcu.externaltools.gnu-tools-for-stm32.12.3.rel1.win32_1.0.200.202406191623/tools/bin/../lib/gcc/arm-none-eabi/12.3.1/../../../../arm-none-eabi/lib/thumb/v7-m/nofp\libc_nano.a(libc_a-mlock.o)
                0x080059ec                __malloc_lock
 .text.__malloc_unlock
                0x080059f8        0xc C:/ST/STM32CubeIDE_1.16.0/STM32CubeIDE/plugins/com.st.stm32cube.ide.mcu.externaltools.gnu-tools-for-stm32.12.3.rel1.win32_1.0.200.202406191623/tools/bin/../lib/gcc/arm-none-eabi/12.3.1/../../../../arm-none-eabi/lib/thumb/v7-m/nofp\libc_nano.a(libc_a-mlock.o)
                0x080059f8                __malloc_unlock
 .text.__ssputs_r
                0x08005a04       0xb6 C:/ST/STM32CubeIDE_1.16.0/STM32CubeIDE/plugins/com.st.stm32cube.ide.mcu.externaltools.gnu-tools-for-stm32.12.3.rel1.win32_1.0.200.202406191623/tools/bin/../lib/gcc/arm-none-eabi/12.3.1/../../../../arm-none-eabi/lib/thumb/v7-m/nofp\libc_nano.a(libc_a-nano-svfprintf.o)
                0x08005a04                __ssputs_r
 *fill*         0x08005aba        0x2 
 .text._svfprintf_r
                0x08005abc      0x1f8 C:/ST/STM32CubeIDE_1.16.0/STM32CubeIDE/plugins/com.st.stm32cube.ide.mcu.externaltools.gnu-tools-for-stm32.12.3.rel1.win32_1.0.200.202406191623/tools/bin/../lib/gcc/arm-none-eabi/12.3.1/../../../../arm-none-eabi/lib/thumb/v7-m/nofp\libc_nano.a(libc_a-nano-svfprintf.o)
                0x08005abc                _svfiprintf_r
                0x08005abc                _svfprintf_r
 .text._printf_common
                0x08005cb4       0xe4 C:/ST/STM32CubeIDE_1.16.0/STM32CubeIDE/plugins/com.st.stm32cube.ide.mcu.externaltools.gnu-tools-for-stm32.12.3.rel1.win32_1.0.200.202406191623/tools/bin/../lib/gcc/arm-none-eabi/12.3.1/../../../../arm-none-eabi/lib/thumb/v7-m/nofp\libc_nano.a(libc_a-nano-vfprintf_i.o)
                0x08005cb4                _printf_common
 .text._printf_i
                0x08005d98      0x240 C:/ST/STM32CubeIDE_1.16.0/STM32CubeIDE/plugins/com.st.stm32cube.ide.mcu.externaltools.gnu-tools-for-stm32.12.3.rel1.win32_1.0.200.202406191623/tools/bin/../lib/gcc/arm-none-eabi/12.3.1/../../../../arm-none-eabi/lib/thumb/v7-m/nofp\libc_nano.a(libc_a-nano-vfprintf_i.o)
                0x08005d98                _printf_i
 .text.memmove  0x08005fd8       0x34 C:/ST/STM32CubeIDE_1.16.0/STM32CubeIDE/plugins/com.st.stm32cube.ide.mcu.externaltools.gnu-tools-for-stm32.12.3.rel1.win32_1.0.200.202406191623/tools/bin/../lib/gcc/arm-none-eabi/12.3.1/../../../../arm-none-eabi/lib/thumb/v7-m/nofp\libc_nano.a(libc_a-memmove.o)
                0x08005fd8                memmove
 .text._sbrk_r  0x0800600c       0x20 C:/ST/STM32CubeIDE_1.16.0/STM32CubeIDE/plugins/com.st.stm32cube.ide.mcu.externaltools.gnu-tools-for-stm32.12.3.rel1.win32_1.0.200.202406191623/tools/bin/../lib/gcc/arm-none-eabi/12.3.1/../../../../arm-none-eabi/lib/thumb/v7-m/nofp\libc_nano.a(libc_a-sbrkr.o)
                0x0800600c                _sbrk_r
 .text.memchr   0x0800602c       0x1c C:/ST/STM32CubeIDE_1.16.0/STM32CubeIDE/plugins/com.st.stm32cube.ide.mcu.externaltools.gnu-tools-for-stm32.12.3.rel1.win32_1.0.200.202406191623/tools/bin/../lib/gcc/arm-none-eabi/12.3.1/../../../../arm-none-eabi/lib/thumb/v7-m/nofp\libc_nano.a(libc_a-memchr-stub.o)
                0x0800602c                memchr
 .text._realloc_r
                0x08006048       0x5c C:/ST/STM32CubeIDE_1.16.0/STM32CubeIDE/plugins/com.st.stm32cube.ide.mcu.externaltools.gnu-tools-for-stm32.12.3.rel1.win32_1.0.200.202406191623/tools/bin/../lib/gcc/arm-none-eabi/12.3.1/../../../../arm-none-eabi/lib/thumb/v7-m/nofp\libc_nano.a(libc_a-reallocr.o)
                0x08006048                _realloc_r
 .text._malloc_usable_size_r
                0x080060a4       0x10 C:/ST/STM32CubeIDE_1.16.0/STM32CubeIDE/plugins/com.st.stm32cube.ide.mcu.externaltools.gnu-tools-for-stm32.12.3.rel1.win32_1.0.200.202406191623/tools/bin/../lib/gcc/arm-none-eabi/12.3.1/../../../../arm-none-eabi/lib/thumb/v7-m/nofp\libc_nano.a(libc_a-msizer.o)
                0x080060a4                _malloc_usable_size_r
 *(.glue_7)
 .glue_7        0x080060b4        0x0 linker stubs
 *(.glue_7t)
 .glue_7t       0x080060b4        0x0 linker stubs
 *(.eh_frame)
 .eh_frame      0x080060b4        0x0 C:/ST/STM32CubeIDE_1.16.0/STM32CubeIDE/plugins/com.st.stm32cube.ide.mcu.externaltools.gnu-tools-for-stm32.12.3.rel1.win32_1.0.200.202406191623/tools/bin/../lib/gcc/arm-none-eabi/12.3.1/thumb/v7-m/nofp/crtbegin.o
 *(.init)
 .init          0x080060b4        0x4 C:/ST/STM32CubeIDE_1.16.0/STM32CubeIDE/plugins/com.st.stm32cube.ide.mcu.externaltools.gnu-tools-for-stm32.12.3.rel1.win32_1.0.200.202406191623/tools/bin/../lib/gcc/arm-none-eabi/12.3.1/thumb/v7-m/nofp/crti.o
                0x080060b4                _init
 .init          0x080060b8        0x8 C:/ST/STM32CubeIDE_1.16.0/STM32CubeIDE/plugins/com.st.stm32cube.ide.mcu.externaltools.gnu-tools-for-stm32.12.3.rel1.win32_1.0.200.202406191623/tools/bin/../lib/gcc/arm-none-eabi/12.3.1/thumb/v7-m/nofp/crtn.o
 *(.fini)
 .fini          0x080060c0        0x4 C:/ST/STM32CubeIDE_1.16.0/STM32CubeIDE/plugins/com.st.stm32cube.ide.mcu.externaltools.gnu-tools-for-stm32.12.3.rel1.win32_1.0.200.202406191623/tools/bin/../lib/gcc/arm-none-eabi/12.3.1/thumb/v7-m/nofp/crti.o
                0x080060c0                _fini
 .fini          0x080060c4        0x8 C:/ST/STM32CubeIDE_1.16.0/STM32CubeIDE/plugins/com.st.stm32cube.ide.mcu.externaltools.gnu-tools-for-stm32.12.3.rel1.win32_1.0.200.202406191623/tools/bin/../lib/gcc/arm-none-eabi/12.3.1/thumb/v7-m/nofp/crtn.o
                0x080060cc                        . = ALIGN (0x4)
                0x080060cc                        _etext = .

.vfp11_veneer   0x080060cc        0x0
 .vfp11_veneer  0x080060cc        0x0 linker stubs

.v4_bx          0x080060cc        0x0
 .v4_bx         0x080060cc        0x0 linker stubs

.iplt           0x080060cc        0x0
 .iplt          0x080060cc        0x0 C:/ST/STM32CubeIDE_1.16.0/STM32CubeIDE/plugins/com.st.stm32cube.ide.mcu.externaltools.gnu-tools-for-stm32.12.3.rel1.win32_1.0.200.202406191623/tools/bin/../lib/gcc/arm-none-eabi/12.3.1/thumb/v7-m/nofp/crtbegin.o

.rodata         0x080060cc      0x10c
                0x080060cc                        . = ALIGN (0x4)
 *(.rodata)
 .rodata        0x080060cc       0x10 ./Core/ECUAL/I2C_LCD/I2C_LCD.o
 .rodata        0x080060dc        0xf ./Core/Src/bsp_lcd.o
 *fill*         0x080060eb        0x1 
 .rodata        0x080060ec       0x2a ./Core/Src/main.o
 *fill*         0x08006116        0x2 
 .rodata        0x08006118       0x2d ./Core/app/app.o
 *(.rodata*)
 *fill*         0x08006145        0x3 
 .rodata.I2C_LCD_CfgParam
                0x08006148        0xc ./Core/ECUAL/I2C_LCD/I2C_LCD_cfg.o
                0x08006148                I2C_LCD_CfgParam
 .rodata.AHBPrescTable
                0x08006154       0x10 ./Core/Src/system_stm32f1xx.o
                0x08006154                AHBPrescTable
 .rodata.APBPrescTable
                0x08006164        0x8 ./Core/Src/system_stm32f1xx.o
                0x08006164                APBPrescTable
 .rodata.aPLLMULFactorTable.1
                0x0800616c       0x10 ./Drivers/STM32F1xx_HAL_Driver/Src/stm32f1xx_hal_rcc.o
 .rodata.aPredivFactorTable.0
                0x0800617c        0x2 ./Drivers/STM32F1xx_HAL_Driver/Src/stm32f1xx_hal_rcc.o
 .rodata.__utoa.str1.1
                0x0800617e       0x25 C:/ST/STM32CubeIDE_1.16.0/STM32CubeIDE/plugins/com.st.stm32cube.ide.mcu.externaltools.gnu-tools-for-stm32.12.3.rel1.win32_1.0.200.202406191623/tools/bin/../lib/gcc/arm-none-eabi/12.3.1/../../../../arm-none-eabi/lib/thumb/v7-m/nofp\libc_nano.a(libc_a-utoa.o)
 .rodata._svfprintf_r.str1.1
                0x080061a3       0x11 C:/ST/STM32CubeIDE_1.16.0/STM32CubeIDE/plugins/com.st.stm32cube.ide.mcu.externaltools.gnu-tools-for-stm32.12.3.rel1.win32_1.0.200.202406191623/tools/bin/../lib/gcc/arm-none-eabi/12.3.1/../../../../arm-none-eabi/lib/thumb/v7-m/nofp\libc_nano.a(libc_a-nano-svfprintf.o)
 .rodata._printf_i.str1.1
                0x080061b4       0x22 C:/ST/STM32CubeIDE_1.16.0/STM32CubeIDE/plugins/com.st.stm32cube.ide.mcu.externaltools.gnu-tools-for-stm32.12.3.rel1.win32_1.0.200.202406191623/tools/bin/../lib/gcc/arm-none-eabi/12.3.1/../../../../arm-none-eabi/lib/thumb/v7-m/nofp\libc_nano.a(libc_a-nano-vfprintf_i.o)
                0x080061d8                        . = ALIGN (0x4)
 *fill*         0x080061d6        0x2 

.ARM.extab      0x080061d8        0x0
                0x080061d8                        . = ALIGN (0x4)
 *(.ARM.extab* .gnu.linkonce.armextab.*)
                0x080061d8                        . = ALIGN (0x4)

.ARM            0x080061d8        0x0
                0x080061d8                        . = ALIGN (0x4)
                0x080061d8                        __exidx_start = .
 *(.ARM.exidx*)
                0x080061d8                        __exidx_end = .
                0x080061d8                        . = ALIGN (0x4)

.preinit_array  0x080061d8        0x0
                0x080061d8                        . = ALIGN (0x4)
                0x080061d8                        PROVIDE (__preinit_array_start = .)
 *(.preinit_array*)
                0x080061d8                        PROVIDE (__preinit_array_end = .)
                0x080061d8                        . = ALIGN (0x4)

.init_array     0x080061d8        0x4
                0x080061d8                        . = ALIGN (0x4)
                0x080061d8                        PROVIDE (__init_array_start = .)
 *(SORT_BY_NAME(.init_array.*))
 *(.init_array*)
 .init_array    0x080061d8        0x4 C:/ST/STM32CubeIDE_1.16.0/STM32CubeIDE/plugins/com.st.stm32cube.ide.mcu.externaltools.gnu-tools-for-stm32.12.3.rel1.win32_1.0.200.202406191623/tools/bin/../lib/gcc/arm-none-eabi/12.3.1/thumb/v7-m/nofp/crtbegin.o
                0x080061dc                        PROVIDE (__init_array_end = .)
                0x080061dc                        . = ALIGN (0x4)

.fini_array     0x080061dc        0x4
                0x080061dc                        . = ALIGN (0x4)
                [!provide]                        PROVIDE (__fini_array_start = .)
 *(SORT_BY_NAME(.fini_array.*))
 *(.fini_array*)
 .fini_array    0x080061dc        0x4 C:/ST/STM32CubeIDE_1.16.0/STM32CubeIDE/plugins/com.st.stm32cube.ide.mcu.externaltools.gnu-tools-for-stm32.12.3.rel1.win32_1.0.200.202406191623/tools/bin/../lib/gcc/arm-none-eabi/12.3.1/thumb/v7-m/nofp/crtbegin.o
                [!provide]                        PROVIDE (__fini_array_end = .)
                0x080061e0                        . = ALIGN (0x4)
                0x080061e0                        _sidata = LOADADDR (.data)

.rel.dyn        0x080061e0        0x0
 .rel.iplt      0x080061e0        0x0 C:/ST/STM32CubeIDE_1.16.0/STM32CubeIDE/plugins/com.st.stm32cube.ide.mcu.externaltools.gnu-tools-for-stm32.12.3.rel1.win32_1.0.200.202406191623/tools/bin/../lib/gcc/arm-none-eabi/12.3.1/thumb/v7-m/nofp/crtbegin.o

.data           0x20000000       0xc8 load address 0x080061e0
                0x20000000                        . = ALIGN (0x4)
                0x20000000                        _sdata = .
 *(.data)
 *(.data*)
 .data.SystemCoreClock
                0x20000000        0x4 ./Core/Src/system_stm32f1xx.o
                0x20000000                SystemCoreClock
 .data.app_flags
                0x20000004        0x5 ./Core/app/app.o
 *fill*         0x20000009        0x3 
 .data.app_users
                0x2000000c       0x50 ./Core/app/app.o
 .data.rfidSymbol
                0x2000005c        0x8 ./Core/app/app.o
                0x2000005c                rfidSymbol
 .data.motionSymbol
                0x20000064        0x8 ./Core/app/app.o
                0x20000064                motionSymbol
 .data.sNum.3   0x2000006c        0x1 ./Core/app/app.o
 *fill*         0x2000006d        0x3 
 .data.uwTickPrio
                0x20000070        0x4 ./Drivers/STM32F1xx_HAL_Driver/Src/stm32f1xx_hal.o
                0x20000070                uwTickPrio
 .data.uwTickFreq
                0x20000074        0x1 ./Drivers/STM32F1xx_HAL_Driver/Src/stm32f1xx_hal.o
                0x20000074                uwTickFreq
 *fill*         0x20000075        0x3 
 .data._impure_ptr
                0x20000078        0x4 C:/ST/STM32CubeIDE_1.16.0/STM32CubeIDE/plugins/com.st.stm32cube.ide.mcu.externaltools.gnu-tools-for-stm32.12.3.rel1.win32_1.0.200.202406191623/tools/bin/../lib/gcc/arm-none-eabi/12.3.1/../../../../arm-none-eabi/lib/thumb/v7-m/nofp\libc_nano.a(libc_a-impure.o)
                0x20000078                _impure_ptr
 .data._impure_data
                0x2000007c       0x4c C:/ST/STM32CubeIDE_1.16.0/STM32CubeIDE/plugins/com.st.stm32cube.ide.mcu.externaltools.gnu-tools-for-stm32.12.3.rel1.win32_1.0.200.202406191623/tools/bin/../lib/gcc/arm-none-eabi/12.3.1/../../../../arm-none-eabi/lib/thumb/v7-m/nofp\libc_nano.a(libc_a-impure.o)
                0x2000007c                _impure_data
 *(.RamFunc)
 *(.RamFunc*)
                0x200000c8                        . = ALIGN (0x4)
                0x200000c8                        _edata = .

.igot.plt       0x200000c8        0x0 load address 0x080062a8
 .igot.plt      0x200000c8        0x0 C:/ST/STM32CubeIDE_1.16.0/STM32CubeIDE/plugins/com.st.stm32cube.ide.mcu.externaltools.gnu-tools-for-stm32.12.3.rel1.win32_1.0.200.202406191623/tools/bin/../lib/gcc/arm-none-eabi/12.3.1/thumb/v7-m/nofp/crtbegin.o
                0x200000c8                        . = ALIGN (0x4)

.bss            0x200000c8      0x3d4 load address 0x080062a8
                0x200000c8                        _sbss = .
                0x200000c8                        __bss_start__ = _sbss
 *(.bss)
 .bss           0x200000c8       0x1c C:/ST/STM32CubeIDE_1.16.0/STM32CubeIDE/plugins/com.st.stm32cube.ide.mcu.externaltools.gnu-tools-for-stm32.12.3.rel1.win32_1.0.200.202406191623/tools/bin/../lib/gcc/arm-none-eabi/12.3.1/thumb/v7-m/nofp/crtbegin.o
 *(.bss*)
 .bss.I2C_LCD_InfoParam_g
                0x200000e4        0x2 ./Core/ECUAL/I2C_LCD/I2C_LCD.o
 *fill*         0x200000e6        0x2 
 .bss.counter   0x200000e8        0x4 ./Core/Src/bsp_encoder.o
 .bss.previous_count
                0x200000ec        0x2 ./Core/Src/bsp_encoder.o
 .bss.bsp_count
                0x200000ee        0x2 ./Core/Src/bsp_encoder.o
 .bss.direction
                0x200000f0        0x2 ./Core/Src/bsp_encoder.o
 .bss.allow_readings
                0x200000f2        0x1 ./Core/Src/bsp_hcsr501.o
 *fill*         0x200000f3        0x1 
 .bss.status    0x200000f4        0x3 ./Core/Src/bsp_lcd.o
 *fill*         0x200000f7        0x1 
 .bss.status_index
                0x200000f8        0x4 ./Core/Src/bsp_lcd.o
 .bss.hi2c1     0x200000fc       0x54 ./Core/Src/i2c.o
                0x200000fc                hi2c1
 .bss.milliseconds
                0x20000150        0x2 ./Core/Src/main.o
 *fill*         0x20000152        0x2 
 .bss.last_interrupt_time.6
                0x20000154        0x4 ./Core/Src/main.o
 .bss.counter_button.5
                0x20000158        0x1 ./Core/Src/main.o
 *fill*         0x20000159        0x3 
 .bss.counter_test.4
                0x2000015c       0x10 ./Core/Src/main.o
 .bss.milliseconds2.3
                0x2000016c        0x2 ./Core/Src/main.o
 .bss.seconds.2
                0x2000016e        0x2 ./Core/Src/main.o
 .bss.minutes.1
                0x20000170        0x2 ./Core/Src/main.o
 .bss.triggered.0
                0x20000172        0x1 ./Core/Src/main.o
 *fill*         0x20000173        0x1 
 .bss.hspi1     0x20000174       0x58 ./Core/Src/spi.o
                0x20000174                hspi1
 .bss.hspi2     0x200001cc       0x58 ./Core/Src/spi.o
                0x200001cc                hspi2
 .bss.__sbrk_heap_end
                0x20000224        0x4 ./Core/Src/sysmem.o
 .bss.htim2     0x20000228       0x48 ./Core/Src/tim.o
                0x20000228                htim2
 .bss.htim3     0x20000270       0x48 ./Core/Src/tim.o
                0x20000270                htim3
 .bss.htim4     0x200002b8       0x48 ./Core/Src/tim.o
                0x200002b8                htim4
 .bss.app_data  0x20000300       0x18 ./Core/app/app.o
 .bss.rfidSymbol_idx
                0x20000318        0x1 ./Core/app/app.o
                0x20000318                rfidSymbol_idx
 .bss.motionSymbol_idx
                0x20000319        0x1 ./Core/app/app.o
                0x20000319                motionSymbol_idx
 .bss.current_time_inactive.2
                0x2000031a        0x2 ./Core/app/app.o
 .bss.puesto.1  0x2000031c       0x10 ./Core/app/app.o
 .bss.inactividad.0
                0x2000032c       0x10 ./Core/app/app.o
 .bss.cooldown_counter
                0x2000033c        0x4 ./Core/app/bsp.o
 .bss.uwTick    0x20000340        0x4 ./Drivers/STM32F1xx_HAL_Driver/Src/stm32f1xx_hal.o
                0x20000340                uwTick
 .bss.params    0x20000344        0x4 ./ExtSrc/bsp_rf.o
 .bss.mode      0x20000348        0x1 ./ExtSrc/bsp_rf.o
 *fill*         0x20000349        0x3 
 .bss.rx_data   0x2000034c        0x8 ./ExtSrc/bsp_rf.o
 .bss.__sf      0x20000354      0x138 C:/ST/STM32CubeIDE_1.16.0/STM32CubeIDE/plugins/com.st.stm32cube.ide.mcu.externaltools.gnu-tools-for-stm32.12.3.rel1.win32_1.0.200.202406191623/tools/bin/../lib/gcc/arm-none-eabi/12.3.1/../../../../arm-none-eabi/lib/thumb/v7-m/nofp\libc_nano.a(libc_a-findfp.o)
                0x20000354                __sf
 .bss.errno     0x2000048c        0x4 C:/ST/STM32CubeIDE_1.16.0/STM32CubeIDE/plugins/com.st.stm32cube.ide.mcu.externaltools.gnu-tools-for-stm32.12.3.rel1.win32_1.0.200.202406191623/tools/bin/../lib/gcc/arm-none-eabi/12.3.1/../../../../arm-none-eabi/lib/thumb/v7-m/nofp\libc_nano.a(libc_a-reent.o)
                0x2000048c                errno
 .bss.__lock___malloc_recursive_mutex
                0x20000490        0x1 C:/ST/STM32CubeIDE_1.16.0/STM32CubeIDE/plugins/com.st.stm32cube.ide.mcu.externaltools.gnu-tools-for-stm32.12.3.rel1.win32_1.0.200.202406191623/tools/bin/../lib/gcc/arm-none-eabi/12.3.1/../../../../arm-none-eabi/lib/thumb/v7-m/nofp\libc_nano.a(libc_a-lock.o)
                0x20000490                __lock___malloc_recursive_mutex
 *fill*         0x20000491        0x3 
 .bss.__malloc_sbrk_start
                0x20000494        0x4 C:/ST/STM32CubeIDE_1.16.0/STM32CubeIDE/plugins/com.st.stm32cube.ide.mcu.externaltools.gnu-tools-for-stm32.12.3.rel1.win32_1.0.200.202406191623/tools/bin/../lib/gcc/arm-none-eabi/12.3.1/../../../../arm-none-eabi/lib/thumb/v7-m/nofp\libc_nano.a(libc_a-mallocr.o)
                0x20000494                __malloc_sbrk_start
 .bss.__malloc_free_list
                0x20000498        0x4 C:/ST/STM32CubeIDE_1.16.0/STM32CubeIDE/plugins/com.st.stm32cube.ide.mcu.externaltools.gnu-tools-for-stm32.12.3.rel1.win32_1.0.200.202406191623/tools/bin/../lib/gcc/arm-none-eabi/12.3.1/../../../../arm-none-eabi/lib/thumb/v7-m/nofp\libc_nano.a(libc_a-mallocr.o)
                0x20000498                __malloc_free_list
 *(COMMON)
                0x2000049c                        . = ALIGN (0x4)
                0x2000049c                        _ebss = .
                0x2000049c                        __bss_end__ = _ebss

._user_heap_stack
                0x2000049c      0x604 load address 0x080062a8
                0x200004a0                        . = ALIGN (0x8)
 *fill*         0x2000049c        0x4 
                [!provide]                        PROVIDE (end = .)
                0x200004a0                        PROVIDE (_end = .)
                0x200006a0                        . = (. + _Min_Heap_Size)
 *fill*         0x200004a0      0x200 
                0x20000aa0                        . = (. + _Min_Stack_Size)
 *fill*         0x200006a0      0x400 
                0x20000aa0                        . = ALIGN (0x8)

/DISCARD/
 libc.a(*)
 libm.a(*)
 libgcc.a(*)

.ARM.attributes
                0x00000000       0x29
 *(.ARM.attributes)
 .ARM.attributes
                0x00000000       0x1d C:/ST/STM32CubeIDE_1.16.0/STM32CubeIDE/plugins/com.st.stm32cube.ide.mcu.externaltools.gnu-tools-for-stm32.12.3.rel1.win32_1.0.200.202406191623/tools/bin/../lib/gcc/arm-none-eabi/12.3.1/thumb/v7-m/nofp/crti.o
 .ARM.attributes
                0x0000001d       0x2d C:/ST/STM32CubeIDE_1.16.0/STM32CubeIDE/plugins/com.st.stm32cube.ide.mcu.externaltools.gnu-tools-for-stm32.12.3.rel1.win32_1.0.200.202406191623/tools/bin/../lib/gcc/arm-none-eabi/12.3.1/thumb/v7-m/nofp/crtbegin.o
 .ARM.attributes
                0x0000004a       0x2d ./Core/ECUAL/I2C_LCD/I2C_LCD.o
 .ARM.attributes
                0x00000077       0x2d ./Core/ECUAL/I2C_LCD/I2C_LCD_cfg.o
 .ARM.attributes
                0x000000a4       0x2d ./Core/Src/bsp_encoder.o
 .ARM.attributes
                0x000000d1       0x2d ./Core/Src/bsp_hcsr501.o
 .ARM.attributes
                0x000000fe       0x2d ./Core/Src/bsp_lcd.o
 .ARM.attributes
                0x0000012b       0x2d ./Core/Src/bsp_rc522.o
 .ARM.attributes
                0x00000158       0x2d ./Core/Src/gpio.o
 .ARM.attributes
                0x00000185       0x2d ./Core/Src/i2c.o
 .ARM.attributes
                0x000001b2       0x2d ./Core/Src/main.o
 .ARM.attributes
                0x000001df       0x2d ./Core/Src/rc522.o
 .ARM.attributes
                0x0000020c       0x2d ./Core/Src/spi.o
 .ARM.attributes
                0x00000239       0x2d ./Core/Src/stm32f1xx_hal_msp.o
 .ARM.attributes
                0x00000266       0x2d ./Core/Src/stm32f1xx_it.o
 .ARM.attributes
                0x00000293       0x2d ./Core/Src/sysmem.o
 .ARM.attributes
                0x000002c0       0x2d ./Core/Src/system_stm32f1xx.o
 .ARM.attributes
                0x000002ed       0x2d ./Core/Src/tim.o
 .ARM.attributes
                0x0000031a       0x21 ./Core/Startup/startup_stm32f103c8tx.o
 .ARM.attributes
                0x0000033b       0x2d ./Core/app/app.o
 .ARM.attributes
                0x00000368       0x2d ./Core/app/bsp.o
 .ARM.attributes
                0x00000395       0x2d ./Drivers/STM32F1xx_HAL_Driver/Src/stm32f1xx_hal.o
 .ARM.attributes
                0x000003c2       0x2d ./Drivers/STM32F1xx_HAL_Driver/Src/stm32f1xx_hal_cortex.o
 .ARM.attributes
                0x000003ef       0x2d ./Drivers/STM32F1xx_HAL_Driver/Src/stm32f1xx_hal_gpio.o
 .ARM.attributes
                0x0000041c       0x2d ./Drivers/STM32F1xx_HAL_Driver/Src/stm32f1xx_hal_i2c.o
 .ARM.attributes
                0x00000449       0x2d ./Drivers/STM32F1xx_HAL_Driver/Src/stm32f1xx_hal_rcc.o
 .ARM.attributes
                0x00000476       0x2d ./Drivers/STM32F1xx_HAL_Driver/Src/stm32f1xx_hal_spi.o
 .ARM.attributes
                0x000004a3       0x2d ./Drivers/STM32F1xx_HAL_Driver/Src/stm32f1xx_hal_tim.o
 .ARM.attributes
                0x000004d0       0x2d ./Drivers/STM32F1xx_HAL_Driver/Src/stm32f1xx_hal_tim_ex.o
 .ARM.attributes
                0x000004fd       0x2d ./ExtSrc/bsp_rf.o
 .ARM.attributes
                0x0000052a       0x2d ./ExtSrc/nrf24.o
 .ARM.attributes
                0x00000557       0x2d C:/ST/STM32CubeIDE_1.16.0/STM32CubeIDE/plugins/com.st.stm32cube.ide.mcu.externaltools.gnu-tools-for-stm32.12.3.rel1.win32_1.0.200.202406191623/tools/bin/../lib/gcc/arm-none-eabi/12.3.1/../../../../arm-none-eabi/lib/thumb/v7-m/nofp\libc_nano.a(libc_a-itoa.o)
 .ARM.attributes
                0x00000584       0x2d C:/ST/STM32CubeIDE_1.16.0/STM32CubeIDE/plugins/com.st.stm32cube.ide.mcu.externaltools.gnu-tools-for-stm32.12.3.rel1.win32_1.0.200.202406191623/tools/bin/../lib/gcc/arm-none-eabi/12.3.1/../../../../arm-none-eabi/lib/thumb/v7-m/nofp\libc_nano.a(libc_a-utoa.o)
 .ARM.attributes
                0x000005b1       0x2d C:/ST/STM32CubeIDE_1.16.0/STM32CubeIDE/plugins/com.st.stm32cube.ide.mcu.externaltools.gnu-tools-for-stm32.12.3.rel1.win32_1.0.200.202406191623/tools/bin/../lib/gcc/arm-none-eabi/12.3.1/../../../../arm-none-eabi/lib/thumb/v7-m/nofp\libc_nano.a(libc_a-findfp.o)
 .ARM.attributes
                0x000005de       0x2d C:/ST/STM32CubeIDE_1.16.0/STM32CubeIDE/plugins/com.st.stm32cube.ide.mcu.externaltools.gnu-tools-for-stm32.12.3.rel1.win32_1.0.200.202406191623/tools/bin/../lib/gcc/arm-none-eabi/12.3.1/../../../../arm-none-eabi/lib/thumb/v7-m/nofp\libc_nano.a(libc_a-sprintf.o)
 .ARM.attributes
                0x0000060b       0x2d C:/ST/STM32CubeIDE_1.16.0/STM32CubeIDE/plugins/com.st.stm32cube.ide.mcu.externaltools.gnu-tools-for-stm32.12.3.rel1.win32_1.0.200.202406191623/tools/bin/../lib/gcc/arm-none-eabi/12.3.1/../../../../arm-none-eabi/lib/thumb/v7-m/nofp\libc_nano.a(libc_a-memset.o)
 .ARM.attributes
                0x00000638       0x2d C:/ST/STM32CubeIDE_1.16.0/STM32CubeIDE/plugins/com.st.stm32cube.ide.mcu.externaltools.gnu-tools-for-stm32.12.3.rel1.win32_1.0.200.202406191623/tools/bin/../lib/gcc/arm-none-eabi/12.3.1/../../../../arm-none-eabi/lib/thumb/v7-m/nofp\libc_nano.a(libc_a-reent.o)
 .ARM.attributes
                0x00000665       0x2d C:/ST/STM32CubeIDE_1.16.0/STM32CubeIDE/plugins/com.st.stm32cube.ide.mcu.externaltools.gnu-tools-for-stm32.12.3.rel1.win32_1.0.200.202406191623/tools/bin/../lib/gcc/arm-none-eabi/12.3.1/../../../../arm-none-eabi/lib/thumb/v7-m/nofp\libc_nano.a(libc_a-impure.o)
 .ARM.attributes
                0x00000692       0x2d C:/ST/STM32CubeIDE_1.16.0/STM32CubeIDE/plugins/com.st.stm32cube.ide.mcu.externaltools.gnu-tools-for-stm32.12.3.rel1.win32_1.0.200.202406191623/tools/bin/../lib/gcc/arm-none-eabi/12.3.1/../../../../arm-none-eabi/lib/thumb/v7-m/nofp\libc_nano.a(libc_a-errno.o)
 .ARM.attributes
                0x000006bf       0x2d C:/ST/STM32CubeIDE_1.16.0/STM32CubeIDE/plugins/com.st.stm32cube.ide.mcu.externaltools.gnu-tools-for-stm32.12.3.rel1.win32_1.0.200.202406191623/tools/bin/../lib/gcc/arm-none-eabi/12.3.1/../../../../arm-none-eabi/lib/thumb/v7-m/nofp\libc_nano.a(libc_a-init.o)
 .ARM.attributes
                0x000006ec       0x2d C:/ST/STM32CubeIDE_1.16.0/STM32CubeIDE/plugins/com.st.stm32cube.ide.mcu.externaltools.gnu-tools-for-stm32.12.3.rel1.win32_1.0.200.202406191623/tools/bin/../lib/gcc/arm-none-eabi/12.3.1/../../../../arm-none-eabi/lib/thumb/v7-m/nofp\libc_nano.a(libc_a-lock.o)
 .ARM.attributes
                0x00000719       0x2d C:/ST/STM32CubeIDE_1.16.0/STM32CubeIDE/plugins/com.st.stm32cube.ide.mcu.externaltools.gnu-tools-for-stm32.12.3.rel1.win32_1.0.200.202406191623/tools/bin/../lib/gcc/arm-none-eabi/12.3.1/../../../../arm-none-eabi/lib/thumb/v7-m/nofp\libc_nano.a(libc_a-memcpy-stub.o)
 .ARM.attributes
                0x00000746       0x2d C:/ST/STM32CubeIDE_1.16.0/STM32CubeIDE/plugins/com.st.stm32cube.ide.mcu.externaltools.gnu-tools-for-stm32.12.3.rel1.win32_1.0.200.202406191623/tools/bin/../lib/gcc/arm-none-eabi/12.3.1/../../../../arm-none-eabi/lib/thumb/v7-m/nofp\libc_nano.a(libc_a-freer.o)
 .ARM.attributes
                0x00000773       0x2d C:/ST/STM32CubeIDE_1.16.0/STM32CubeIDE/plugins/com.st.stm32cube.ide.mcu.externaltools.gnu-tools-for-stm32.12.3.rel1.win32_1.0.200.202406191623/tools/bin/../lib/gcc/arm-none-eabi/12.3.1/../../../../arm-none-eabi/lib/thumb/v7-m/nofp\libc_nano.a(libc_a-mallocr.o)
 .ARM.attributes
                0x000007a0       0x2d C:/ST/STM32CubeIDE_1.16.0/STM32CubeIDE/plugins/com.st.stm32cube.ide.mcu.externaltools.gnu-tools-for-stm32.12.3.rel1.win32_1.0.200.202406191623/tools/bin/../lib/gcc/arm-none-eabi/12.3.1/../../../../arm-none-eabi/lib/thumb/v7-m/nofp\libc_nano.a(libc_a-mlock.o)
 .ARM.attributes
                0x000007cd       0x2d C:/ST/STM32CubeIDE_1.16.0/STM32CubeIDE/plugins/com.st.stm32cube.ide.mcu.externaltools.gnu-tools-for-stm32.12.3.rel1.win32_1.0.200.202406191623/tools/bin/../lib/gcc/arm-none-eabi/12.3.1/../../../../arm-none-eabi/lib/thumb/v7-m/nofp\libc_nano.a(libc_a-nano-svfprintf.o)
 .ARM.attributes
                0x000007fa       0x2d C:/ST/STM32CubeIDE_1.16.0/STM32CubeIDE/plugins/com.st.stm32cube.ide.mcu.externaltools.gnu-tools-for-stm32.12.3.rel1.win32_1.0.200.202406191623/tools/bin/../lib/gcc/arm-none-eabi/12.3.1/../../../../arm-none-eabi/lib/thumb/v7-m/nofp\libc_nano.a(libc_a-nano-vfprintf_i.o)
 .ARM.attributes
                0x00000827       0x2d C:/ST/STM32CubeIDE_1.16.0/STM32CubeIDE/plugins/com.st.stm32cube.ide.mcu.externaltools.gnu-tools-for-stm32.12.3.rel1.win32_1.0.200.202406191623/tools/bin/../lib/gcc/arm-none-eabi/12.3.1/../../../../arm-none-eabi/lib/thumb/v7-m/nofp\libc_nano.a(libc_a-memmove.o)
 .ARM.attributes
                0x00000854       0x2d C:/ST/STM32CubeIDE_1.16.0/STM32CubeIDE/plugins/com.st.stm32cube.ide.mcu.externaltools.gnu-tools-for-stm32.12.3.rel1.win32_1.0.200.202406191623/tools/bin/../lib/gcc/arm-none-eabi/12.3.1/../../../../arm-none-eabi/lib/thumb/v7-m/nofp\libc_nano.a(libc_a-sbrkr.o)
 .ARM.attributes
                0x00000881       0x2d C:/ST/STM32CubeIDE_1.16.0/STM32CubeIDE/plugins/com.st.stm32cube.ide.mcu.externaltools.gnu-tools-for-stm32.12.3.rel1.win32_1.0.200.202406191623/tools/bin/../lib/gcc/arm-none-eabi/12.3.1/../../../../arm-none-eabi/lib/thumb/v7-m/nofp\libc_nano.a(libc_a-memchr-stub.o)
 .ARM.attributes
                0x000008ae       0x2d C:/ST/STM32CubeIDE_1.16.0/STM32CubeIDE/plugins/com.st.stm32cube.ide.mcu.externaltools.gnu-tools-for-stm32.12.3.rel1.win32_1.0.200.202406191623/tools/bin/../lib/gcc/arm-none-eabi/12.3.1/../../../../arm-none-eabi/lib/thumb/v7-m/nofp\libc_nano.a(libc_a-reallocr.o)
 .ARM.attributes
                0x000008db       0x2d C:/ST/STM32CubeIDE_1.16.0/STM32CubeIDE/plugins/com.st.stm32cube.ide.mcu.externaltools.gnu-tools-for-stm32.12.3.rel1.win32_1.0.200.202406191623/tools/bin/../lib/gcc/arm-none-eabi/12.3.1/../../../../arm-none-eabi/lib/thumb/v7-m/nofp\libc_nano.a(libc_a-msizer.o)
 .ARM.attributes
                0x00000908       0x1d C:/ST/STM32CubeIDE_1.16.0/STM32CubeIDE/plugins/com.st.stm32cube.ide.mcu.externaltools.gnu-tools-for-stm32.12.3.rel1.win32_1.0.200.202406191623/tools/bin/../lib/gcc/arm-none-eabi/12.3.1/thumb/v7-m/nofp/crtn.o
OUTPUT(SSE-BluePill.elf elf32-littlearm)
LOAD linker stubs
LOAD C:/ST/STM32CubeIDE_1.16.0/STM32CubeIDE/plugins/com.st.stm32cube.ide.mcu.externaltools.gnu-tools-for-stm32.12.3.rel1.win32_1.0.200.202406191623/tools/bin/../lib/gcc/arm-none-eabi/12.3.1/../../../../arm-none-eabi/lib/thumb/v7-m/nofp\libc.a
LOAD C:/ST/STM32CubeIDE_1.16.0/STM32CubeIDE/plugins/com.st.stm32cube.ide.mcu.externaltools.gnu-tools-for-stm32.12.3.rel1.win32_1.0.200.202406191623/tools/bin/../lib/gcc/arm-none-eabi/12.3.1/../../../../arm-none-eabi/lib/thumb/v7-m/nofp\libm.a
LOAD C:/ST/STM32CubeIDE_1.16.0/STM32CubeIDE/plugins/com.st.stm32cube.ide.mcu.externaltools.gnu-tools-for-stm32.12.3.rel1.win32_1.0.200.202406191623/tools/bin/../lib/gcc/arm-none-eabi/12.3.1/thumb/v7-m/nofp\libgcc.a

.debug_info     0x00000000    0x11c1b
 .debug_info    0x00000000      0xd15 ./Core/ECUAL/I2C_LCD/I2C_LCD.o
 .debug_info    0x00000d15      0x605 ./Core/ECUAL/I2C_LCD/I2C_LCD_cfg.o
 .debug_info    0x0000131a      0x85c ./Core/Src/bsp_encoder.o
 .debug_info    0x00001b76      0x1fa ./Core/Src/bsp_hcsr501.o
 .debug_info    0x00001d70      0x38c ./Core/Src/bsp_lcd.o
 .debug_info    0x000020fc      0x178 ./Core/Src/bsp_rc522.o
 .debug_info    0x00002274      0x455 ./Core/Src/gpio.o
 .debug_info    0x000026c9      0x7ea ./Core/Src/i2c.o
 .debug_info    0x00002eb3     0x1107 ./Core/Src/main.o
 .debug_info    0x00003fba      0xbc4 ./Core/Src/rc522.o
 .debug_info    0x00004b7e      0x81d ./Core/Src/spi.o
 .debug_info    0x0000539b      0x1f8 ./Core/Src/stm32f1xx_hal_msp.o
 .debug_info    0x00005593      0x736 ./Core/Src/stm32f1xx_it.o
 .debug_info    0x00005cc9      0x168 ./Core/Src/sysmem.o
 .debug_info    0x00005e31      0x222 ./Core/Src/system_stm32f1xx.o
 .debug_info    0x00006053      0xcb7 ./Core/Src/tim.o
 .debug_info    0x00006d0a       0x30 ./Core/Startup/startup_stm32f103c8tx.o
 .debug_info    0x00006d3a      0x5b4 ./Core/app/app.o
 .debug_info    0x000072ee       0xdf ./Core/app/bsp.o
 .debug_info    0x000073cd      0x704 ./Drivers/STM32F1xx_HAL_Driver/Src/stm32f1xx_hal.o
 .debug_info    0x00007ad1      0xa87 ./Drivers/STM32F1xx_HAL_Driver/Src/stm32f1xx_hal_cortex.o
 .debug_info    0x00008558      0x5ab ./Drivers/STM32F1xx_HAL_Driver/Src/stm32f1xx_hal_gpio.o
 .debug_info    0x00008b03     0x2524 ./Drivers/STM32F1xx_HAL_Driver/Src/stm32f1xx_hal_i2c.o
 .debug_info    0x0000b027      0x7d5 ./Drivers/STM32F1xx_HAL_Driver/Src/stm32f1xx_hal_rcc.o
 .debug_info    0x0000b7fc     0x142d ./Drivers/STM32F1xx_HAL_Driver/Src/stm32f1xx_hal_spi.o
 .debug_info    0x0000cc29     0x2959 ./Drivers/STM32F1xx_HAL_Driver/Src/stm32f1xx_hal_tim.o
 .debug_info    0x0000f582     0x149b ./Drivers/STM32F1xx_HAL_Driver/Src/stm32f1xx_hal_tim_ex.o
 .debug_info    0x00010a1d      0x3a9 ./ExtSrc/bsp_rf.o
 .debug_info    0x00010dc6      0xe55 ./ExtSrc/nrf24.o

.debug_abbrev   0x00000000     0x36ce
 .debug_abbrev  0x00000000      0x1fa ./Core/ECUAL/I2C_LCD/I2C_LCD.o
 .debug_abbrev  0x000001fa      0x133 ./Core/ECUAL/I2C_LCD/I2C_LCD_cfg.o
 .debug_abbrev  0x0000032d      0x255 ./Core/Src/bsp_encoder.o
 .debug_abbrev  0x00000582      0x127 ./Core/Src/bsp_hcsr501.o
 .debug_abbrev  0x000006a9      0x1b0 ./Core/Src/bsp_lcd.o
 .debug_abbrev  0x00000859       0xfb ./Core/Src/bsp_rc522.o
 .debug_abbrev  0x00000954      0x161 ./Core/Src/gpio.o
 .debug_abbrev  0x00000ab5      0x1de ./Core/Src/i2c.o
 .debug_abbrev  0x00000c93      0x36e ./Core/Src/main.o
 .debug_abbrev  0x00001001      0x2a3 ./Core/Src/rc522.o
 .debug_abbrev  0x000012a4      0x1ec ./Core/Src/spi.o
 .debug_abbrev  0x00001490       0xdb ./Core/Src/stm32f1xx_hal_msp.o
 .debug_abbrev  0x0000156b      0x1c3 ./Core/Src/stm32f1xx_it.o
 .debug_abbrev  0x0000172e       0xbc ./Core/Src/sysmem.o
 .debug_abbrev  0x000017ea      0x13f ./Core/Src/system_stm32f1xx.o
 .debug_abbrev  0x00001929      0x245 ./Core/Src/tim.o
 .debug_abbrev  0x00001b6e       0x24 ./Core/Startup/startup_stm32f103c8tx.o
 .debug_abbrev  0x00001b92      0x229 ./Core/app/app.o
 .debug_abbrev  0x00001dbb       0x86 ./Core/app/bsp.o
 .debug_abbrev  0x00001e41      0x201 ./Drivers/STM32F1xx_HAL_Driver/Src/stm32f1xx_hal.o
 .debug_abbrev  0x00002042      0x2f8 ./Drivers/STM32F1xx_HAL_Driver/Src/stm32f1xx_hal_cortex.o
 .debug_abbrev  0x0000233a      0x1ca ./Drivers/STM32F1xx_HAL_Driver/Src/stm32f1xx_hal_gpio.o
 .debug_abbrev  0x00002504      0x2a3 ./Drivers/STM32F1xx_HAL_Driver/Src/stm32f1xx_hal_i2c.o
 .debug_abbrev  0x000027a7      0x2b3 ./Drivers/STM32F1xx_HAL_Driver/Src/stm32f1xx_hal_rcc.o
 .debug_abbrev  0x00002a5a      0x27a ./Drivers/STM32F1xx_HAL_Driver/Src/stm32f1xx_hal_spi.o
 .debug_abbrev  0x00002cd4      0x277 ./Drivers/STM32F1xx_HAL_Driver/Src/stm32f1xx_hal_tim.o
 .debug_abbrev  0x00002f4b      0x282 ./Drivers/STM32F1xx_HAL_Driver/Src/stm32f1xx_hal_tim_ex.o
 .debug_abbrev  0x000031cd      0x223 ./ExtSrc/bsp_rf.o
 .debug_abbrev  0x000033f0      0x2de ./ExtSrc/nrf24.o

.debug_aranges  0x00000000     0x1398
 .debug_aranges
                0x00000000       0xd8 ./Core/ECUAL/I2C_LCD/I2C_LCD.o
 .debug_aranges
                0x000000d8       0x18 ./Core/ECUAL/I2C_LCD/I2C_LCD_cfg.o
 .debug_aranges
                0x000000f0       0x50 ./Core/Src/bsp_encoder.o
 .debug_aranges
                0x00000140       0x38 ./Core/Src/bsp_hcsr501.o
 .debug_aranges
                0x00000178       0x58 ./Core/Src/bsp_lcd.o
 .debug_aranges
                0x000001d0       0x28 ./Core/Src/bsp_rc522.o
 .debug_aranges
                0x000001f8       0x20 ./Core/Src/gpio.o
 .debug_aranges
                0x00000218       0x30 ./Core/Src/i2c.o
 .debug_aranges
                0x00000248       0x60 ./Core/Src/main.o
 .debug_aranges
                0x000002a8       0xa8 ./Core/Src/rc522.o
 .debug_aranges
                0x00000350       0x38 ./Core/Src/spi.o
 .debug_aranges
                0x00000388       0x20 ./Core/Src/stm32f1xx_hal_msp.o
 .debug_aranges
                0x000003a8       0x90 ./Core/Src/stm32f1xx_it.o
 .debug_aranges
                0x00000438       0x20 ./Core/Src/sysmem.o
 .debug_aranges
                0x00000458       0x28 ./Core/Src/system_stm32f1xx.o
 .debug_aranges
                0x00000480       0x50 ./Core/Src/tim.o
 .debug_aranges
                0x000004d0       0x28 ./Core/Startup/startup_stm32f103c8tx.o
 .debug_aranges
                0x000004f8       0x70 ./Core/app/app.o
 .debug_aranges
                0x00000568       0x30 ./Core/app/bsp.o
 .debug_aranges
                0x00000598       0xe0 ./Drivers/STM32F1xx_HAL_Driver/Src/stm32f1xx_hal.o
 .debug_aranges
                0x00000678      0x100 ./Drivers/STM32F1xx_HAL_Driver/Src/stm32f1xx_hal_cortex.o
 .debug_aranges
                0x00000778       0x58 ./Drivers/STM32F1xx_HAL_Driver/Src/stm32f1xx_hal_gpio.o
 .debug_aranges
                0x000007d0      0x2a8 ./Drivers/STM32F1xx_HAL_Driver/Src/stm32f1xx_hal_i2c.o
 .debug_aranges
                0x00000a78       0x90 ./Drivers/STM32F1xx_HAL_Driver/Src/stm32f1xx_hal_rcc.o
 .debug_aranges
                0x00000b08      0x1d0 ./Drivers/STM32F1xx_HAL_Driver/Src/stm32f1xx_hal_spi.o
 .debug_aranges
                0x00000cd8      0x3d0 ./Drivers/STM32F1xx_HAL_Driver/Src/stm32f1xx_hal_tim.o
 .debug_aranges
                0x000010a8      0x168 ./Drivers/STM32F1xx_HAL_Driver/Src/stm32f1xx_hal_tim_ex.o
 .debug_aranges
                0x00001210       0x50 ./ExtSrc/bsp_rf.o
 .debug_aranges
                0x00001260      0x138 ./ExtSrc/nrf24.o

.debug_rnglists
                0x00000000      0xf08
 .debug_rnglists
                0x00000000       0xa0 ./Core/ECUAL/I2C_LCD/I2C_LCD.o
 .debug_rnglists
                0x000000a0       0x37 ./Core/Src/bsp_encoder.o
 .debug_rnglists
                0x000000d7       0x25 ./Core/Src/bsp_hcsr501.o
 .debug_rnglists
                0x000000fc       0x3e ./Core/Src/bsp_lcd.o
 .debug_rnglists
                0x0000013a       0x19 ./Core/Src/bsp_rc522.o
 .debug_rnglists
                0x00000153       0x14 ./Core/Src/gpio.o
 .debug_rnglists
                0x00000167       0x1f ./Core/Src/i2c.o
 .debug_rnglists
                0x00000186       0x53 ./Core/Src/main.o
 .debug_rnglists
                0x000001d9       0x7e ./Core/Src/rc522.o
 .debug_rnglists
                0x00000257       0x26 ./Core/Src/spi.o
 .debug_rnglists
                0x0000027d       0x13 ./Core/Src/stm32f1xx_hal_msp.o
 .debug_rnglists
                0x00000290       0x67 ./Core/Src/stm32f1xx_it.o
 .debug_rnglists
                0x000002f7       0x13 ./Core/Src/sysmem.o
 .debug_rnglists
                0x0000030a       0x1a ./Core/Src/system_stm32f1xx.o
 .debug_rnglists
                0x00000324       0x3c ./Core/Src/tim.o
 .debug_rnglists
                0x00000360       0x19 ./Core/Startup/startup_stm32f103c8tx.o
 .debug_rnglists
                0x00000379       0x60 ./Core/app/app.o
 .debug_rnglists
                0x000003d9       0x1f ./Core/app/bsp.o
 .debug_rnglists
                0x000003f8       0xa3 ./Drivers/STM32F1xx_HAL_Driver/Src/stm32f1xx_hal.o
 .debug_rnglists
                0x0000049b       0xbb ./Drivers/STM32F1xx_HAL_Driver/Src/stm32f1xx_hal_cortex.o
 .debug_rnglists
                0x00000556       0x3f ./Drivers/STM32F1xx_HAL_Driver/Src/stm32f1xx_hal_gpio.o
 .debug_rnglists
                0x00000595      0x23c ./Drivers/STM32F1xx_HAL_Driver/Src/stm32f1xx_hal_i2c.o
 .debug_rnglists
                0x000007d1       0x6c ./Drivers/STM32F1xx_HAL_Driver/Src/stm32f1xx_hal_rcc.o
 .debug_rnglists
                0x0000083d      0x16e ./Drivers/STM32F1xx_HAL_Driver/Src/stm32f1xx_hal_spi.o
 .debug_rnglists
                0x000009ab      0x31a ./Drivers/STM32F1xx_HAL_Driver/Src/stm32f1xx_hal_tim.o
 .debug_rnglists
                0x00000cc5      0x125 ./Drivers/STM32F1xx_HAL_Driver/Src/stm32f1xx_hal_tim_ex.o
 .debug_rnglists
                0x00000dea       0x37 ./ExtSrc/bsp_rf.o
 .debug_rnglists
                0x00000e21       0xe7 ./ExtSrc/nrf24.o

.debug_macro    0x00000000    0x1b1ec
 .debug_macro   0x00000000      0x426 ./Core/ECUAL/I2C_LCD/I2C_LCD.o
 .debug_macro   0x00000426      0xaa8 ./Core/ECUAL/I2C_LCD/I2C_LCD.o
 .debug_macro   0x00000ece       0x22 ./Core/ECUAL/I2C_LCD/I2C_LCD.o
 .debug_macro   0x00000ef0       0x8e ./Core/ECUAL/I2C_LCD/I2C_LCD.o
 .debug_macro   0x00000f7e       0x51 ./Core/ECUAL/I2C_LCD/I2C_LCD.o
 .debug_macro   0x00000fcf      0x103 ./Core/ECUAL/I2C_LCD/I2C_LCD.o
 .debug_macro   0x000010d2       0x6a ./Core/ECUAL/I2C_LCD/I2C_LCD.o
 .debug_macro   0x0000113c      0x1df ./Core/ECUAL/I2C_LCD/I2C_LCD.o
 .debug_macro   0x0000131b       0x10 ./Core/ECUAL/I2C_LCD/I2C_LCD.o
 .debug_macro   0x0000132b      0x221 ./Core/ECUAL/I2C_LCD/I2C_LCD.o
 .debug_macro   0x0000154c       0x2e ./Core/ECUAL/I2C_LCD/I2C_LCD.o
 .debug_macro   0x0000157a       0x22 ./Core/ECUAL/I2C_LCD/I2C_LCD.o
 .debug_macro   0x0000159c       0x1c ./Core/ECUAL/I2C_LCD/I2C_LCD.o
 .debug_macro   0x000015b8       0x22 ./Core/ECUAL/I2C_LCD/I2C_LCD.o
 .debug_macro   0x000015da       0xbd ./Core/ECUAL/I2C_LCD/I2C_LCD.o
 .debug_macro   0x00001697      0xd23 ./Core/ECUAL/I2C_LCD/I2C_LCD.o
 .debug_macro   0x000023ba     0xe09e ./Core/ECUAL/I2C_LCD/I2C_LCD.o
 .debug_macro   0x00010458       0x6d ./Core/ECUAL/I2C_LCD/I2C_LCD.o
 .debug_macro   0x000104c5     0x34a2 ./Core/ECUAL/I2C_LCD/I2C_LCD.o
 .debug_macro   0x00013967      0x189 ./Core/ECUAL/I2C_LCD/I2C_LCD.o
 .debug_macro   0x00013af0       0x5c ./Core/ECUAL/I2C_LCD/I2C_LCD.o
 .debug_macro   0x00013b4c      0x5bc ./Core/ECUAL/I2C_LCD/I2C_LCD.o
 .debug_macro   0x00014108      0x289 ./Core/ECUAL/I2C_LCD/I2C_LCD.o
 .debug_macro   0x00014391      0x1cb ./Core/ECUAL/I2C_LCD/I2C_LCD.o
 .debug_macro   0x0001455c      0x114 ./Core/ECUAL/I2C_LCD/I2C_LCD.o
 .debug_macro   0x00014670      0x1b2 ./Core/ECUAL/I2C_LCD/I2C_LCD.o
 .debug_macro   0x00014822       0x27 ./Core/ECUAL/I2C_LCD/I2C_LCD.o
 .debug_macro   0x00014849      0x136 ./Core/ECUAL/I2C_LCD/I2C_LCD.o
 .debug_macro   0x0001497f      0x1bc ./Core/ECUAL/I2C_LCD/I2C_LCD.o
 .debug_macro   0x00014b3b       0x34 ./Core/ECUAL/I2C_LCD/I2C_LCD.o
 .debug_macro   0x00014b6f       0x3c ./Core/ECUAL/I2C_LCD/I2C_LCD.o
 .debug_macro   0x00014bab       0x57 ./Core/ECUAL/I2C_LCD/I2C_LCD.o
 .debug_macro   0x00014c02       0x87 ./Core/ECUAL/I2C_LCD/I2C_LCD.o
 .debug_macro   0x00014c89      0x240 ./Core/ECUAL/I2C_LCD/I2C_LCD.o
 .debug_macro   0x00014ec9      0x287 ./Core/ECUAL/I2C_LCD/I2C_LCD.o
 .debug_macro   0x00015150      0x140 ./Core/ECUAL/I2C_LCD/I2C_LCD.o
 .debug_macro   0x00015290      0x217 ./Core/ECUAL/I2C_LCD/I2C_LCD.o
 .debug_macro   0x000154a7      0x8ed ./Core/ECUAL/I2C_LCD/I2C_LCD.o
 .debug_macro   0x00015d94       0x83 ./Core/ECUAL/I2C_LCD/I2C_LCD.o
 .debug_macro   0x00015e17       0xb8 ./Core/ECUAL/I2C_LCD/I2C_LCD.o
 .debug_macro   0x00015ecf      0x23e ./Core/ECUAL/I2C_LCD/I2C_LCD.o
 .debug_macro   0x0001610d       0x61 ./Core/ECUAL/I2C_LCD/I2C_LCD.o
 .debug_macro   0x0001616e       0x24 ./Core/ECUAL/I2C_LCD/I2C_LCD.o
 .debug_macro   0x00016192       0x43 ./Core/ECUAL/I2C_LCD/I2C_LCD.o
 .debug_macro   0x000161d5       0x34 ./Core/ECUAL/I2C_LCD/I2C_LCD.o
 .debug_macro   0x00016209       0x16 ./Core/ECUAL/I2C_LCD/I2C_LCD.o
 .debug_macro   0x0001621f       0x43 ./Core/ECUAL/I2C_LCD/I2C_LCD.o
 .debug_macro   0x00016262       0x34 ./Core/ECUAL/I2C_LCD/I2C_LCD.o
 .debug_macro   0x00016296       0x10 ./Core/ECUAL/I2C_LCD/I2C_LCD.o
 .debug_macro   0x000162a6       0x58 ./Core/ECUAL/I2C_LCD/I2C_LCD.o
 .debug_macro   0x000162fe       0x8e ./Core/ECUAL/I2C_LCD/I2C_LCD.o
 .debug_macro   0x0001638c       0x1c ./Core/ECUAL/I2C_LCD/I2C_LCD.o
 .debug_macro   0x000163a8      0x177 ./Core/ECUAL/I2C_LCD/I2C_LCD.o
 .debug_macro   0x0001651f      0x369 ./Core/ECUAL/I2C_LCD/I2C_LCD.o
 .debug_macro   0x00016888       0x10 ./Core/ECUAL/I2C_LCD/I2C_LCD.o
 .debug_macro   0x00016898       0x35 ./Core/ECUAL/I2C_LCD/I2C_LCD.o
 .debug_macro   0x000168cd       0x20 ./Core/ECUAL/I2C_LCD/I2C_LCD.o
 .debug_macro   0x000168ed       0x22 ./Core/ECUAL/I2C_LCD/I2C_LCD.o
 .debug_macro   0x0001690f       0x3a ./Core/ECUAL/I2C_LCD/I2C_LCD.o
 .debug_macro   0x00016949       0xe2 ./Core/ECUAL/I2C_LCD/I2C_LCD.o
 .debug_macro   0x00016a2b       0x3a ./Core/ECUAL/I2C_LCD/I2C_LCD.o
 .debug_macro   0x00016a65       0x7c ./Core/ECUAL/I2C_LCD/I2C_LCD.o
 .debug_macro   0x00016ae1      0x356 ./Core/ECUAL/I2C_LCD/I2C_LCD_cfg.o
 .debug_macro   0x00016e37       0x16 ./Core/ECUAL/I2C_LCD/I2C_LCD_cfg.o
 .debug_macro   0x00016e4d      0x352 ./Core/Src/bsp_encoder.o
 .debug_macro   0x0001719f       0xb2 ./Core/Src/bsp_encoder.o
 .debug_macro   0x00017251      0x1c6 ./Core/Src/bsp_hcsr501.o
 .debug_macro   0x00017417      0x2a7 ./Core/Src/bsp_lcd.o
 .debug_macro   0x000176be       0x56 ./Core/Src/bsp_lcd.o
 .debug_macro   0x00017714      0x29d ./Core/Src/bsp_rc522.o
 .debug_macro   0x000179b1      0x352 ./Core/Src/gpio.o
 .debug_macro   0x00017d03      0x352 ./Core/Src/i2c.o
 .debug_macro   0x00018055      0x360 ./Core/Src/main.o
 .debug_macro   0x000183b5      0x1b6 ./Core/Src/rc522.o
 .debug_macro   0x0001856b      0x34c ./Core/Src/spi.o
 .debug_macro   0x000188b7      0x348 ./Core/Src/stm32f1xx_hal_msp.o
 .debug_macro   0x00018bff      0x356 ./Core/Src/stm32f1xx_it.o
 .debug_macro   0x00018f55       0xff ./Core/Src/sysmem.o
 .debug_macro   0x00019054      0x23c ./Core/Src/sysmem.o
 .debug_macro   0x00019290      0x1ad ./Core/Src/system_stm32f1xx.o
 .debug_macro   0x0001943d      0x34c ./Core/Src/tim.o
 .debug_macro   0x00019789      0x386 ./Core/app/app.o
 .debug_macro   0x00019b0f       0x1c ./Core/app/app.o
 .debug_macro   0x00019b2b      0x1c9 ./Core/app/bsp.o
 .debug_macro   0x00019cf4      0x1d1 ./Drivers/STM32F1xx_HAL_Driver/Src/stm32f1xx_hal.o
 .debug_macro   0x00019ec5      0x1ad ./Drivers/STM32F1xx_HAL_Driver/Src/stm32f1xx_hal_cortex.o
 .debug_macro   0x0001a072      0x218 ./Drivers/STM32F1xx_HAL_Driver/Src/stm32f1xx_hal_gpio.o
 .debug_macro   0x0001a28a      0x1fb ./Drivers/STM32F1xx_HAL_Driver/Src/stm32f1xx_hal_i2c.o
 .debug_macro   0x0001a485      0x1bf ./Drivers/STM32F1xx_HAL_Driver/Src/stm32f1xx_hal_rcc.o
 .debug_macro   0x0001a644      0x1b5 ./Drivers/STM32F1xx_HAL_Driver/Src/stm32f1xx_hal_spi.o
 .debug_macro   0x0001a7f9      0x1ae ./Drivers/STM32F1xx_HAL_Driver/Src/stm32f1xx_hal_tim.o
 .debug_macro   0x0001a9a7      0x1ad ./Drivers/STM32F1xx_HAL_Driver/Src/stm32f1xx_hal_tim_ex.o
 .debug_macro   0x0001ab54      0x34c ./ExtSrc/bsp_rf.o
 .debug_macro   0x0001aea0      0x34c ./ExtSrc/nrf24.o

.debug_line     0x00000000    0x1a1d1
 .debug_line    0x00000000      0xd5e ./Core/ECUAL/I2C_LCD/I2C_LCD.o
 .debug_line    0x00000d5e      0x9d6 ./Core/ECUAL/I2C_LCD/I2C_LCD_cfg.o
 .debug_line    0x00001734      0xa82 ./Core/Src/bsp_encoder.o
 .debug_line    0x000021b6      0x773 ./Core/Src/bsp_hcsr501.o
 .debug_line    0x00002929      0x9a2 ./Core/Src/bsp_lcd.o
 .debug_line    0x000032cb      0x8ae ./Core/Src/bsp_rc522.o
 .debug_line    0x00003b79      0xa2b ./Core/Src/gpio.o
 .debug_line    0x000045a4      0xa32 ./Core/Src/i2c.o
 .debug_line    0x00004fd6      0xbeb ./Core/Src/main.o
 .debug_line    0x00005bc1      0xc16 ./Core/Src/rc522.o
 .debug_line    0x000067d7      0xab7 ./Core/Src/spi.o
 .debug_line    0x0000728e      0x9ce ./Core/Src/stm32f1xx_hal_msp.o
 .debug_line    0x00007c5c      0xb1f ./Core/Src/stm32f1xx_it.o
 .debug_line    0x0000877b      0x583 ./Core/Src/sysmem.o
 .debug_line    0x00008cfe      0x799 ./Core/Src/system_stm32f1xx.o
 .debug_line    0x00009497      0xb50 ./Core/Src/tim.o
 .debug_line    0x00009fe7       0x78 ./Core/Startup/startup_stm32f103c8tx.o
 .debug_line    0x0000a05f      0xbdb ./Core/app/app.o
 .debug_line    0x0000ac3a      0x754 ./Core/app/bsp.o
 .debug_line    0x0000b38e      0x9c6 ./Drivers/STM32F1xx_HAL_Driver/Src/stm32f1xx_hal.o
 .debug_line    0x0000bd54      0xbb2 ./Drivers/STM32F1xx_HAL_Driver/Src/stm32f1xx_hal_cortex.o
 .debug_line    0x0000c906      0xa5f ./Drivers/STM32F1xx_HAL_Driver/Src/stm32f1xx_hal_gpio.o
 .debug_line    0x0000d365     0x3c63 ./Drivers/STM32F1xx_HAL_Driver/Src/stm32f1xx_hal_i2c.o
 .debug_line    0x00010fc8      0xdcf ./Drivers/STM32F1xx_HAL_Driver/Src/stm32f1xx_hal_rcc.o
 .debug_line    0x00011d97     0x1cea ./Drivers/STM32F1xx_HAL_Driver/Src/stm32f1xx_hal_spi.o
 .debug_line    0x00013a81     0x34eb ./Drivers/STM32F1xx_HAL_Driver/Src/stm32f1xx_hal_tim.o
 .debug_line    0x00016f6c     0x1915 ./Drivers/STM32F1xx_HAL_Driver/Src/stm32f1xx_hal_tim_ex.o
 .debug_line    0x00018881      0xaf3 ./ExtSrc/bsp_rf.o
 .debug_line    0x00019374      0xe5d ./ExtSrc/nrf24.o

.debug_str      0x00000000    0x8e78f
 .debug_str     0x00000000    0x8931f ./Core/ECUAL/I2C_LCD/I2C_LCD.o
                              0x8970b (size before relaxing)
 .debug_str     0x0008931f       0x2a ./Core/ECUAL/I2C_LCD/I2C_LCD_cfg.o
                              0x891be (size before relaxing)
 .debug_str     0x00089349      0x3db ./Core/Src/bsp_encoder.o
                              0x89329 (size before relaxing)
 .debug_str     0x00089724       0x7e ./Core/Src/bsp_hcsr501.o
                              0x84b34 (size before relaxing)
 .debug_str     0x000897a2      0x102 ./Core/Src/bsp_lcd.o
                              0x87d5b (size before relaxing)
 .debug_str     0x000898a4       0x7b ./Core/Src/bsp_rc522.o
                              0x88249 (size before relaxing)
 .debug_str     0x0008991f      0x32f ./Core/Src/gpio.o
                              0x890c0 (size before relaxing)
 .debug_str     0x00089c4e       0x81 ./Core/Src/i2c.o
                              0x89273 (size before relaxing)
 .debug_str     0x00089ccf      0x4d3 ./Core/Src/main.o
                              0x89b75 (size before relaxing)
 .debug_str     0x0008a1a2      0x383 ./Core/Src/rc522.o
                              0x8540d (size before relaxing)
 .debug_str     0x0008a525       0x51 ./Core/Src/spi.o
                              0x891d2 (size before relaxing)
 .debug_str     0x0008a576       0x50 ./Core/Src/stm32f1xx_hal_msp.o
                              0x88d41 (size before relaxing)
 .debug_str     0x0008a5c6      0x164 ./Core/Src/stm32f1xx_it.o
                              0x892d9 (size before relaxing)
 .debug_str     0x0008a72a      0x4dc ./Core/Src/sysmem.o
                               0x6091 (size before relaxing)
 .debug_str     0x0008ac06       0x6e ./Core/Src/system_stm32f1xx.o
                              0x84818 (size before relaxing)
 .debug_str     0x0008ac74      0x24b ./Core/Src/tim.o
                              0x897ed (size before relaxing)
 .debug_str     0x0008aebf       0x44 ./Core/Startup/startup_stm32f103c8tx.o
                                 0x9c (size before relaxing)
 .debug_str     0x0008af03      0x7fa ./Core/app/app.o
                              0x8969e (size before relaxing)
 .debug_str     0x0008b6fd       0x23 ./Core/app/bsp.o
                              0x84c34 (size before relaxing)
 .debug_str     0x0008b720      0x360 ./Drivers/STM32F1xx_HAL_Driver/Src/stm32f1xx_hal.o
                              0x84f4b (size before relaxing)
 .debug_str     0x0008ba80      0x22b ./Drivers/STM32F1xx_HAL_Driver/Src/stm32f1xx_hal_cortex.o
                              0x84e97 (size before relaxing)
 .debug_str     0x0008bcab      0x289 ./Drivers/STM32F1xx_HAL_Driver/Src/stm32f1xx_hal_gpio.o
                              0x84b9e (size before relaxing)
 .debug_str     0x0008bf34      0xbc2 ./Drivers/STM32F1xx_HAL_Driver/Src/stm32f1xx_hal_i2c.o
                              0x858df (size before relaxing)
 .debug_str     0x0008caf6      0x209 ./Drivers/STM32F1xx_HAL_Driver/Src/stm32f1xx_hal_rcc.o
                              0x84c47 (size before relaxing)
 .debug_str     0x0008ccff      0x51c ./Drivers/STM32F1xx_HAL_Driver/Src/stm32f1xx_hal_spi.o
                              0x8513e (size before relaxing)
 .debug_str     0x0008d21b      0xc86 ./Drivers/STM32F1xx_HAL_Driver/Src/stm32f1xx_hal_tim.o
                              0x85c49 (size before relaxing)
 .debug_str     0x0008dea1      0x493 ./Drivers/STM32F1xx_HAL_Driver/Src/stm32f1xx_hal_tim_ex.o
                              0x85455 (size before relaxing)
 .debug_str     0x0008e334      0x15a ./ExtSrc/bsp_rf.o
                              0x88f44 (size before relaxing)
 .debug_str     0x0008e48e      0x301 ./ExtSrc/nrf24.o
                              0x895d9 (size before relaxing)

.comment        0x00000000       0x43
 .comment       0x00000000       0x43 ./Core/ECUAL/I2C_LCD/I2C_LCD.o
                                 0x44 (size before relaxing)
 .comment       0x00000043       0x44 ./Core/ECUAL/I2C_LCD/I2C_LCD_cfg.o
 .comment       0x00000043       0x44 ./Core/Src/bsp_encoder.o
 .comment       0x00000043       0x44 ./Core/Src/bsp_hcsr501.o
 .comment       0x00000043       0x44 ./Core/Src/bsp_lcd.o