../Core/app/app.c:51:6:app_init	8	static
../Core/app/app.c:58:6:app	24	static
../Core/app/app.c:102:6:APP_MESSAGE_RECEIVED	8	static
../Core/app/app.c:107:6:APP_SEND_MESSAGE	8	static
../Core/app/app.c:113:6:APP_SET_MESSAGE_TO_SEND	16	static
../Core/app/app.c:117:6:APP_SEND_COMMAND_TO_WORK_STATION	32	static
../Core/app/app.c:127:6:APP_SETFLAG	16	static
../Core/app/app.c:160:9:APP_GET_USER_BY_SERIAL_NUMBER	24	static
../Core/app/app.c:170:9:APP_GET_USER_BY_WORKSTATION	24	static
../Core/app/app.c:180:6:APP_UPDATE_WORKSTATION	16	static
../Core/app/app.c:204:25:GET_APP_DATA	4	static
