19:52:14 **** Clean-only build of configuration Debug for project SSE-BluePill ****
make -j8 clean 
rm -rf ./ExtSrc/Util.cyclo ./ExtSrc/Util.d ./ExtSrc/Util.o ./ExtSrc/Util.su ./ExtSrc/bsp_rf.cyclo ./ExtSrc/bsp_rf.d ./ExtSrc/bsp_rf.o ./ExtSrc/bsp_rf.su ./ExtSrc/nrf24.cyclo ./ExtSrc/nrf24.d ./ExtSrc/nrf24.o ./ExtSrc/nrf24.su
rm -rf ./Drivers/STM32F1xx_HAL_Driver/Src/stm32f1xx_hal.cyclo ./Drivers/STM32F1xx_HAL_Driver/Src/stm32f1xx_hal.d ./Drivers/STM32F1xx_HAL_Driver/Src/stm32f1xx_hal.o ./Drivers/STM32F1xx_HAL_Driver/Src/stm32f1xx_hal.su ./Drivers/STM32F1xx_HAL_Driver/Src/stm32f1xx_hal_cortex.cyclo ./Drivers/STM32F1xx_HAL_Driver/Src/stm32f1xx_hal_cortex.d ./Drivers/STM32F1xx_HAL_Driver/Src/stm32f1xx_hal_cortex.o ./Drivers/STM32F1xx_HAL_Driver/Src/stm32f1xx_hal_cortex.su ./Drivers/STM32F1xx_HAL_Driver/Src/stm32f1xx_hal_dma.cyclo ./Drivers/STM32F1xx_HAL_Driver/Src/stm32f1xx_hal_dma.d ./Drivers/STM32F1xx_HAL_Driver/Src/stm32f1xx_hal_dma.o ./Drivers/STM32F1xx_HAL_Driver/Src/stm32f1xx_hal_dma.su ./Drivers/STM32F1xx_HAL_Driver/Src/stm32f1xx_hal_exti.cyclo ./Drivers/STM32F1xx_HAL_Driver/Src/stm32f1xx_hal_exti.d ./Drivers/STM32F1xx_HAL_Driver/Src/stm32f1xx_hal_exti.o ./Drivers/STM32F1xx_HAL_Driver/Src/stm32f1xx_hal_exti.su ./Drivers/STM32F1xx_HAL_Driver/Src/stm32f1xx_hal_flash.cyclo ./Drivers/STM32F1xx_HAL_Driver/Src/stm32f1xx_hal_flash.d ./Drivers/STM32F1xx_HAL_Driver/Src/stm32f1xx_hal_flash.o ./Drivers/STM32F1xx_HAL_Driver/Src/stm32f1xx_hal_flash.su ./Drivers/STM32F1xx_HAL_Driver/Src/stm32f1xx_hal_flash_ex.cyclo ./Drivers/STM32F1xx_HAL_Driver/Src/stm32f1xx_hal_flash_ex.d ./Drivers/STM32F1xx_HAL_Driver/Src/stm32f1xx_hal_flash_ex.o ./Drivers/STM32F1xx_HAL_Driver/Src/stm32f1xx_hal_flash_ex.su ./Drivers/STM32F1xx_HAL_Driver/Src/stm32f1xx_hal_gpio.cyclo ./Drivers/STM32F1xx_HAL_Driver/Src/stm32f1xx_hal_gpio.d ./Drivers/STM32F1xx_HAL_Driver/Src/stm32f1xx_hal_gpio.o ./Drivers/STM32F1xx_HAL_Driver/Src/stm32f1xx_hal_gpio.su ./Drivers/STM32F1xx_HAL_Driver/Src/stm32f1xx_hal_gpio_ex.cyclo ./Drivers/STM32F1xx_HAL_Driver/Src/stm32f1xx_hal_gpio_ex.d ./Drivers/STM32F1xx_HAL_Driver/Src/stm32f1xx_hal_gpio_ex.o ./Drivers/STM32F1xx_HAL_Driver/Src/stm32f1xx_hal_gpio_ex.su ./Drivers/STM32F1xx_HAL_Driver/Src/stm32f1xx_hal_i2c.cyclo ./Drivers/STM32F1xx_HAL_Driver/Src/stm32f1xx_hal_i2c.d ./Drivers/STM32F1xx_HAL_Driver/Src/stm32f1xx_hal_i2c.o ./Drivers/STM32F1xx_HAL_Driver/Src/stm32f1xx_hal_i2c.su ./Drivers/STM32F1xx_HAL_Driver/Src/stm32f1xx_hal_pwr.cyclo ./Drivers/STM32F1xx_HAL_Driver/Src/stm32f1xx_hal_pwr.d ./Drivers/STM32F1xx_HAL_Driver/Src/stm32f1xx_hal_pwr.o ./Drivers/STM32F1xx_HAL_Driver/Src/stm32f1xx_hal_pwr.su ./Drivers/STM32F1xx_HAL_Driver/Src/stm32f1xx_hal_rcc.cyclo ./Drivers/STM32F1xx_HAL_Driver/Src/stm32f1xx_hal_rcc.d ./Drivers/STM32F1xx_HAL_Driver/Src/stm32f1xx_hal_rcc.o ./Drivers/STM32F1xx_HAL_Driver/Src/stm32f1xx_hal_rcc.su ./Drivers/STM32F1xx_HAL_Driver/Src/stm32f1xx_hal_rcc_ex.cyclo ./Drivers/STM32F1xx_HAL_Driver/Src/stm32f1xx_hal_rcc_ex.d ./Drivers/STM32F1xx_HAL_Driver/Src/stm32f1xx_hal_rcc_ex.o ./Drivers/STM32F1xx_HAL_Driver/Src/stm32f1xx_hal_rcc_ex.su ./Drivers/STM32F1xx_HAL_Driver/Src/stm32f1xx_hal_spi.cyclo ./Drivers/STM32F1xx_HAL_Driver/Src/stm32f1xx_hal_spi.d ./Drivers/STM32F1xx_HAL_Driver/Src/stm32f1xx_hal_spi.o ./Drivers/STM32F1xx_HAL_Driver/Src/stm32f1xx_hal_spi.su ./Drivers/STM32F1xx_HAL_Driver/Src/stm32f1xx_hal_tim.cyclo ./Drivers/STM32F1xx_HAL_Driver/Src/stm32f1xx_hal_tim.d ./Drivers/STM32F1xx_HAL_Driver/Src/stm32f1xx_hal_tim.o ./Drivers/STM32F1xx_HAL_Driver/Src/stm32f1xx_hal_tim.su ./Drivers/STM32F1xx_HAL_Driver/Src/stm32f1xx_hal_tim_ex.cyclo ./Drivers/STM32F1xx_HAL_Driver/Src/stm32f1xx_hal_tim_ex.d ./Drivers/STM32F1xx_HAL_Driver/Src/stm32f1xx_hal_tim_ex.o ./Drivers/STM32F1xx_HAL_Driver/Src/stm32f1xx_hal_tim_ex.su
rm -rf ./Core/app/app.cyclo ./Core/app/app.d ./Core/app/app.o ./Core/app/app.su ./Core/app/bsp.cyclo ./Core/app/bsp.d ./Core/app/bsp.o ./Core/app/bsp.su
rm -rf ./Core/Startup/startup_stm32f103c8tx.d ./Core/Startup/startup_stm32f103c8tx.o
rm -rf ./Core/Src/bsp_encoder.cyclo ./Core/Src/bsp_encoder.d ./Core/Src/bsp_encoder.o ./Core/Src/bsp_encoder.su ./Core/Src/bsp_hcsr501.cyclo ./Core/Src/bsp_hcsr501.d ./Core/Src/bsp_hcsr501.o ./Core/Src/bsp_hcsr501.su ./Core/Src/bsp_lcd.cyclo ./Core/Src/bsp_lcd.d ./Core/Src/bsp_lcd.o ./Core/Src/bsp_lcd.su ./Core/Src/bsp_rc522.cyclo ./Core/Src/bsp_rc522.d ./Core/Src/bsp_rc522.o ./Core/Src/bsp_rc522.su ./Core/Src/gpio.cyclo ./Core/Src/gpio.d ./Core/Src/gpio.o ./Core/Src/gpio.su ./Core/Src/i2c.cyclo ./Core/Src/i2c.d ./Core/Src/i2c.o ./Core/Src/i2c.su ./Core/Src/main.cyclo ./Core/Src/main.d ./Core/Src/main.o ./Core/Src/main.su ./Core/Src/rc522.cyclo ./Core/Src/rc522.d ./Core/Src/rc522.o ./Core/Src/rc522.su ./Core/Src/spi.cyclo ./Core/Src/spi.d ./Core/Src/spi.o ./Core/Src/spi.su ./Core/Src/stm32f1xx_hal_msp.cyclo ./Core/Src/stm32f1xx_hal_msp.d ./Core/Src/stm32f1xx_hal_msp.o ./Core/Src/stm32f1xx_hal_msp.su ./Core/Src/stm32f1xx_it.cyclo ./Core/Src/stm32f1xx_it.d ./Core/Src/stm32f1xx_it.o ./Core/Src/stm32f1xx_it.su ./Core/Src/syscalls.cyclo ./Core/Src/syscalls.d ./Core/Src/syscalls.o ./Core/Src/syscalls.su ./Core/Src/sysmem.cyclo ./Core/Src/sysmem.d ./Core/Src/sysmem.o ./Core/Src/sysmem.su ./Core/Src/system_stm32f1xx.cyclo ./Core/Src/system_stm32f1xx.d ./Core/Src/system_stm32f1xx.o ./Core/Src/system_stm32f1xx.su ./Core/Src/tim.cyclo ./Core/Src/tim.d ./Core/Src/tim.o ./Core/Src/tim.su
rm -rf ./Core/ECUAL/I2C_LCD/I2C_LCD.cyclo ./Core/ECUAL/I2C_LCD/I2C_LCD.d ./Core/ECUAL/I2C_LCD/I2C_LCD.o ./Core/ECUAL/I2C_LCD/I2C_LCD.su ./Core/ECUAL/I2C_LCD/I2C_LCD_cfg.cyclo ./Core/ECUAL/I2C_LCD/I2C_LCD_cfg.d ./Core/ECUAL/I2C_LCD/I2C_LCD_cfg.o ./Core/ECUAL/I2C_LCD/I2C_LCD_cfg.su
rm -rf SSE-BluePill.elf SSE-BluePill.list SSE-BluePill.map default.size.stdout
 
19:52:15 **** Incremental Build of configuration Debug for project SSE-BluePill ****
make -j8 all 
arm-none-eabi-gcc "C:/Users/Isaac/Documents/Downloads/workspace_1.16.0/workspace_1.16.0/Common/Src/Util.c" -mcpu=cortex-m3 -std=gnu18 -g3 -DDEBUG -DUSE_HAL_DRIVER -DSTM32F103xB -c -I../Core/Inc -I../Drivers/STM32F1xx_HAL_Driver/Inc/Legacy -I../Drivers/STM32F1xx_HAL_Driver/Inc -I../Drivers/CMSIS/Device/ST/STM32F1xx/Include -I../Drivers/CMSIS/Include -I../../Common/Inc -I"C:/Users/Isaac/Documents/Downloads/workspace_1.16.0/workspace_1.16.0/SSE-BluePill/Core/app" -O0 -ffunction-sections -fdata-sections -Wall -fstack-usage -fcyclomatic-complexity -MMD -MP -MF"ExtSrc/Util.d" -MT"ExtSrc/Util.o" --specs=nano.specs -mfloat-abi=soft -mthumb -o "ExtSrc/Util.o"
arm-none-eabi-gcc "C:/Users/Isaac/Documents/Downloads/workspace_1.16.0/workspace_1.16.0/Common/Src/bsp_rf.c" -mcpu=cortex-m3 -std=gnu18 -g3 -DDEBUG -DUSE_HAL_DRIVER -DSTM32F103xB -c -I../Core/Inc -I../Drivers/STM32F1xx_HAL_Driver/Inc/Legacy -I../Drivers/STM32F1xx_HAL_Driver/Inc -I../Drivers/CMSIS/Device/ST/STM32F1xx/Include -I../Drivers/CMSIS/Include -I../../Common/Inc -I"C:/Users/Isaac/Documents/Downloads/workspace_1.16.0/workspace_1.16.0/SSE-BluePill/Core/app" -O0 -ffunction-sections -fdata-sections -Wall -fstack-usage -fcyclomatic-complexity -MMD -MP -MF"ExtSrc/bsp_rf.d" -MT"ExtSrc/bsp_rf.o" --specs=nano.specs -mfloat-abi=soft -mthumb -o "ExtSrc/bsp_rf.o"
arm-none-eabi-gcc "C:/Users/Isaac/Documents/Downloads/workspace_1.16.0/workspace_1.16.0/Common/Src/nrf24.c" -mcpu=cortex-m3 -std=gnu18 -g3 -DDEBUG -DUSE_HAL_DRIVER -DSTM32F103xB -c -I../Core/Inc -I../Drivers/STM32F1xx_HAL_Driver/Inc/Legacy -I../Drivers/STM32F1xx_HAL_Driver/Inc -I../Drivers/CMSIS/Device/ST/STM32F1xx/Include -I../Drivers/CMSIS/Include -I../../Common/Inc -I"C:/Users/Isaac/Documents/Downloads/workspace_1.16.0/workspace_1.16.0/SSE-BluePill/Core/app" -O0 -ffunction-sections -fdata-sections -Wall -fstack-usage -fcyclomatic-complexity -MMD -MP -MF"ExtSrc/nrf24.d" -MT"ExtSrc/nrf24.o" --specs=nano.specs -mfloat-abi=soft -mthumb -o "ExtSrc/nrf24.o"
arm-none-eabi-gcc "../Drivers/STM32F1xx_HAL_Driver/Src/stm32f1xx_hal.c" -mcpu=cortex-m3 -std=gnu18 -g3 -DDEBUG -DUSE_HAL_DRIVER -DSTM32F103xB -c -I../Core/Inc -I../Drivers/STM32F1xx_HAL_Driver/Inc/Legacy -I../Drivers/STM32F1xx_HAL_Driver/Inc -I../Drivers/CMSIS/Device/ST/STM32F1xx/Include -I../Drivers/CMSIS/Include -I../../Common/Inc -I"C:/Users/Isaac/Documents/Downloads/workspace_1.16.0/workspace_1.16.0/SSE-BluePill/Core/app" -O0 -ffunction-sections -fdata-sections -Wall -fstack-usage -fcyclomatic-complexity -MMD -MP -MF"Drivers/STM32F1xx_HAL_Driver/Src/stm32f1xx_hal.d" -MT"Drivers/STM32F1xx_HAL_Driver/Src/stm32f1xx_hal.o" --specs=nano.specs -mfloat-abi=soft -mthumb -o "Drivers/STM32F1xx_HAL_Driver/Src/stm32f1xx_hal.o"
arm-none-eabi-gcc "../Drivers/STM32F1xx_HAL_Driver/Src/stm32f1xx_hal_cortex.c" -mcpu=cortex-m3 -std=gnu18 -g3 -DDEBUG -DUSE_HAL_DRIVER -DSTM32F103xB -c -I../Core/Inc -I../Drivers/STM32F1xx_HAL_Driver/Inc/Legacy -I../Drivers/STM32F1xx_HAL_Driver/Inc -I../Drivers/CMSIS/Device/ST/STM32F1xx/Include -I../Drivers/CMSIS/Include -I../../Common/Inc -I"C:/Users/Isaac/Documents/Downloads/workspace_1.16.0/workspace_1.16.0/SSE-BluePill/Core/app" -O0 -ffunction-sections -fdata-sections -Wall -fstack-usage -fcyclomatic-complexity -MMD -MP -MF"Drivers/STM32F1xx_HAL_Driver/Src/stm32f1xx_hal_cortex.d" -MT"Drivers/STM32F1xx_HAL_Driver/Src/stm32f1xx_hal_cortex.o" --specs=nano.specs -mfloat-abi=soft -mthumb -o "Drivers/STM32F1xx_HAL_Driver/Src/stm32f1xx_hal_cortex.o"
arm-none-eabi-gcc "../Drivers/STM32F1xx_HAL_Driver/Src/stm32f1xx_hal_dma.c" -mcpu=cortex-m3 -std=gnu18 -g3 -DDEBUG -DUSE_HAL_DRIVER -DSTM32F103xB -c -I../Core/Inc -I../Drivers/STM32F1xx_HAL_Driver/Inc/Legacy -I../Drivers/STM32F1xx_HAL_Driver/Inc -I../Drivers/CMSIS/Device/ST/STM32F1xx/Include -I../Drivers/CMSIS/Include -I../../Common/Inc -I"C:/Users/Isaac/Documents/Downloads/workspace_1.16.0/workspace_1.16.0/SSE-BluePill/Core/app" -O0 -ffunction-sections -fdata-sections -Wall -fstack-usage -fcyclomatic-complexity -MMD -MP -MF"Drivers/STM32F1xx_HAL_Driver/Src/stm32f1xx_hal_dma.d" -MT"Drivers/STM32F1xx_HAL_Driver/Src/stm32f1xx_hal_dma.o" --specs=nano.specs -mfloat-abi=soft -mthumb -o "Drivers/STM32F1xx_HAL_Driver/Src/stm32f1xx_hal_dma.o"
arm-none-eabi-gcc "../Drivers/STM32F1xx_HAL_Driver/Src/stm32f1xx_hal_exti.c" -mcpu=cortex-m3 -std=gnu18 -g3 -DDEBUG -DUSE_HAL_DRIVER -DSTM32F103xB -c -I../Core/Inc -I../Drivers/STM32F1xx_HAL_Driver/Inc/Legacy -I../Drivers/STM32F1xx_HAL_Driver/Inc -I../Drivers/CMSIS/Device/ST/STM32F1xx/Include -I../Drivers/CMSIS/Include -I../../Common/Inc -I"C:/Users/Isaac/Documents/Downloads/workspace_1.16.0/workspace_1.16.0/SSE-BluePill/Core/app" -O0 -ffunction-sections -fdata-sections -Wall -fstack-usage -fcyclomatic-complexity -MMD -MP -MF"Drivers/STM32F1xx_HAL_Driver/Src/stm32f1xx_hal_exti.d" -MT"Drivers/STM32F1xx_HAL_Driver/Src/stm32f1xx_hal_exti.o" --specs=nano.specs -mfloat-abi=soft -mthumb -o "Drivers/STM32F1xx_HAL_Driver/Src/stm32f1xx_hal_exti.o"
arm-none-eabi-gcc "../Drivers/STM32F1xx_HAL_Driver/Src/stm32f1xx_hal_flash.c" -mcpu=cortex-m3 -std=gnu18 -g3 -DDEBUG -DUSE_HAL_DRIVER -DSTM32F103xB -c -I../Core/Inc -I../Drivers/STM32F1xx_HAL_Driver/Inc/Legacy -I../Drivers/STM32F1xx_HAL_Driver/Inc -I../Drivers/CMSIS/Device/ST/STM32F1xx/Include -I../Drivers/CMSIS/Include -I../../Common/Inc -I"C:/Users/Isaac/Documents/Downloads/workspace_1.16.0/workspace_1.16.0/SSE-BluePill/Core/app" -O0 -ffunction-sections -fdata-sections -Wall -fstack-usage -fcyclomatic-complexity -MMD -MP -MF"Drivers/STM32F1xx_HAL_Driver/Src/stm32f1xx_hal_flash.d" -MT"Drivers/STM32F1xx_HAL_Driver/Src/stm32f1xx_hal_flash.o" --specs=nano.specs -mfloat-abi=soft -mthumb -o "Drivers/STM32F1xx_HAL_Driver/Src/stm32f1xx_hal_flash.o"
arm-none-eabi-gcc "../Drivers/STM32F1xx_HAL_Driver/Src/stm32f1xx_hal_flash_ex.c" -mcpu=cortex-m3 -std=gnu18 -g3 -DDEBUG -DUSE_HAL_DRIVER -DSTM32F103xB -c -I../Core/Inc -I../Drivers/STM32F1xx_HAL_Driver/Inc/Legacy -I../Drivers/STM32F1xx_HAL_Driver/Inc -I../Drivers/CMSIS/Device/ST/STM32F1xx/Include -I../Drivers/CMSIS/Include -I../../Common/Inc -I"C:/Users/Isaac/Documents/Downloads/workspace_1.16.0/workspace_1.16.0/SSE-BluePill/Core/app" -O0 -ffunction-sections -fdata-sections -Wall -fstack-usage -fcyclomatic-complexity -MMD -MP -MF"Drivers/STM32F1xx_HAL_Driver/Src/stm32f1xx_hal_flash_ex.d" -MT"Drivers/STM32F1xx_HAL_Driver/Src/stm32f1xx_hal_flash_ex.o" --specs=nano.specs -mfloat-abi=soft -mthumb -o "Drivers/STM32F1xx_HAL_Driver/Src/stm32f1xx_hal_flash_ex.o"
arm-none-eabi-gcc "../Drivers/STM32F1xx_HAL_Driver/Src/stm32f1xx_hal_gpio.c" -mcpu=cortex-m3 -std=gnu18 -g3 -DDEBUG -DUSE_HAL_DRIVER -DSTM32F103xB -c -I../Core/Inc -I../Drivers/STM32F1xx_HAL_Driver/Inc/Legacy -I../Drivers/STM32F1xx_HAL_Driver/Inc -I../Drivers/CMSIS/Device/ST/STM32F1xx/Include -I../Drivers/CMSIS/Include -I../../Common/Inc -I"C:/Users/Isaac/Documents/Downloads/workspace_1.16.0/workspace_1.16.0/SSE-BluePill/Core/app" -O0 -ffunction-sections -fdata-sections -Wall -fstack-usage -fcyclomatic-complexity -MMD -MP -MF"Drivers/STM32F1xx_HAL_Driver/Src/stm32f1xx_hal_gpio.d" -MT"Drivers/STM32F1xx_HAL_Driver/Src/stm32f1xx_hal_gpio.o" --specs=nano.specs -mfloat-abi=soft -mthumb -o "Drivers/STM32F1xx_HAL_Driver/Src/stm32f1xx_hal_gpio.o"
arm-none-eabi-gcc "../Drivers/STM32F1xx_HAL_Driver/Src/stm32f1xx_hal_gpio_ex.c" -mcpu=cortex-m3 -std=gnu18 -g3 -DDEBUG -DUSE_HAL_DRIVER -DSTM32F103xB -c -I../Core/Inc -I../Drivers/STM32F1xx_HAL_Driver/Inc/Legacy -I../Drivers/STM32F1xx_HAL_Driver/Inc -I../Drivers/CMSIS/Device/ST/STM32F1xx/Include -I../Drivers/CMSIS/Include -I../../Common/Inc -I"C:/Users/Isaac/Documents/Downloads/workspace_1.16.0/workspace_1.16.0/SSE-BluePill/Core/app" -O0 -ffunction-sections -fdata-sections -Wall -fstack-usage -fcyclomatic-complexity -MMD -MP -MF"Drivers/STM32F1xx_HAL_Driver/Src/stm32f1xx_hal_gpio_ex.d" -MT"Drivers/STM32F1xx_HAL_Driver/Src/stm32f1xx_hal_gpio_ex.o" --specs=nano.specs -mfloat-abi=soft -mthumb -o "Drivers/STM32F1xx_HAL_Driver/Src/stm32f1xx_hal_gpio_ex.o"
arm-none-eabi-gcc "../Drivers/STM32F1xx_HAL_Driver/Src/stm32f1xx_hal_i2c.c" -mcpu=cortex-m3 -std=gnu18 -g3 -DDEBUG -DUSE_HAL_DRIVER -DSTM32F103xB -c -I../Core/Inc -I../Drivers/STM32F1xx_HAL_Driver/Inc/Legacy -I../Drivers/STM32F1xx_HAL_Driver/Inc -I../Drivers/CMSIS/Device/ST/STM32F1xx/Include -I../Drivers/CMSIS/Include -I../../Common/Inc -I"C:/Users/Isaac/Documents/Downloads/workspace_1.16.0/workspace_1.16.0/SSE-BluePill/Core/app" -O0 -ffunction-sections -fdata-sections -Wall -fstack-usage -fcyclomatic-complexity -MMD -MP -MF"Drivers/STM32F1xx_HAL_Driver/Src/stm32f1xx_hal_i2c.d" -MT"Drivers/STM32F1xx_HAL_Driver/Src/stm32f1xx_hal_i2c.o" --specs=nano.specs -mfloat-abi=soft -mthumb -o "Drivers/STM32F1xx_HAL_Driver/Src/stm32f1xx_hal_i2c.o"
arm-none-eabi-gcc "../Drivers/STM32F1xx_HAL_Driver/Src/stm32f1xx_hal_pwr.c" -mcpu=cortex-m3 -std=gnu18 -g3 -DDEBUG -DUSE_HAL_DRIVER -DSTM32F103xB -c -I../Core/Inc -I../Drivers/STM32F1xx_HAL_Driver/Inc/Legacy -I../Drivers/STM32F1xx_HAL_Driver/Inc -I../Drivers/CMSIS/Device/ST/STM32F1xx/Include -I../Drivers/CMSIS/Include -I../../Common/Inc -I"C:/Users/Isaac/Documents/Downloads/workspace_1.16.0/workspace_1.16.0/SSE-BluePill/Core/app" -O0 -ffunction-sections -fdata-sections -Wall -fstack-usage -fcyclomatic-complexity -MMD -MP -MF"Drivers/STM32F1xx_HAL_Driver/Src/stm32f1xx_hal_pwr.d" -MT"Drivers/STM32F1xx_HAL_Driver/Src/stm32f1xx_hal_pwr.o" --specs=nano.specs -mfloat-abi=soft -mthumb -o "Drivers/STM32F1xx_HAL_Driver/Src/stm32f1xx_hal_pwr.o"
arm-none-eabi-gcc "../Drivers/STM32F1xx_HAL_Driver/Src/stm32f1xx_hal_rcc.c" -mcpu=cortex-m3 -std=gnu18 -g3 -DDEBUG -DUSE_HAL_DRIVER -DSTM32F103xB -c -I../Core/Inc -I../Drivers/STM32F1xx_HAL_Driver/Inc/Legacy -I../Drivers/STM32F1xx_HAL_Driver/Inc -I../Drivers/CMSIS/Device/ST/STM32F1xx/Include -I../Drivers/CMSIS/Include -I../../Common/Inc -I"C:/Users/Isaac/Documents/Downloads/workspace_1.16.0/workspace_1.16.0/SSE-BluePill/Core/app" -O0 -ffunction-sections -fdata-sections -Wall -fstack-usage -fcyclomatic-complexity -MMD -MP -MF"Drivers/STM32F1xx_HAL_Driver/Src/stm32f1xx_hal_rcc.d" -MT"Drivers/STM32F1xx_HAL_Driver/Src/stm32f1xx_hal_rcc.o" --specs=nano.specs -mfloat-abi=soft -mthumb -o "Drivers/STM32F1xx_HAL_Driver/Src/stm32f1xx_hal_rcc.o"
arm-none-eabi-gcc "../Drivers/STM32F1xx_HAL_Driver/Src/stm32f1xx_hal_rcc_ex.c" -mcpu=cortex-m3 -std=gnu18 -g3 -DDEBUG -DUSE_HAL_DRIVER -DSTM32F103xB -c -I../Core/Inc -I../Drivers/STM32F1xx_HAL_Driver/Inc/Legacy -I../Drivers/STM32F1xx_HAL_Driver/Inc -I../Drivers/CMSIS/Device/ST/STM32F1xx/Include -I../Drivers/CMSIS/Include -I../../Common/Inc -I"C:/Users/Isaac/Documents/Downloads/workspace_1.16.0/workspace_1.16.0/SSE-BluePill/Core/app" -O0 -ffunction-sections -fdata-sections -Wall -fstack-usage -fcyclomatic-complexity -MMD -MP -MF"Drivers/STM32F1xx_HAL_Driver/Src/stm32f1xx_hal_rcc_ex.d" -MT"Drivers/STM32F1xx_HAL_Driver/Src/stm32f1xx_hal_rcc_ex.o" --specs=nano.specs -mfloat-abi=soft -mthumb -o "Drivers/STM32F1xx_HAL_Driver/Src/stm32f1xx_hal_rcc_ex.o"
arm-none-eabi-gcc "../Drivers/STM32F1xx_HAL_Driver/Src/stm32f1xx_hal_spi.c" -mcpu=cortex-m3 -std=gnu18 -g3 -DDEBUG -DUSE_HAL_DRIVER -DSTM32F103xB -c -I../Core/Inc -I../Drivers/STM32F1xx_HAL_Driver/Inc/Legacy -I../Drivers/STM32F1xx_HAL_Driver/Inc -I../Drivers/CMSIS/Device/ST/STM32F1xx/Include -I../Drivers/CMSIS/Include -I../../Common/Inc -I"C:/Users/Isaac/Documents/Downloads/workspace_1.16.0/workspace_1.16.0/SSE-BluePill/Core/app" -O0 -ffunction-sections -fdata-sections -Wall -fstack-usage -fcyclomatic-complexity -MMD -MP -MF"Drivers/STM32F1xx_HAL_Driver/Src/stm32f1xx_hal_spi.d" -MT"Drivers/STM32F1xx_HAL_Driver/Src/stm32f1xx_hal_spi.o" --specs=nano.specs -mfloat-abi=soft -mthumb -o "Drivers/STM32F1xx_HAL_Driver/Src/stm32f1xx_hal_spi.o"
arm-none-eabi-gcc "../Drivers/STM32F1xx_HAL_Driver/Src/stm32f1xx_hal_tim.c" -mcpu=cortex-m3 -std=gnu18 -g3 -DDEBUG -DUSE_HAL_DRIVER -DSTM32F103xB -c -I../Core/Inc -I../Drivers/STM32F1xx_HAL_Driver/Inc/Legacy -I../Drivers/STM32F1xx_HAL_Driver/Inc -I../Drivers/CMSIS/Device/ST/STM32F1xx/Include -I../Drivers/CMSIS/Include -I../../Common/Inc -I"C:/Users/Isaac/Documents/Downloads/workspace_1.16.0/workspace_1.16.0/SSE-BluePill/Core/app" -O0 -ffunction-sections -fdata-sections -Wall -fstack-usage -fcyclomatic-complexity -MMD -MP -MF"Drivers/STM32F1xx_HAL_Driver/Src/stm32f1xx_hal_tim.d" -MT"Drivers/STM32F1xx_HAL_Driver/Src/stm32f1xx_hal_tim.o" --specs=nano.specs -mfloat-abi=soft -mthumb -o "Drivers/STM32F1xx_HAL_Driver/Src/stm32f1xx_hal_tim.o"
arm-none-eabi-gcc "../Drivers/STM32F1xx_HAL_Driver/Src/stm32f1xx_hal_tim_ex.c" -mcpu=cortex-m3 -std=gnu18 -g3 -DDEBUG -DUSE_HAL_DRIVER -DSTM32F103xB -c -I../Core/Inc -I../Drivers/STM32F1xx_HAL_Driver/Inc/Legacy -I../Drivers/STM32F1xx_HAL_Driver/Inc -I../Drivers/CMSIS/Device/ST/STM32F1xx/Include -I../Drivers/CMSIS/Include -I../../Common/Inc -I"C:/Users/Isaac/Documents/Downloads/workspace_1.16.0/workspace_1.16.0/SSE-BluePill/Core/app" -O0 -ffunction-sections -fdata-sections -Wall -fstack-usage -fcyclomatic-complexity -MMD -MP -MF"Drivers/STM32F1xx_HAL_Driver/Src/stm32f1xx_hal_tim_ex.d" -MT"Drivers/STM32F1xx_HAL_Driver/Src/stm32f1xx_hal_tim_ex.o" --specs=nano.specs -mfloat-abi=soft -mthumb -o "Drivers/STM32F1xx_HAL_Driver/Src/stm32f1xx_hal_tim_ex.o"
arm-none-eabi-gcc "../Core/app/app.c" -mcpu=cortex-m3 -std=gnu18 -g3 -DDEBUG -DUSE_HAL_DRIVER -DSTM32F103xB -c -I../Core/Inc -I../Drivers/STM32F1xx_HAL_Driver/Inc/Legacy -I../Drivers/STM32F1xx_HAL_Driver/Inc -I../Drivers/CMSIS/Device/ST/STM32F1xx/Include -I../Drivers/CMSIS/Include -I../../Common/Inc -I"C:/Users/Isaac/Documents/Downloads/workspace_1.16.0/workspace_1.16.0/SSE-BluePill/Core/app" -O0 -ffunction-sections -fdata-sections -Wall -fstack-usage -fcyclomatic-complexity -MMD -MP -MF"Core/app/app.d" -MT"Core/app/app.o" --specs=nano.specs -mfloat-abi=soft -mthumb -o "Core/app/app.o"
arm-none-eabi-gcc "../Core/app/bsp.c" -mcpu=cortex-m3 -std=gnu18 -g3 -DDEBUG -DUSE_HAL_DRIVER -DSTM32F103xB -c -I../Core/Inc -I../Drivers/STM32F1xx_HAL_Driver/Inc/Legacy -I../Drivers/STM32F1xx_HAL_Driver/Inc -I../Drivers/CMSIS/Device/ST/STM32F1xx/Include -I../Drivers/CMSIS/Include -I../../Common/Inc -I"C:/Users/Isaac/Documents/Downloads/workspace_1.16.0/workspace_1.16.0/SSE-BluePill/Core/app" -O0 -ffunction-sections -fdata-sections -Wall -fstack-usage -fcyclomatic-complexity -MMD -MP -MF"Core/app/bsp.d" -MT"Core/app/bsp.o" --specs=nano.specs -mfloat-abi=soft -mthumb -o "Core/app/bsp.o"
arm-none-eabi-gcc -mcpu=cortex-m3 -g3 -DDEBUG -c -x assembler-with-cpp -MMD -MP -MF"Core/Startup/startup_stm32f103c8tx.d" -MT"Core/Startup/startup_stm32f103c8tx.o" --specs=nano.specs -mfloat-abi=soft -mthumb -o "Core/Startup/startup_stm32f103c8tx.o" "../Core/Startup/startup_stm32f103c8tx.s"
arm-none-eabi-gcc "../Core/Src/bsp_encoder.c" -mcpu=cortex-m3 -std=gnu18 -g3 -DDEBUG -DUSE_HAL_DRIVER -DSTM32F103xB -c -I../Core/Inc -I../Drivers/STM32F1xx_HAL_Driver/Inc/Legacy -I../Drivers/STM32F1xx_HAL_Driver/Inc -I../Drivers/CMSIS/Device/ST/STM32F1xx/Include -I../Drivers/CMSIS/Include -I../../Common/Inc -I"C:/Users/Isaac/Documents/Downloads/workspace_1.16.0/workspace_1.16.0/SSE-BluePill/Core/app" -O0 -ffunction-sections -fdata-sections -Wall -fstack-usage -fcyclomatic-complexity -MMD -MP -MF"Core/Src/bsp_encoder.d" -MT"Core/Src/bsp_encoder.o" --specs=nano.specs -mfloat-abi=soft -mthumb -o "Core/Src/bsp_encoder.o"
../Core/app/app.c: In function 'APP_UPDATE_WORKSTATION':
../Core/app/app.c:192:45: warning: ' m' directive writing 2 bytes into a region of size between 1 and 3 [-Wformat-overflow=]
  192 |         sprintf(inactividad, "Inactividad:%d m", (uint8_t)current_time_inactive);
      |                                             ^~
../Core/app/app.c:192:9: note: 'sprintf' output between 16 and 18 bytes into a destination of size 16
  192 |         sprintf(inactividad, "Inactividad:%d m", (uint8_t)current_time_inactive);
      |         ^~~~~~~~~~~~~~~~~~~~~~~~~~~~~~~~~~~~~~~~~~~~~~~~~~~~~~~~~~~~~~~~~~~~~~~~
arm-none-eabi-gcc "../Core/Src/bsp_hcsr501.c" -mcpu=cortex-m3 -std=gnu18 -g3 -DDEBUG -DUSE_HAL_DRIVER -DSTM32F103xB -c -I../Core/Inc -I../Drivers/STM32F1xx_HAL_Driver/Inc/Legacy -I../Drivers/STM32F1xx_HAL_Driver/Inc -I../Drivers/CMSIS/Device/ST/STM32F1xx/Include -I../Drivers/CMSIS/Include -I../../Common/Inc -I"C:/Users/Isaac/Documents/Downloads/workspace_1.16.0/workspace_1.16.0/SSE-BluePill/Core/app" -O0 -ffunction-sections -fdata-sections -Wall -fstack-usage -fcyclomatic-complexity -MMD -MP -MF"Core/Src/bsp_hcsr501.d" -MT"Core/Src/bsp_hcsr501.o" --specs=nano.specs -mfloat-abi=soft -mthumb -o "Core/Src/bsp_hcsr501.o"
arm-none-eabi-gcc "../Core/Src/bsp_lcd.c" -mcpu=cortex-m3 -std=gnu18 -g3 -DDEBUG -DUSE_HAL_DRIVER -DSTM32F103xB -c -I../Core/Inc -I../Drivers/STM32F1xx_HAL_Driver/Inc/Legacy -I../Drivers/STM32F1xx_HAL_Driver/Inc -I../Drivers/CMSIS/Device/ST/STM32F1xx/Include -I../Drivers/CMSIS/Include -I../../Common/Inc -I"C:/Users/Isaac/Documents/Downloads/workspace_1.16.0/workspace_1.16.0/SSE-BluePill/Core/app" -O0 -ffunction-sections -fdata-sections -Wall -fstack-usage -fcyclomatic-complexity -MMD -MP -MF"Core/Src/bsp_lcd.d" -MT"Core/Src/bsp_lcd.o" --specs=nano.specs -mfloat-abi=soft -mthumb -o "Core/Src/bsp_lcd.o"
arm-none-eabi-gcc "../Core/Src/bsp_rc522.c" -mcpu=cortex-m3 -std=gnu18 -g3 -DDEBUG -DUSE_HAL_DRIVER -DSTM32F103xB -c -I../Core/Inc -I../Drivers/STM32F1xx_HAL_Driver/Inc/Legacy -I../Drivers/STM32F1xx_HAL_Driver/Inc -I../Drivers/CMSIS/Device/ST/STM32F1xx/Include -I../Drivers/CMSIS/Include -I../../Common/Inc -I"C:/Users/Isaac/Documents/Downloads/workspace_1.16.0/workspace_1.16.0/SSE-BluePill/Core/app" -O0 -ffunction-sections -fdata-sections -Wall -fstack-usage -fcyclomatic-complexity -MMD -MP -MF"Core/Src/bsp_rc522.d" -MT"Core/Src/bsp_rc522.o" --specs=nano.specs -mfloat-abi=soft -mthumb -o "Core/Src/bsp_rc522.o"
arm-none-eabi-gcc "../Core/Src/gpio.c" -mcpu=cortex-m3 -std=gnu18 -g3 -DDEBUG -DUSE_HAL_DRIVER -DSTM32F103xB -c -I../Core/Inc -I../Drivers/STM32F1xx_HAL_Driver/Inc/Legacy -I../Drivers/STM32F1xx_HAL_Driver/Inc -I../Drivers/CMSIS/Device/ST/STM32F1xx/Include -I../Drivers/CMSIS/Include -I../../Common/Inc -I"C:/Users/Isaac/Documents/Downloads/workspace_1.16.0/workspace_1.16.0/SSE-BluePill/Core/app" -O0 -ffunction-sections -fdata-sections -Wall -fstack-usage -fcyclomatic-complexity -MMD -MP -MF"Core/Src/gpio.d" -MT"Core/Src/gpio.o" --specs=nano.specs -mfloat-abi=soft -mthumb -o "Core/Src/gpio.o"
arm-none-eabi-gcc "../Core/Src/i2c.c" -mcpu=cortex-m3 -std=gnu18 -g3 -DDEBUG -DUSE_HAL_DRIVER -DSTM32F103xB -c -I../Core/Inc -I../Drivers/STM32F1xx_HAL_Driver/Inc/Legacy -I../Drivers/STM32F1xx_HAL_Driver/Inc -I../Drivers/CMSIS/Device/ST/STM32F1xx/Include -I../Drivers/CMSIS/Include -I../../Common/Inc -I"C:/Users/Isaac/Documents/Downloads/workspace_1.16.0/workspace_1.16.0/SSE-BluePill/Core/app" -O0 -ffunction-sections -fdata-sections -Wall -fstack-usage -fcyclomatic-complexity -MMD -MP -MF"Core/Src/i2c.d" -MT"Core/Src/i2c.o" --specs=nano.specs -mfloat-abi=soft -mthumb -o "Core/Src/i2c.o"
arm-none-eabi-gcc "../Core/Src/main.c" -mcpu=cortex-m3 -std=gnu18 -g3 -DDEBUG -DUSE_HAL_DRIVER -DSTM32F103xB -c -I../Core/Inc -I../Drivers/STM32F1xx_HAL_Driver/Inc/Legacy -I../Drivers/STM32F1xx_HAL_Driver/Inc -I../Drivers/CMSIS/Device/ST/STM32F1xx/Include -I../Drivers/CMSIS/Include -I../../Common/Inc -I"C:/Users/Isaac/Documents/Downloads/workspace_1.16.0/workspace_1.16.0/SSE-BluePill/Core/app" -O0 -ffunction-sections -fdata-sections -Wall -fstack-usage -fcyclomatic-complexity -MMD -MP -MF"Core/Src/main.d" -MT"Core/Src/main.o" --specs=nano.specs -mfloat-abi=soft -mthumb -o "Core/Src/main.o"
../Core/Src/bsp_lcd.c: In function 'Initializing':
../Core/Src/bsp_lcd.c:11:9: warning: implicit declaration of function 'itoa' [-Wimplicit-function-declaration]
   11 |         itoa(params->setup_time - *(params->seconds), time, 10);
      |         ^~~~
../Core/Src/bsp_encoder.c: In function 'BSP_ENCODER_GetSpeed':
../Core/Src/bsp_encoder.c:34:12: warning: implicit declaration of function 'GetMS' [-Wimplicit-function-declaration]
   34 |         if(GetMS() % 500 == 0){
      |            ^~~~~
../Core/Src/main.c: In function 'main':
../Core/Src/main.c:132:11: warning: unused variable 'waiting' [-Wunused-variable]
  132 |   uint8_t waiting = 1;
      |           ^~~~~~~
../Core/Src/main.c:131:11: warning: unused variable 'last_state' [-Wunused-variable]
  131 |   uint8_t last_state = 0;
      |           ^~~~~~~~~~
arm-none-eabi-gcc "../Core/Src/rc522.c" -mcpu=cortex-m3 -std=gnu18 -g3 -DDEBUG -DUSE_HAL_DRIVER -DSTM32F103xB -c -I../Core/Inc -I../Drivers/STM32F1xx_HAL_Driver/Inc/Legacy -I../Drivers/STM32F1xx_HAL_Driver/Inc -I../Drivers/CMSIS/Device/ST/STM32F1xx/Include -I../Drivers/CMSIS/Include -I../../Common/Inc -I"C:/Users/Isaac/Documents/Downloads/workspace_1.16.0/workspace_1.16.0/SSE-BluePill/Core/app" -O0 -ffunction-sections -fdata-sections -Wall -fstack-usage -fcyclomatic-complexity -MMD -MP -MF"Core/Src/rc522.d" -MT"Core/Src/rc522.o" --specs=nano.specs -mfloat-abi=soft -mthumb -o "Core/Src/rc522.o"
arm-none-eabi-gcc "../Core/Src/spi.c" -mcpu=cortex-m3 -std=gnu18 -g3 -DDEBUG -DUSE_HAL_DRIVER -DSTM32F103xB -c -I../Core/Inc -I../Drivers/STM32F1xx_HAL_Driver/Inc/Legacy -I../Drivers/STM32F1xx_HAL_Driver/Inc -I../Drivers/CMSIS/Device/ST/STM32F1xx/Include -I../Drivers/CMSIS/Include -I../../Common/Inc -I"C:/Users/Isaac/Documents/Downloads/workspace_1.16.0/workspace_1.16.0/SSE-BluePill/Core/app" -O0 -ffunction-sections -fdata-sections -Wall -fstack-usage -fcyclomatic-complexity -MMD -MP -MF"Core/Src/spi.d" -MT"Core/Src/spi.o" --specs=nano.specs -mfloat-abi=soft -mthumb -o "Core/Src/spi.o"
arm-none-eabi-gcc "../Core/Src/stm32f1xx_hal_msp.c" -mcpu=cortex-m3 -std=gnu18 -g3 -DDEBUG -DUSE_HAL_DRIVER -DSTM32F103xB -c -I../Core/Inc -I../Drivers/STM32F1xx_HAL_Driver/Inc/Legacy -I../Drivers/STM32F1xx_HAL_Driver/Inc -I../Drivers/CMSIS/Device/ST/STM32F1xx/Include -I../Drivers/CMSIS/Include -I../../Common/Inc -I"C:/Users/Isaac/Documents/Downloads/workspace_1.16.0/workspace_1.16.0/SSE-BluePill/Core/app" -O0 -ffunction-sections -fdata-sections -Wall -fstack-usage -fcyclomatic-complexity -MMD -MP -MF"Core/Src/stm32f1xx_hal_msp.d" -MT"Core/Src/stm32f1xx_hal_msp.o" --specs=nano.specs -mfloat-abi=soft -mthumb -o "Core/Src/stm32f1xx_hal_msp.o"
arm-none-eabi-gcc "../Core/Src/stm32f1xx_it.c" -mcpu=cortex-m3 -std=gnu18 -g3 -DDEBUG -DUSE_HAL_DRIVER -DSTM32F103xB -c -I../Core/Inc -I../Drivers/STM32F1xx_HAL_Driver/Inc/Legacy -I../Drivers/STM32F1xx_HAL_Driver/Inc -I../Drivers/CMSIS/Device/ST/STM32F1xx/Include -I../Drivers/CMSIS/Include -I../../Common/Inc -I"C:/Users/Isaac/Documents/Downloads/workspace_1.16.0/workspace_1.16.0/SSE-BluePill/Core/app" -O0 -ffunction-sections -fdata-sections -Wall -fstack-usage -fcyclomatic-complexity -MMD -MP -MF"Core/Src/stm32f1xx_it.d" -MT"Core/Src/stm32f1xx_it.o" --specs=nano.specs -mfloat-abi=soft -mthumb -o "Core/Src/stm32f1xx_it.o"
arm-none-eabi-gcc "../Core/Src/syscalls.c" -mcpu=cortex-m3 -std=gnu18 -g3 -DDEBUG -DUSE_HAL_DRIVER -DSTM32F103xB -c -I../Core/Inc -I../Drivers/STM32F1xx_HAL_Driver/Inc/Legacy -I../Drivers/STM32F1xx_HAL_Driver/Inc -I../Drivers/CMSIS/Device/ST/STM32F1xx/Include -I../Drivers/CMSIS/Include -I../../Common/Inc -I"C:/Users/Isaac/Documents/Downloads/workspace_1.16.0/workspace_1.16.0/SSE-BluePill/Core/app" -O0 -ffunction-sections -fdata-sections -Wall -fstack-usage -fcyclomatic-complexity -MMD -MP -MF"Core/Src/syscalls.d" -MT"Core/Src/syscalls.o" --specs=nano.specs -mfloat-abi=soft -mthumb -o "Core/Src/syscalls.o"
arm-none-eabi-gcc "../Core/Src/sysmem.c" -mcpu=cortex-m3 -std=gnu18 -g3 -DDEBUG -DUSE_HAL_DRIVER -DSTM32F103xB -c -I../Core/Inc -I../Drivers/STM32F1xx_HAL_Driver/Inc/Legacy -I../Drivers/STM32F1xx_HAL_Driver/Inc -I../Drivers/CMSIS/Device/ST/STM32F1xx/Include -I../Drivers/CMSIS/Include -I../../Common/Inc -I"C:/Users/Isaac/Documents/Downloads/workspace_1.16.0/workspace_1.16.0/SSE-BluePill/Core/app" -O0 -ffunction-sections -fdata-sections -Wall -fstack-usage -fcyclomatic-complexity -MMD -MP -MF"Core/Src/sysmem.d" -MT"Core/Src/sysmem.o" --specs=nano.specs -mfloat-abi=soft -mthumb -o "Core/Src/sysmem.o"
arm-none-eabi-gcc "../Core/Src/system_stm32f1xx.c" -mcpu=cortex-m3 -std=gnu18 -g3 -DDEBUG -DUSE_HAL_DRIVER -DSTM32F103xB -c -I../Core/Inc -I../Drivers/STM32F1xx_HAL_Driver/Inc/Legacy -I../Drivers/STM32F1xx_HAL_Driver/Inc -I../Drivers/CMSIS/Device/ST/STM32F1xx/Include -I../Drivers/CMSIS/Include -I../../Common/Inc -I"C:/Users/Isaac/Documents/Downloads/workspace_1.16.0/workspace_1.16.0/SSE-BluePill/Core/app" -O0 -ffunction-sections -fdata-sections -Wall -fstack-usage -fcyclomatic-complexity -MMD -MP -MF"Core/Src/system_stm32f1xx.d" -MT"Core/Src/system_stm32f1xx.o" --specs=nano.specs -mfloat-abi=soft -mthumb -o "Core/Src/system_stm32f1xx.o"
arm-none-eabi-gcc "../Core/Src/tim.c" -mcpu=cortex-m3 -std=gnu18 -g3 -DDEBUG -DUSE_HAL_DRIVER -DSTM32F103xB -c -I../Core/Inc -I../Drivers/STM32F1xx_HAL_Driver/Inc/Legacy -I../Drivers/STM32F1xx_HAL_Driver/Inc -I../Drivers/CMSIS/Device/ST/STM32F1xx/Include -I../Drivers/CMSIS/Include -I../../Common/Inc -I"C:/Users/Isaac/Documents/Downloads/workspace_1.16.0/workspace_1.16.0/SSE-BluePill/Core/app" -O0 -ffunction-sections -fdata-sections -Wall -fstack-usage -fcyclomatic-complexity -MMD -MP -MF"Core/Src/tim.d" -MT"Core/Src/tim.o" --specs=nano.specs -mfloat-abi=soft -mthumb -o "Core/Src/tim.o"
arm-none-eabi-gcc "../Core/ECUAL/I2C_LCD/I2C_LCD.c" -mcpu=cortex-m3 -std=gnu18 -g3 -DDEBUG -DUSE_HAL_DRIVER -DSTM32F103xB -c -I../Core/Inc -I../Drivers/STM32F1xx_HAL_Driver/Inc/Legacy -I../Drivers/STM32F1xx_HAL_Driver/Inc -I../Drivers/CMSIS/Device/ST/STM32F1xx/Include -I../Drivers/CMSIS/Include -I../../Common/Inc -I"C:/Users/Isaac/Documents/Downloads/workspace_1.16.0/workspace_1.16.0/SSE-BluePill/Core/app" -O0 -ffunction-sections -fdata-sections -Wall -fstack-usage -fcyclomatic-complexity -MMD -MP -MF"Core/ECUAL/I2C_LCD/I2C_LCD.d" -MT"Core/ECUAL/I2C_LCD/I2C_LCD.o" --specs=nano.specs -mfloat-abi=soft -mthumb -o "Core/ECUAL/I2C_LCD/I2C_LCD.o"
arm-none-eabi-gcc "../Core/ECUAL/I2C_LCD/I2C_LCD_cfg.c" -mcpu=cortex-m3 -std=gnu18 -g3 -DDEBUG -DUSE_HAL_DRIVER -DSTM32F103xB -c -I../Core/Inc -I../Drivers/STM32F1xx_HAL_Driver/Inc/Legacy -I../Drivers/STM32F1xx_HAL_Driver/Inc -I../Drivers/CMSIS/Device/ST/STM32F1xx/Include -I../Drivers/CMSIS/Include -I../../Common/Inc -I"C:/Users/Isaac/Documents/Downloads/workspace_1.16.0/workspace_1.16.0/SSE-BluePill/Core/app" -O0 -ffunction-sections -fdata-sections -Wall -fstack-usage -fcyclomatic-complexity -MMD -MP -MF"Core/ECUAL/I2C_LCD/I2C_LCD_cfg.d" -MT"Core/ECUAL/I2C_LCD/I2C_LCD_cfg.o" --specs=nano.specs -mfloat-abi=soft -mthumb -o "Core/ECUAL/I2C_LCD/I2C_LCD_cfg.o"
arm-none-eabi-g++ -o "SSE-BluePill.elf" @"objects.list"   -mcpu=cortex-m3 -T"C:\Users\Isaac\Documents\Downloads\workspace_1.16.0\workspace_1.16.0\SSE-BluePill\STM32F103C8TX_FLASH.ld" --specs=nosys.specs -Wl,-Map="SSE-BluePill.map" -Wl,--gc-sections -static --specs=nano.specs -mfloat-abi=soft -mthumb -Wl,--start-group -lc -lm -lstdc++ -lsupc++ -Wl,--end-group
Finished building target: SSE-BluePill.elf
 
arm-none-eabi-size  SSE-BluePill.elf 
arm-none-eabi-objdump -h -S SSE-BluePill.elf  > "SSE-BluePill.list"
   text	   data	    bss	    dec	    hex	filename
  24932	    200	   2496	  27628	   6bec	SSE-BluePill.elf
Finished building: default.size.stdout
 
Finished building: SSE-BluePill.list
 
19:52:27 **** Incremental Build of configuration Debug for project SSE-BluePill ****
make -j8 all 
arm-none-eabi-size  SSE-BluePill.elf 
   text	   data	    bss	    dec	    hex	filename
  24932	    200	   2496	  27628	   6bec	SSE-BluePill.elf
Finished building: default.size.stdout
 
19:53:50 **** Incremental Build of configuration Debug for project SSE-BluePill ****
make -j8 all 
arm-none-eabi-gcc "../Core/Src/bsp_encoder.c" -mcpu=cortex-m3 -std=gnu18 -g3 -DDEBUG -DUSE_HAL_DRIVER -DSTM32F103xB -c -I../Core/Inc -I../Drivers/STM32F1xx_HAL_Driver/Inc/Legacy -I../Drivers/STM32F1xx_HAL_Driver/Inc -I../Drivers/CMSIS/Device/ST/STM32F1xx/Include -I../Drivers/CMSIS/Include -I../../Common/Inc -I"C:/Users/Isaac/Documents/Downloads/workspace_1.16.0/workspace_1.16.0/SSE-BluePill/Core/app" -O0 -ffunction-sections -fdata-sections -Wall -fstack-usage -fcyclomatic-complexity -MMD -MP -MF"Core/Src/bsp_encoder.d" -MT"Core/Src/bsp_encoder.o" --specs=nano.specs -mfloat-abi=soft -mthumb -o "Core/Src/bsp_encoder.o"
../Core/Src/bsp_encoder.c: In function 'BSP_ENCODER_GetSpeed':
../Core/Src/bsp_encoder.c:34:12: warning: implicit declaration of function 'GetMS' [-Wimplicit-function-declaration]
   34 |         if(GetMS() % 500 == 0){
      |            ^~~~~
arm-none-eabi-g++ -o "SSE-BluePill.elf" @"objects.list"   -mcpu=cortex-m3 -T"C:\Users\Isaac\Documents\Downloads\workspace_1.16.0\workspace_1.16.0\SSE-BluePill\STM32F103C8TX_FLASH.ld" --specs=nosys.specs -Wl,-Map="SSE-BluePill.map" -Wl,--gc-sections -static --specs=nano.specs -mfloat-abi=soft -mthumb -Wl,--start-group -lc -lm -lstdc++ -lsupc++ -Wl,--end-group
Finished building target: SSE-BluePill.elf
 
arm-none-eabi-size  SSE-BluePill.elf 
arm-none-eabi-objdump -h -S SSE-BluePill.elf  > "SSE-BluePill.list"
   text	   data	    bss	    dec	    hex	filename
  24932	    200	   2496	  27628	   6bec	SSE-BluePill.elf
Finished building: default.size.stdout
 
Finished building: SSE-BluePill.list
 
19:59:16 **** Clean-only build of configuration Debug for project SSE-BluePill ****
make -j8 clean 
rm -rf ./ExtSrc/Util.cyclo ./ExtSrc/Util.d ./ExtSrc/Util.o ./ExtSrc/Util.su ./ExtSrc/bsp_rf.cyclo ./ExtSrc/bsp_rf.d ./ExtSrc/bsp_rf.o ./ExtSrc/bsp_rf.su ./ExtSrc/nrf24.cyclo ./ExtSrc/nrf24.d ./ExtSrc/nrf24.o ./ExtSrc/nrf24.su
rm -rf ./Drivers/STM32F1xx_HAL_Driver/Src/stm32f1xx_hal.cyclo ./Drivers/STM32F1xx_HAL_Driver/Src/stm32f1xx_hal.d ./Drivers/STM32F1xx_HAL_Driver/Src/stm32f1xx_hal.o ./Drivers/STM32F1xx_HAL_Driver/Src/stm32f1xx_hal.su ./Drivers/STM32F1xx_HAL_Driver/Src/stm32f1xx_hal_cortex.cyclo ./Drivers/STM32F1xx_HAL_Driver/Src/stm32f1xx_hal_cortex.d ./Drivers/STM32F1xx_HAL_Driver/Src/stm32f1xx_hal_cortex.o ./Drivers/STM32F1xx_HAL_Driver/Src/stm32f1xx_hal_cortex.su ./Drivers/STM32F1xx_HAL_Driver/Src/stm32f1xx_hal_dma.cyclo ./Drivers/STM32F1xx_HAL_Driver/Src/stm32f1xx_hal_dma.d ./Drivers/STM32F1xx_HAL_Driver/Src/stm32f1xx_hal_dma.o ./Drivers/STM32F1xx_HAL_Driver/Src/stm32f1xx_hal_dma.su ./Drivers/STM32F1xx_HAL_Driver/Src/stm32f1xx_hal_exti.cyclo ./Drivers/STM32F1xx_HAL_Driver/Src/stm32f1xx_hal_exti.d ./Drivers/STM32F1xx_HAL_Driver/Src/stm32f1xx_hal_exti.o ./Drivers/STM32F1xx_HAL_Driver/Src/stm32f1xx_hal_exti.su ./Drivers/STM32F1xx_HAL_Driver/Src/stm32f1xx_hal_flash.cyclo ./Drivers/STM32F1xx_HAL_Driver/Src/stm32f1xx_hal_flash.d ./Drivers/STM32F1xx_HAL_Driver/Src/stm32f1xx_hal_flash.o ./Drivers/STM32F1xx_HAL_Driver/Src/stm32f1xx_hal_flash.su ./Drivers/STM32F1xx_HAL_Driver/Src/stm32f1xx_hal_flash_ex.cyclo ./Drivers/STM32F1xx_HAL_Driver/Src/stm32f1xx_hal_flash_ex.d ./Drivers/STM32F1xx_HAL_Driver/Src/stm32f1xx_hal_flash_ex.o ./Drivers/STM32F1xx_HAL_Driver/Src/stm32f1xx_hal_flash_ex.su ./Drivers/STM32F1xx_HAL_Driver/Src/stm32f1xx_hal_gpio.cyclo ./Drivers/STM32F1xx_HAL_Driver/Src/stm32f1xx_hal_gpio.d ./Drivers/STM32F1xx_HAL_Driver/Src/stm32f1xx_hal_gpio.o ./Drivers/STM32F1xx_HAL_Driver/Src/stm32f1xx_hal_gpio.su ./Drivers/STM32F1xx_HAL_Driver/Src/stm32f1xx_hal_gpio_ex.cyclo ./Drivers/STM32F1xx_HAL_Driver/Src/stm32f1xx_hal_gpio_ex.d ./Drivers/STM32F1xx_HAL_Driver/Src/stm32f1xx_hal_gpio_ex.o ./Drivers/STM32F1xx_HAL_Driver/Src/stm32f1xx_hal_gpio_ex.su ./Drivers/STM32F1xx_HAL_Driver/Src/stm32f1xx_hal_i2c.cyclo ./Drivers/STM32F1xx_HAL_Driver/Src/stm32f1xx_hal_i2c.d ./Drivers/STM32F1xx_HAL_Driver/Src/stm32f1xx_hal_i2c.o ./Drivers/STM32F1xx_HAL_Driver/Src/stm32f1xx_hal_i2c.su ./Drivers/STM32F1xx_HAL_Driver/Src/stm32f1xx_hal_pwr.cyclo ./Drivers/STM32F1xx_HAL_Driver/Src/stm32f1xx_hal_pwr.d ./Drivers/STM32F1xx_HAL_Driver/Src/stm32f1xx_hal_pwr.o ./Drivers/STM32F1xx_HAL_Driver/Src/stm32f1xx_hal_pwr.su ./Drivers/STM32F1xx_HAL_Driver/Src/stm32f1xx_hal_rcc.cyclo ./Drivers/STM32F1xx_HAL_Driver/Src/stm32f1xx_hal_rcc.d ./Drivers/STM32F1xx_HAL_Driver/Src/stm32f1xx_hal_rcc.o ./Drivers/STM32F1xx_HAL_Driver/Src/stm32f1xx_hal_rcc.su ./Drivers/STM32F1xx_HAL_Driver/Src/stm32f1xx_hal_rcc_ex.cyclo ./Drivers/STM32F1xx_HAL_Driver/Src/stm32f1xx_hal_rcc_ex.d ./Drivers/STM32F1xx_HAL_Driver/Src/stm32f1xx_hal_rcc_ex.o ./Drivers/STM32F1xx_HAL_Driver/Src/stm32f1xx_hal_rcc_ex.su ./Drivers/STM32F1xx_HAL_Driver/Src/stm32f1xx_hal_spi.cyclo ./Drivers/STM32F1xx_HAL_Driver/Src/stm32f1xx_hal_spi.d ./Drivers/STM32F1xx_HAL_Driver/Src/stm32f1xx_hal_spi.o ./Drivers/STM32F1xx_HAL_Driver/Src/stm32f1xx_hal_spi.su ./Drivers/STM32F1xx_HAL_Driver/Src/stm32f1xx_hal_tim.cyclo ./Drivers/STM32F1xx_HAL_Driver/Src/stm32f1xx_hal_tim.d ./Drivers/STM32F1xx_HAL_Driver/Src/stm32f1xx_hal_tim.o ./Drivers/STM32F1xx_HAL_Driver/Src/stm32f1xx_hal_tim.su ./Drivers/STM32F1xx_HAL_Driver/Src/stm32f1xx_hal_tim_ex.cyclo ./Drivers/STM32F1xx_HAL_Driver/Src/stm32f1xx_hal_tim_ex.d ./Drivers/STM32F1xx_HAL_Driver/Src/stm32f1xx_hal_tim_ex.o ./Drivers/STM32F1xx_HAL_Driver/Src/stm32f1xx_hal_tim_ex.su
rm -rf ./Core/app/app.cyclo ./Core/app/app.d ./Core/app/app.o ./Core/app/app.su ./Core/app/bsp.cyclo ./Core/app/bsp.d ./Core/app/bsp.o ./Core/app/bsp.su
rm -rf ./Core/Startup/startup_stm32f103c8tx.d ./Core/Startup/startup_stm32f103c8tx.o
rm -rf ./Core/Src/bsp_encoder.cyclo ./Core/Src/bsp_encoder.d ./Core/Src/bsp_encoder.o ./Core/Src/bsp_encoder.su ./Core/Src/bsp_hcsr501.cyclo ./Core/Src/bsp_hcsr501.d ./Core/Src/bsp_hcsr501.o ./Core/Src/bsp_hcsr501.su ./Core/Src/bsp_lcd.cyclo ./Core/Src/bsp_lcd.d ./Core/Src/bsp_lcd.o ./Core/Src/bsp_lcd.su ./Core/Src/bsp_rc522.cyclo ./Core/Src/bsp_rc522.d ./Core/Src/bsp_rc522.o ./Core/Src/bsp_rc522.su ./Core/Src/gpio.cyclo ./Core/Src/gpio.d ./Core/Src/gpio.o ./Core/Src/gpio.su ./Core/Src/i2c.cyclo ./Core/Src/i2c.d ./Core/Src/i2c.o ./Core/Src/i2c.su ./Core/Src/main.cyclo ./Core/Src/main.d ./Core/Src/main.o ./Core/Src/main.su ./Core/Src/rc522.cyclo ./Core/Src/rc522.d ./Core/Src/rc522.o ./Core/Src/rc522.su ./Core/Src/spi.cyclo ./Core/Src/spi.d ./Core/Src/spi.o ./Core/Src/spi.su ./Core/Src/stm32f1xx_hal_msp.cyclo ./Core/Src/stm32f1xx_hal_msp.d ./Core/Src/stm32f1xx_hal_msp.o ./Core/Src/stm32f1xx_hal_msp.su ./Core/Src/stm32f1xx_it.cyclo ./Core/Src/stm32f1xx_it.d ./Core/Src/stm32f1xx_it.o ./Core/Src/stm32f1xx_it.su ./Core/Src/syscalls.cyclo ./Core/Src/syscalls.d ./Core/Src/syscalls.o ./Core/Src/syscalls.su ./Core/Src/sysmem.cyclo ./Core/Src/sysmem.d ./Core/Src/sysmem.o ./Core/Src/sysmem.su ./Core/Src/system_stm32f1xx.cyclo ./Core/Src/system_stm32f1xx.d ./Core/Src/system_stm32f1xx.o ./Core/Src/system_stm32f1xx.su ./Core/Src/tim.cyclo ./Core/Src/tim.d ./Core/Src/tim.o ./Core/Src/tim.su
rm -rf ./Core/ECUAL/I2C_LCD/I2C_LCD.cyclo ./Core/ECUAL/I2C_LCD/I2C_LCD.d ./Core/ECUAL/I2C_LCD/I2C_LCD.o ./Core/ECUAL/I2C_LCD/I2C_LCD.su ./Core/ECUAL/I2C_LCD/I2C_LCD_cfg.cyclo ./Core/ECUAL/I2C_LCD/I2C_LCD_cfg.d ./Core/ECUAL/I2C_LCD/I2C_LCD_cfg.o ./Core/ECUAL/I2C_LCD/I2C_LCD_cfg.su
rm -rf SSE-BluePill.elf SSE-BluePill.list SSE-BluePill.map default.size.stdout
 
19:59:16 **** Incremental Build of configuration Debug for project SSE-BluePill ****
make -j8 all 
arm-none-eabi-gcc "C:/Users/Isaac/Documents/Downloads/workspace_1.16.0/workspace_1.16.0/Common/Src/Util.c" -mcpu=cortex-m3 -std=gnu18 -g3 -DDEBUG -DUSE_HAL_DRIVER -DSTM32F103xB -c -I../Core/Inc -I../Drivers/STM32F1xx_HAL_Driver/Inc/Legacy -I../Drivers/STM32F1xx_HAL_Driver/Inc -I../Drivers/CMSIS/Device/ST/STM32F1xx/Include -I../Drivers/CMSIS/Include -I../../Common/Inc -I"C:/Users/Isaac/Documents/Downloads/workspace_1.16.0/workspace_1.16.0/SSE-BluePill/Core/app" -O0 -ffunction-sections -fdata-sections -Wall -fstack-usage -fcyclomatic-complexity -MMD -MP -MF"ExtSrc/Util.d" -MT"ExtSrc/Util.o" --specs=nano.specs -mfloat-abi=soft -mthumb -o "ExtSrc/Util.o"
arm-none-eabi-gcc "C:/Users/Isaac/Documents/Downloads/workspace_1.16.0/workspace_1.16.0/Common/Src/bsp_rf.c" -mcpu=cortex-m3 -std=gnu18 -g3 -DDEBUG -DUSE_HAL_DRIVER -DSTM32F103xB -c -I../Core/Inc -I../Drivers/STM32F1xx_HAL_Driver/Inc/Legacy -I../Drivers/STM32F1xx_HAL_Driver/Inc -I../Drivers/CMSIS/Device/ST/STM32F1xx/Include -I../Drivers/CMSIS/Include -I../../Common/Inc -I"C:/Users/Isaac/Documents/Downloads/workspace_1.16.0/workspace_1.16.0/SSE-BluePill/Core/app" -O0 -ffunction-sections -fdata-sections -Wall -fstack-usage -fcyclomatic-complexity -MMD -MP -MF"ExtSrc/bsp_rf.d" -MT"ExtSrc/bsp_rf.o" --specs=nano.specs -mfloat-abi=soft -mthumb -o "ExtSrc/bsp_rf.o"
arm-none-eabi-gcc "C:/Users/Isaac/Documents/Downloads/workspace_1.16.0/workspace_1.16.0/Common/Src/nrf24.c" -mcpu=cortex-m3 -std=gnu18 -g3 -DDEBUG -DUSE_HAL_DRIVER -DSTM32F103xB -c -I../Core/Inc -I../Drivers/STM32F1xx_HAL_Driver/Inc/Legacy -I../Drivers/STM32F1xx_HAL_Driver/Inc -I../Drivers/CMSIS/Device/ST/STM32F1xx/Include -I../Drivers/CMSIS/Include -I../../Common/Inc -I"C:/Users/Isaac/Documents/Downloads/workspace_1.16.0/workspace_1.16.0/SSE-BluePill/Core/app" -O0 -ffunction-sections -fdata-sections -Wall -fstack-usage -fcyclomatic-complexity -MMD -MP -MF"ExtSrc/nrf24.d" -MT"ExtSrc/nrf24.o" --specs=nano.specs -mfloat-abi=soft -mthumb -o "ExtSrc/nrf24.o"
arm-none-eabi-gcc "../Drivers/STM32F1xx_HAL_Driver/Src/stm32f1xx_hal.c" -mcpu=cortex-m3 -std=gnu18 -g3 -DDEBUG -DUSE_HAL_DRIVER -DSTM32F103xB -c -I../Core/Inc -I../Drivers/STM32F1xx_HAL_Driver/Inc/Legacy -I../Drivers/STM32F1xx_HAL_Driver/Inc -I../Drivers/CMSIS/Device/ST/STM32F1xx/Include -I../Drivers/CMSIS/Include -I../../Common/Inc -I"C:/Users/Isaac/Documents/Downloads/workspace_1.16.0/workspace_1.16.0/SSE-BluePill/Core/app" -O0 -ffunction-sections -fdata-sections -Wall -fstack-usage -fcyclomatic-complexity -MMD -MP -MF"Drivers/STM32F1xx_HAL_Driver/Src/stm32f1xx_hal.d" -MT"Drivers/STM32F1xx_HAL_Driver/Src/stm32f1xx_hal.o" --specs=nano.specs -mfloat-abi=soft -mthumb -o "Drivers/STM32F1xx_HAL_Driver/Src/stm32f1xx_hal.o"
arm-none-eabi-gcc "../Drivers/STM32F1xx_HAL_Driver/Src/stm32f1xx_hal_cortex.c" -mcpu=cortex-m3 -std=gnu18 -g3 -DDEBUG -DUSE_HAL_DRIVER -DSTM32F103xB -c -I../Core/Inc -I../Drivers/STM32F1xx_HAL_Driver/Inc/Legacy -I../Drivers/STM32F1xx_HAL_Driver/Inc -I../Drivers/CMSIS/Device/ST/STM32F1xx/Include -I../Drivers/CMSIS/Include -I../../Common/Inc -I"C:/Users/Isaac/Documents/Downloads/workspace_1.16.0/workspace_1.16.0/SSE-BluePill/Core/app" -O0 -ffunction-sections -fdata-sections -Wall -fstack-usage -fcyclomatic-complexity -MMD -MP -MF"Drivers/STM32F1xx_HAL_Driver/Src/stm32f1xx_hal_cortex.d" -MT"Drivers/STM32F1xx_HAL_Driver/Src/stm32f1xx_hal_cortex.o" --specs=nano.specs -mfloat-abi=soft -mthumb -o "Drivers/STM32F1xx_HAL_Driver/Src/stm32f1xx_hal_cortex.o"
arm-none-eabi-gcc "../Drivers/STM32F1xx_HAL_Driver/Src/stm32f1xx_hal_dma.c" -mcpu=cortex-m3 -std=gnu18 -g3 -DDEBUG -DUSE_HAL_DRIVER -DSTM32F103xB -c -I../Core/Inc -I../Drivers/STM32F1xx_HAL_Driver/Inc/Legacy -I../Drivers/STM32F1xx_HAL_Driver/Inc -I../Drivers/CMSIS/Device/ST/STM32F1xx/Include -I../Drivers/CMSIS/Include -I../../Common/Inc -I"C:/Users/Isaac/Documents/Downloads/workspace_1.16.0/workspace_1.16.0/SSE-BluePill/Core/app" -O0 -ffunction-sections -fdata-sections -Wall -fstack-usage -fcyclomatic-complexity -MMD -MP -MF"Drivers/STM32F1xx_HAL_Driver/Src/stm32f1xx_hal_dma.d" -MT"Drivers/STM32F1xx_HAL_Driver/Src/stm32f1xx_hal_dma.o" --specs=nano.specs -mfloat-abi=soft -mthumb -o "Drivers/STM32F1xx_HAL_Driver/Src/stm32f1xx_hal_dma.o"
arm-none-eabi-gcc "../Drivers/STM32F1xx_HAL_Driver/Src/stm32f1xx_hal_exti.c" -mcpu=cortex-m3 -std=gnu18 -g3 -DDEBUG -DUSE_HAL_DRIVER -DSTM32F103xB -c -I../Core/Inc -I../Drivers/STM32F1xx_HAL_Driver/Inc/Legacy -I../Drivers/STM32F1xx_HAL_Driver/Inc -I../Drivers/CMSIS/Device/ST/STM32F1xx/Include -I../Drivers/CMSIS/Include -I../../Common/Inc -I"C:/Users/Isaac/Documents/Downloads/workspace_1.16.0/workspace_1.16.0/SSE-BluePill/Core/app" -O0 -ffunction-sections -fdata-sections -Wall -fstack-usage -fcyclomatic-complexity -MMD -MP -MF"Drivers/STM32F1xx_HAL_Driver/Src/stm32f1xx_hal_exti.d" -MT"Drivers/STM32F1xx_HAL_Driver/Src/stm32f1xx_hal_exti.o" --specs=nano.specs -mfloat-abi=soft -mthumb -o "Drivers/STM32F1xx_HAL_Driver/Src/stm32f1xx_hal_exti.o"
arm-none-eabi-gcc "../Drivers/STM32F1xx_HAL_Driver/Src/stm32f1xx_hal_flash.c" -mcpu=cortex-m3 -std=gnu18 -g3 -DDEBUG -DUSE_HAL_DRIVER -DSTM32F103xB -c -I../Core/Inc -I../Drivers/STM32F1xx_HAL_Driver/Inc/Legacy -I../Drivers/STM32F1xx_HAL_Driver/Inc -I../Drivers/CMSIS/Device/ST/STM32F1xx/Include -I../Drivers/CMSIS/Include -I../../Common/Inc -I"C:/Users/Isaac/Documents/Downloads/workspace_1.16.0/workspace_1.16.0/SSE-BluePill/Core/app" -O0 -ffunction-sections -fdata-sections -Wall -fstack-usage -fcyclomatic-complexity -MMD -MP -MF"Drivers/STM32F1xx_HAL_Driver/Src/stm32f1xx_hal_flash.d" -MT"Drivers/STM32F1xx_HAL_Driver/Src/stm32f1xx_hal_flash.o" --specs=nano.specs -mfloat-abi=soft -mthumb -o "Drivers/STM32F1xx_HAL_Driver/Src/stm32f1xx_hal_flash.o"
arm-none-eabi-gcc "../Drivers/STM32F1xx_HAL_Driver/Src/stm32f1xx_hal_flash_ex.c" -mcpu=cortex-m3 -std=gnu18 -g3 -DDEBUG -DUSE_HAL_DRIVER -DSTM32F103xB -c -I../Core/Inc -I../Drivers/STM32F1xx_HAL_Driver/Inc/Legacy -I../Drivers/STM32F1xx_HAL_Driver/Inc -I../Drivers/CMSIS/Device/ST/STM32F1xx/Include -I../Drivers/CMSIS/Include -I../../Common/Inc -I"C:/Users/Isaac/Documents/Downloads/workspace_1.16.0/workspace_1.16.0/SSE-BluePill/Core/app" -O0 -ffunction-sections -fdata-sections -Wall -fstack-usage -fcyclomatic-complexity -MMD -MP -MF"Drivers/STM32F1xx_HAL_Driver/Src/stm32f1xx_hal_flash_ex.d" -MT"Drivers/STM32F1xx_HAL_Driver/Src/stm32f1xx_hal_flash_ex.o" --specs=nano.specs -mfloat-abi=soft -mthumb -o "Drivers/STM32F1xx_HAL_Driver/Src/stm32f1xx_hal_flash_ex.o"
arm-none-eabi-gcc "../Drivers/STM32F1xx_HAL_Driver/Src/stm32f1xx_hal_gpio.c" -mcpu=cortex-m3 -std=gnu18 -g3 -DDEBUG -DUSE_HAL_DRIVER -DSTM32F103xB -c -I../Core/Inc -I../Drivers/STM32F1xx_HAL_Driver/Inc/Legacy -I../Drivers/STM32F1xx_HAL_Driver/Inc -I../Drivers/CMSIS/Device/ST/STM32F1xx/Include -I../Drivers/CMSIS/Include -I../../Common/Inc -I"C:/Users/Isaac/Documents/Downloads/workspace_1.16.0/workspace_1.16.0/SSE-BluePill/Core/app" -O0 -ffunction-sections -fdata-sections -Wall -fstack-usage -fcyclomatic-complexity -MMD -MP -MF"Drivers/STM32F1xx_HAL_Driver/Src/stm32f1xx_hal_gpio.d" -MT"Drivers/STM32F1xx_HAL_Driver/Src/stm32f1xx_hal_gpio.o" --specs=nano.specs -mfloat-abi=soft -mthumb -o "Drivers/STM32F1xx_HAL_Driver/Src/stm32f1xx_hal_gpio.o"
arm-none-eabi-gcc "../Drivers/STM32F1xx_HAL_Driver/Src/stm32f1xx_hal_gpio_ex.c" -mcpu=cortex-m3 -std=gnu18 -g3 -DDEBUG -DUSE_HAL_DRIVER -DSTM32F103xB -c -I../Core/Inc -I../Drivers/STM32F1xx_HAL_Driver/Inc/Legacy -I../Drivers/STM32F1xx_HAL_Driver/Inc -I../Drivers/CMSIS/Device/ST/STM32F1xx/Include -I../Drivers/CMSIS/Include -I../../Common/Inc -I"C:/Users/Isaac/Documents/Downloads/workspace_1.16.0/workspace_1.16.0/SSE-BluePill/Core/app" -O0 -ffunction-sections -fdata-sections -Wall -fstack-usage -fcyclomatic-complexity -MMD -MP -MF"Drivers/STM32F1xx_HAL_Driver/Src/stm32f1xx_hal_gpio_ex.d" -MT"Drivers/STM32F1xx_HAL_Driver/Src/stm32f1xx_hal_gpio_ex.o" --specs=nano.specs -mfloat-abi=soft -mthumb -o "Drivers/STM32F1xx_HAL_Driver/Src/stm32f1xx_hal_gpio_ex.o"
arm-none-eabi-gcc "../Drivers/STM32F1xx_HAL_Driver/Src/stm32f1xx_hal_i2c.c" -mcpu=cortex-m3 -std=gnu18 -g3 -DDEBUG -DUSE_HAL_DRIVER -DSTM32F103xB -c -I../Core/Inc -I../Drivers/STM32F1xx_HAL_Driver/Inc/Legacy -I../Drivers/STM32F1xx_HAL_Driver/Inc -I../Drivers/CMSIS/Device/ST/STM32F1xx/Include -I../Drivers/CMSIS/Include -I../../Common/Inc -I"C:/Users/Isaac/Documents/Downloads/workspace_1.16.0/workspace_1.16.0/SSE-BluePill/Core/app" -O0 -ffunction-sections -fdata-sections -Wall -fstack-usage -fcyclomatic-complexity -MMD -MP -MF"Drivers/STM32F1xx_HAL_Driver/Src/stm32f1xx_hal_i2c.d" -MT"Drivers/STM32F1xx_HAL_Driver/Src/stm32f1xx_hal_i2c.o" --specs=nano.specs -mfloat-abi=soft -mthumb -o "Drivers/STM32F1xx_HAL_Driver/Src/stm32f1xx_hal_i2c.o"
arm-none-eabi-gcc "../Drivers/STM32F1xx_HAL_Driver/Src/stm32f1xx_hal_pwr.c" -mcpu=cortex-m3 -std=gnu18 -g3 -DDEBUG -DUSE_HAL_DRIVER -DSTM32F103xB -c -I../Core/Inc -I../Drivers/STM32F1xx_HAL_Driver/Inc/Legacy -I../Drivers/STM32F1xx_HAL_Driver/Inc -I../Drivers/CMSIS/Device/ST/STM32F1xx/Include -I../Drivers/CMSIS/Include -I../../Common/Inc -I"C:/Users/Isaac/Documents/Downloads/workspace_1.16.0/workspace_1.16.0/SSE-BluePill/Core/app" -O0 -ffunction-sections -fdata-sections -Wall -fstack-usage -fcyclomatic-complexity -MMD -MP -MF"Drivers/STM32F1xx_HAL_Driver/Src/stm32f1xx_hal_pwr.d" -MT"Drivers/STM32F1xx_HAL_Driver/Src/stm32f1xx_hal_pwr.o" --specs=nano.specs -mfloat-abi=soft -mthumb -o "Drivers/STM32F1xx_HAL_Driver/Src/stm32f1xx_hal_pwr.o"
arm-none-eabi-gcc "../Drivers/STM32F1xx_HAL_Driver/Src/stm32f1xx_hal_rcc.c" -mcpu=cortex-m3 -std=gnu18 -g3 -DDEBUG -DUSE_HAL_DRIVER -DSTM32F103xB -c -I../Core/Inc -I../Drivers/STM32F1xx_HAL_Driver/Inc/Legacy -I../Drivers/STM32F1xx_HAL_Driver/Inc -I../Drivers/CMSIS/Device/ST/STM32F1xx/Include -I../Drivers/CMSIS/Include -I../../Common/Inc -I"C:/Users/Isaac/Documents/Downloads/workspace_1.16.0/workspace_1.16.0/SSE-BluePill/Core/app" -O0 -ffunction-sections -fdata-sections -Wall -fstack-usage -fcyclomatic-complexity -MMD -MP -MF"Drivers/STM32F1xx_HAL_Driver/Src/stm32f1xx_hal_rcc.d" -MT"Drivers/STM32F1xx_HAL_Driver/Src/stm32f1xx_hal_rcc.o" --specs=nano.specs -mfloat-abi=soft -mthumb -o "Drivers/STM32F1xx_HAL_Driver/Src/stm32f1xx_hal_rcc.o"
arm-none-eabi-gcc "../Drivers/STM32F1xx_HAL_Driver/Src/stm32f1xx_hal_rcc_ex.c" -mcpu=cortex-m3 -std=gnu18 -g3 -DDEBUG -DUSE_HAL_DRIVER -DSTM32F103xB -c -I../Core/Inc -I../Drivers/STM32F1xx_HAL_Driver/Inc/Legacy -I../Drivers/STM32F1xx_HAL_Driver/Inc -I../Drivers/CMSIS/Device/ST/STM32F1xx/Include -I../Drivers/CMSIS/Include -I../../Common/Inc -I"C:/Users/Isaac/Documents/Downloads/workspace_1.16.0/workspace_1.16.0/SSE-BluePill/Core/app" -O0 -ffunction-sections -fdata-sections -Wall -fstack-usage -fcyclomatic-complexity -MMD -MP -MF"Drivers/STM32F1xx_HAL_Driver/Src/stm32f1xx_hal_rcc_ex.d" -MT"Drivers/STM32F1xx_HAL_Driver/Src/stm32f1xx_hal_rcc_ex.o" --specs=nano.specs -mfloat-abi=soft -mthumb -o "Drivers/STM32F1xx_HAL_Driver/Src/stm32f1xx_hal_rcc_ex.o"
arm-none-eabi-gcc "../Drivers/STM32F1xx_HAL_Driver/Src/stm32f1xx_hal_spi.c" -mcpu=cortex-m3 -std=gnu18 -g3 -DDEBUG -DUSE_HAL_DRIVER -DSTM32F103xB -c -I../Core/Inc -I../Drivers/STM32F1xx_HAL_Driver/Inc/Legacy -I../Drivers/STM32F1xx_HAL_Driver/Inc -I../Drivers/CMSIS/Device/ST/STM32F1xx/Include -I../Drivers/CMSIS/Include -I../../Common/Inc -I"C:/Users/Isaac/Documents/Downloads/workspace_1.16.0/workspace_1.16.0/SSE-BluePill/Core/app" -O0 -ffunction-sections -fdata-sections -Wall -fstack-usage -fcyclomatic-complexity -MMD -MP -MF"Drivers/STM32F1xx_HAL_Driver/Src/stm32f1xx_hal_spi.d" -MT"Drivers/STM32F1xx_HAL_Driver/Src/stm32f1xx_hal_spi.o" --specs=nano.specs -mfloat-abi=soft -mthumb -o "Drivers/STM32F1xx_HAL_Driver/Src/stm32f1xx_hal_spi.o"
arm-none-eabi-gcc "../Drivers/STM32F1xx_HAL_Driver/Src/stm32f1xx_hal_tim.c" -mcpu=cortex-m3 -std=gnu18 -g3 -DDEBUG -DUSE_HAL_DRIVER -DSTM32F103xB -c -I../Core/Inc -I../Drivers/STM32F1xx_HAL_Driver/Inc/Legacy -I../Drivers/STM32F1xx_HAL_Driver/Inc -I../Drivers/CMSIS/Device/ST/STM32F1xx/Include -I../Drivers/CMSIS/Include -I../../Common/Inc -I"C:/Users/Isaac/Documents/Downloads/workspace_1.16.0/workspace_1.16.0/SSE-BluePill/Core/app" -O0 -ffunction-sections -fdata-sections -Wall -fstack-usage -fcyclomatic-complexity -MMD -MP -MF"Drivers/STM32F1xx_HAL_Driver/Src/stm32f1xx_hal_tim.d" -MT"Drivers/STM32F1xx_HAL_Driver/Src/stm32f1xx_hal_tim.o" --specs=nano.specs -mfloat-abi=soft -mthumb -o "Drivers/STM32F1xx_HAL_Driver/Src/stm32f1xx_hal_tim.o"
arm-none-eabi-gcc "../Drivers/STM32F1xx_HAL_Driver/Src/stm32f1xx_hal_tim_ex.c" -mcpu=cortex-m3 -std=gnu18 -g3 -DDEBUG -DUSE_HAL_DRIVER -DSTM32F103xB -c -I../Core/Inc -I../Drivers/STM32F1xx_HAL_Driver/Inc/Legacy -I../Drivers/STM32F1xx_HAL_Driver/Inc -I../Drivers/CMSIS/Device/ST/STM32F1xx/Include -I../Drivers/CMSIS/Include -I../../Common/Inc -I"C:/Users/Isaac/Documents/Downloads/workspace_1.16.0/workspace_1.16.0/SSE-BluePill/Core/app" -O0 -ffunction-sections -fdata-sections -Wall -fstack-usage -fcyclomatic-complexity -MMD -MP -MF"Drivers/STM32F1xx_HAL_Driver/Src/stm32f1xx_hal_tim_ex.d" -MT"Drivers/STM32F1xx_HAL_Driver/Src/stm32f1xx_hal_tim_ex.o" --specs=nano.specs -mfloat-abi=soft -mthumb -o "Drivers/STM32F1xx_HAL_Driver/Src/stm32f1xx_hal_tim_ex.o"
arm-none-eabi-gcc "../Core/app/app.c" -mcpu=cortex-m3 -std=gnu18 -g3 -DDEBUG -DUSE_HAL_DRIVER -DSTM32F103xB -c -I../Core/Inc -I../Drivers/STM32F1xx_HAL_Driver/Inc/Legacy -I../Drivers/STM32F1xx_HAL_Driver/Inc -I../Drivers/CMSIS/Device/ST/STM32F1xx/Include -I../Drivers/CMSIS/Include -I../../Common/Inc -I"C:/Users/Isaac/Documents/Downloads/workspace_1.16.0/workspace_1.16.0/SSE-BluePill/Core/app" -O0 -ffunction-sections -fdata-sections -Wall -fstack-usage -fcyclomatic-complexity -MMD -MP -MF"Core/app/app.d" -MT"Core/app/app.o" --specs=nano.specs -mfloat-abi=soft -mthumb -o "Core/app/app.o"
arm-none-eabi-gcc "../Core/app/bsp.c" -mcpu=cortex-m3 -std=gnu18 -g3 -DDEBUG -DUSE_HAL_DRIVER -DSTM32F103xB -c -I../Core/Inc -I../Drivers/STM32F1xx_HAL_Driver/Inc/Legacy -I../Drivers/STM32F1xx_HAL_Driver/Inc -I../Drivers/CMSIS/Device/ST/STM32F1xx/Include -I../Drivers/CMSIS/Include -I../../Common/Inc -I"C:/Users/Isaac/Documents/Downloads/workspace_1.16.0/workspace_1.16.0/SSE-BluePill/Core/app" -O0 -ffunction-sections -fdata-sections -Wall -fstack-usage -fcyclomatic-complexity -MMD -MP -MF"Core/app/bsp.d" -MT"Core/app/bsp.o" --specs=nano.specs -mfloat-abi=soft -mthumb -o "Core/app/bsp.o"
arm-none-eabi-gcc -mcpu=cortex-m3 -g3 -DDEBUG -c -x assembler-with-cpp -MMD -MP -MF"Core/Startup/startup_stm32f103c8tx.d" -MT"Core/Startup/startup_stm32f103c8tx.o" --specs=nano.specs -mfloat-abi=soft -mthumb -o "Core/Startup/startup_stm32f103c8tx.o" "../Core/Startup/startup_stm32f103c8tx.s"
arm-none-eabi-gcc "../Core/Src/bsp_encoder.c" -mcpu=cortex-m3 -std=gnu18 -g3 -DDEBUG -DUSE_HAL_DRIVER -DSTM32F103xB -c -I../Core/Inc -I../Drivers/STM32F1xx_HAL_Driver/Inc/Legacy -I../Drivers/STM32F1xx_HAL_Driver/Inc -I../Drivers/CMSIS/Device/ST/STM32F1xx/Include -I../Drivers/CMSIS/Include -I../../Common/Inc -I"C:/Users/Isaac/Documents/Downloads/workspace_1.16.0/workspace_1.16.0/SSE-BluePill/Core/app" -O0 -ffunction-sections -fdata-sections -Wall -fstack-usage -fcyclomatic-complexity -MMD -MP -MF"Core/Src/bsp_encoder.d" -MT"Core/Src/bsp_encoder.o" --specs=nano.specs -mfloat-abi=soft -mthumb -o "Core/Src/bsp_encoder.o"
../Core/app/app.c: In function 'APP_UPDATE_WORKSTATION':
../Core/app/app.c:192:45: warning: ' m' directive writing 2 bytes into a region of size between 1 and 3 [-Wformat-overflow=]
  192 |         sprintf(inactividad, "Inactividad:%d m", (uint8_t)current_time_inactive);
      |                                             ^~
../Core/app/app.c:192:9: note: 'sprintf' output between 16 and 18 bytes into a destination of size 16
  192 |         sprintf(inactividad, "Inactividad:%d m", (uint8_t)current_time_inactive);
      |         ^~~~~~~~~~~~~~~~~~~~~~~~~~~~~~~~~~~~~~~~~~~~~~~~~~~~~~~~~~~~~~~~~~~~~~~~
arm-none-eabi-gcc "../Core/Src/bsp_hcsr501.c" -mcpu=cortex-m3 -std=gnu18 -g3 -DDEBUG -DUSE_HAL_DRIVER -DSTM32F103xB -c -I../Core/Inc -I../Drivers/STM32F1xx_HAL_Driver/Inc/Legacy -I../Drivers/STM32F1xx_HAL_Driver/Inc -I../Drivers/CMSIS/Device/ST/STM32F1xx/Include -I../Drivers/CMSIS/Include -I../../Common/Inc -I"C:/Users/Isaac/Documents/Downloads/workspace_1.16.0/workspace_1.16.0/SSE-BluePill/Core/app" -O0 -ffunction-sections -fdata-sections -Wall -fstack-usage -fcyclomatic-complexity -MMD -MP -MF"Core/Src/bsp_hcsr501.d" -MT"Core/Src/bsp_hcsr501.o" --specs=nano.specs -mfloat-abi=soft -mthumb -o "Core/Src/bsp_hcsr501.o"
arm-none-eabi-gcc "../Core/Src/bsp_lcd.c" -mcpu=cortex-m3 -std=gnu18 -g3 -DDEBUG -DUSE_HAL_DRIVER -DSTM32F103xB -c -I../Core/Inc -I../Drivers/STM32F1xx_HAL_Driver/Inc/Legacy -I../Drivers/STM32F1xx_HAL_Driver/Inc -I../Drivers/CMSIS/Device/ST/STM32F1xx/Include -I../Drivers/CMSIS/Include -I../../Common/Inc -I"C:/Users/Isaac/Documents/Downloads/workspace_1.16.0/workspace_1.16.0/SSE-BluePill/Core/app" -O0 -ffunction-sections -fdata-sections -Wall -fstack-usage -fcyclomatic-complexity -MMD -MP -MF"Core/Src/bsp_lcd.d" -MT"Core/Src/bsp_lcd.o" --specs=nano.specs -mfloat-abi=soft -mthumb -o "Core/Src/bsp_lcd.o"
arm-none-eabi-gcc "../Core/Src/bsp_rc522.c" -mcpu=cortex-m3 -std=gnu18 -g3 -DDEBUG -DUSE_HAL_DRIVER -DSTM32F103xB -c -I../Core/Inc -I../Drivers/STM32F1xx_HAL_Driver/Inc/Legacy -I../Drivers/STM32F1xx_HAL_Driver/Inc -I../Drivers/CMSIS/Device/ST/STM32F1xx/Include -I../Drivers/CMSIS/Include -I../../Common/Inc -I"C:/Users/Isaac/Documents/Downloads/workspace_1.16.0/workspace_1.16.0/SSE-BluePill/Core/app" -O0 -ffunction-sections -fdata-sections -Wall -fstack-usage -fcyclomatic-complexity -MMD -MP -MF"Core/Src/bsp_rc522.d" -MT"Core/Src/bsp_rc522.o" --specs=nano.specs -mfloat-abi=soft -mthumb -o "Core/Src/bsp_rc522.o"
../Core/Src/bsp_encoder.c: In function 'BSP_ENCODER_GetSpeed':
../Core/Src/bsp_encoder.c:34:12: warning: implicit declaration of function 'GetMS' [-Wimplicit-function-declaration]
   34 |         if(GetMS() % 500 == 0){
      |            ^~~~~
arm-none-eabi-gcc "../Core/Src/gpio.c" -mcpu=cortex-m3 -std=gnu18 -g3 -DDEBUG -DUSE_HAL_DRIVER -DSTM32F103xB -c -I../Core/Inc -I../Drivers/STM32F1xx_HAL_Driver/Inc/Legacy -I../Drivers/STM32F1xx_HAL_Driver/Inc -I../Drivers/CMSIS/Device/ST/STM32F1xx/Include -I../Drivers/CMSIS/Include -I../../Common/Inc -I"C:/Users/Isaac/Documents/Downloads/workspace_1.16.0/workspace_1.16.0/SSE-BluePill/Core/app" -O0 -ffunction-sections -fdata-sections -Wall -fstack-usage -fcyclomatic-complexity -MMD -MP -MF"Core/Src/gpio.d" -MT"Core/Src/gpio.o" --specs=nano.specs -mfloat-abi=soft -mthumb -o "Core/Src/gpio.o"
arm-none-eabi-gcc "../Core/Src/i2c.c" -mcpu=cortex-m3 -std=gnu18 -g3 -DDEBUG -DUSE_HAL_DRIVER -DSTM32F103xB -c -I../Core/Inc -I../Drivers/STM32F1xx_HAL_Driver/Inc/Legacy -I../Drivers/STM32F1xx_HAL_Driver/Inc -I../Drivers/CMSIS/Device/ST/STM32F1xx/Include -I../Drivers/CMSIS/Include -I../../Common/Inc -I"C:/Users/Isaac/Documents/Downloads/workspace_1.16.0/workspace_1.16.0/SSE-BluePill/Core/app" -O0 -ffunction-sections -fdata-sections -Wall -fstack-usage -fcyclomatic-complexity -MMD -MP -MF"Core/Src/i2c.d" -MT"Core/Src/i2c.o" --specs=nano.specs -mfloat-abi=soft -mthumb -o "Core/Src/i2c.o"
arm-none-eabi-gcc "../Core/Src/main.c" -mcpu=cortex-m3 -std=gnu18 -g3 -DDEBUG -DUSE_HAL_DRIVER -DSTM32F103xB -c -I../Core/Inc -I../Drivers/STM32F1xx_HAL_Driver/Inc/Legacy -I../Drivers/STM32F1xx_HAL_Driver/Inc -I../Drivers/CMSIS/Device/ST/STM32F1xx/Include -I../Drivers/CMSIS/Include -I../../Common/Inc -I"C:/Users/Isaac/Documents/Downloads/workspace_1.16.0/workspace_1.16.0/SSE-BluePill/Core/app" -O0 -ffunction-sections -fdata-sections -Wall -fstack-usage -fcyclomatic-complexity -MMD -MP -MF"Core/Src/main.d" -MT"Core/Src/main.o" --specs=nano.specs -mfloat-abi=soft -mthumb -o "Core/Src/main.o"
../Core/Src/bsp_lcd.c: In function 'Initializing':
../Core/Src/bsp_lcd.c:11:9: warning: implicit declaration of function 'itoa' [-Wimplicit-function-declaration]
   11 |         itoa(params->setup_time - *(params->seconds), time, 10);
      |         ^~~~
arm-none-eabi-gcc "../Core/Src/rc522.c" -mcpu=cortex-m3 -std=gnu18 -g3 -DDEBUG -DUSE_HAL_DRIVER -DSTM32F103xB -c -I../Core/Inc -I../Drivers/STM32F1xx_HAL_Driver/Inc/Legacy -I../Drivers/STM32F1xx_HAL_Driver/Inc -I../Drivers/CMSIS/Device/ST/STM32F1xx/Include -I../Drivers/CMSIS/Include -I../../Common/Inc -I"C:/Users/Isaac/Documents/Downloads/workspace_1.16.0/workspace_1.16.0/SSE-BluePill/Core/app" -O0 -ffunction-sections -fdata-sections -Wall -fstack-usage -fcyclomatic-complexity -MMD -MP -MF"Core/Src/rc522.d" -MT"Core/Src/rc522.o" --specs=nano.specs -mfloat-abi=soft -mthumb -o "Core/Src/rc522.o"
arm-none-eabi-gcc "../Core/Src/spi.c" -mcpu=cortex-m3 -std=gnu18 -g3 -DDEBUG -DUSE_HAL_DRIVER -DSTM32F103xB -c -I../Core/Inc -I../Drivers/STM32F1xx_HAL_Driver/Inc/Legacy -I../Drivers/STM32F1xx_HAL_Driver/Inc -I../Drivers/CMSIS/Device/ST/STM32F1xx/Include -I../Drivers/CMSIS/Include -I../../Common/Inc -I"C:/Users/Isaac/Documents/Downloads/workspace_1.16.0/workspace_1.16.0/SSE-BluePill/Core/app" -O0 -ffunction-sections -fdata-sections -Wall -fstack-usage -fcyclomatic-complexity -MMD -MP -MF"Core/Src/spi.d" -MT"Core/Src/spi.o" --specs=nano.specs -mfloat-abi=soft -mthumb -o "Core/Src/spi.o"
arm-none-eabi-gcc "../Core/Src/stm32f1xx_hal_msp.c" -mcpu=cortex-m3 -std=gnu18 -g3 -DDEBUG -DUSE_HAL_DRIVER -DSTM32F103xB -c -I../Core/Inc -I../Drivers/STM32F1xx_HAL_Driver/Inc/Legacy -I../Drivers/STM32F1xx_HAL_Driver/Inc -I../Drivers/CMSIS/Device/ST/STM32F1xx/Include -I../Drivers/CMSIS/Include -I../../Common/Inc -I"C:/Users/Isaac/Documents/Downloads/workspace_1.16.0/workspace_1.16.0/SSE-BluePill/Core/app" -O0 -ffunction-sections -fdata-sections -Wall -fstack-usage -fcyclomatic-complexity -MMD -MP -MF"Core/Src/stm32f1xx_hal_msp.d" -MT"Core/Src/stm32f1xx_hal_msp.o" --specs=nano.specs -mfloat-abi=soft -mthumb -o "Core/Src/stm32f1xx_hal_msp.o"
../Core/Src/main.c: In function 'main':
../Core/Src/main.c:132:11: warning: unused variable 'waiting' [-Wunused-variable]
  132 |   uint8_t waiting = 1;
      |           ^~~~~~~
../Core/Src/main.c:131:11: warning: unused variable 'last_state' [-Wunused-variable]
  131 |   uint8_t last_state = 0;
      |           ^~~~~~~~~~
../Core/Src/main.c: In function 'HAL_GPIO_EXTI_Callback':
../Core/Src/main.c:220:37: warning: implicit declaration of function 'itoa' [-Wimplicit-function-declaration]
  220 |                 BSP_LCD_SendMessage(itoa(counter_button), 0,0, True);
      |                                     ^~~~
../Core/Src/main.c:220:37: warning: passing argument 1 of 'BSP_LCD_SendMessage' makes pointer from integer without a cast [-Wint-conversion]
  220 |                 BSP_LCD_SendMessage(itoa(counter_button), 0,0, True);
      |                                     ^~~~~~~~~~~~~~~~~~~~
      |                                     |
      |                                     int
In file included from ../Core/Inc/main.h:37,
                 from ../Core/Src/main.c:20:
../Core/Inc/bsp_lcd.h:22:32: note: expected 'char *' but argument is of type 'int'
   22 | void BSP_LCD_SendMessage(char* message, uint8_t col, uint8_t row, boolean clear);
      |                          ~~~~~~^~~~~~~
arm-none-eabi-gcc "../Core/Src/stm32f1xx_it.c" -mcpu=cortex-m3 -std=gnu18 -g3 -DDEBUG -DUSE_HAL_DRIVER -DSTM32F103xB -c -I../Core/Inc -I../Drivers/STM32F1xx_HAL_Driver/Inc/Legacy -I../Drivers/STM32F1xx_HAL_Driver/Inc -I../Drivers/CMSIS/Device/ST/STM32F1xx/Include -I../Drivers/CMSIS/Include -I../../Common/Inc -I"C:/Users/Isaac/Documents/Downloads/workspace_1.16.0/workspace_1.16.0/SSE-BluePill/Core/app" -O0 -ffunction-sections -fdata-sections -Wall -fstack-usage -fcyclomatic-complexity -MMD -MP -MF"Core/Src/stm32f1xx_it.d" -MT"Core/Src/stm32f1xx_it.o" --specs=nano.specs -mfloat-abi=soft -mthumb -o "Core/Src/stm32f1xx_it.o"
arm-none-eabi-gcc "../Core/Src/syscalls.c" -mcpu=cortex-m3 -std=gnu18 -g3 -DDEBUG -DUSE_HAL_DRIVER -DSTM32F103xB -c -I../Core/Inc -I../Drivers/STM32F1xx_HAL_Driver/Inc/Legacy -I../Drivers/STM32F1xx_HAL_Driver/Inc -I../Drivers/CMSIS/Device/ST/STM32F1xx/Include -I../Drivers/CMSIS/Include -I../../Common/Inc -I"C:/Users/Isaac/Documents/Downloads/workspace_1.16.0/workspace_1.16.0/SSE-BluePill/Core/app" -O0 -ffunction-sections -fdata-sections -Wall -fstack-usage -fcyclomatic-complexity -MMD -MP -MF"Core/Src/syscalls.d" -MT"Core/Src/syscalls.o" --specs=nano.specs -mfloat-abi=soft -mthumb -o "Core/Src/syscalls.o"
arm-none-eabi-gcc "../Core/Src/sysmem.c" -mcpu=cortex-m3 -std=gnu18 -g3 -DDEBUG -DUSE_HAL_DRIVER -DSTM32F103xB -c -I../Core/Inc -I../Drivers/STM32F1xx_HAL_Driver/Inc/Legacy -I../Drivers/STM32F1xx_HAL_Driver/Inc -I../Drivers/CMSIS/Device/ST/STM32F1xx/Include -I../Drivers/CMSIS/Include -I../../Common/Inc -I"C:/Users/Isaac/Documents/Downloads/workspace_1.16.0/workspace_1.16.0/SSE-BluePill/Core/app" -O0 -ffunction-sections -fdata-sections -Wall -fstack-usage -fcyclomatic-complexity -MMD -MP -MF"Core/Src/sysmem.d" -MT"Core/Src/sysmem.o" --specs=nano.specs -mfloat-abi=soft -mthumb -o "Core/Src/sysmem.o"
arm-none-eabi-gcc "../Core/Src/system_stm32f1xx.c" -mcpu=cortex-m3 -std=gnu18 -g3 -DDEBUG -DUSE_HAL_DRIVER -DSTM32F103xB -c -I../Core/Inc -I../Drivers/STM32F1xx_HAL_Driver/Inc/Legacy -I../Drivers/STM32F1xx_HAL_Driver/Inc -I../Drivers/CMSIS/Device/ST/STM32F1xx/Include -I../Drivers/CMSIS/Include -I../../Common/Inc -I"C:/Users/Isaac/Documents/Downloads/workspace_1.16.0/workspace_1.16.0/SSE-BluePill/Core/app" -O0 -ffunction-sections -fdata-sections -Wall -fstack-usage -fcyclomatic-complexity -MMD -MP -MF"Core/Src/system_stm32f1xx.d" -MT"Core/Src/system_stm32f1xx.o" --specs=nano.specs -mfloat-abi=soft -mthumb -o "Core/Src/system_stm32f1xx.o"
arm-none-eabi-gcc "../Core/Src/tim.c" -mcpu=cortex-m3 -std=gnu18 -g3 -DDEBUG -DUSE_HAL_DRIVER -DSTM32F103xB -c -I../Core/Inc -I../Drivers/STM32F1xx_HAL_Driver/Inc/Legacy -I../Drivers/STM32F1xx_HAL_Driver/Inc -I../Drivers/CMSIS/Device/ST/STM32F1xx/Include -I../Drivers/CMSIS/Include -I../../Common/Inc -I"C:/Users/Isaac/Documents/Downloads/workspace_1.16.0/workspace_1.16.0/SSE-BluePill/Core/app" -O0 -ffunction-sections -fdata-sections -Wall -fstack-usage -fcyclomatic-complexity -MMD -MP -MF"Core/Src/tim.d" -MT"Core/Src/tim.o" --specs=nano.specs -mfloat-abi=soft -mthumb -o "Core/Src/tim.o"
arm-none-eabi-gcc "../Core/ECUAL/I2C_LCD/I2C_LCD.c" -mcpu=cortex-m3 -std=gnu18 -g3 -DDEBUG -DUSE_HAL_DRIVER -DSTM32F103xB -c -I../Core/Inc -I../Drivers/STM32F1xx_HAL_Driver/Inc/Legacy -I../Drivers/STM32F1xx_HAL_Driver/Inc -I../Drivers/CMSIS/Device/ST/STM32F1xx/Include -I../Drivers/CMSIS/Include -I../../Common/Inc -I"C:/Users/Isaac/Documents/Downloads/workspace_1.16.0/workspace_1.16.0/SSE-BluePill/Core/app" -O0 -ffunction-sections -fdata-sections -Wall -fstack-usage -fcyclomatic-complexity -MMD -MP -MF"Core/ECUAL/I2C_LCD/I2C_LCD.d" -MT"Core/ECUAL/I2C_LCD/I2C_LCD.o" --specs=nano.specs -mfloat-abi=soft -mthumb -o "Core/ECUAL/I2C_LCD/I2C_LCD.o"
arm-none-eabi-gcc "../Core/ECUAL/I2C_LCD/I2C_LCD_cfg.c" -mcpu=cortex-m3 -std=gnu18 -g3 -DDEBUG -DUSE_HAL_DRIVER -DSTM32F103xB -c -I../Core/Inc -I../Drivers/STM32F1xx_HAL_Driver/Inc/Legacy -I../Drivers/STM32F1xx_HAL_Driver/Inc -I../Drivers/CMSIS/Device/ST/STM32F1xx/Include -I../Drivers/CMSIS/Include -I../../Common/Inc -I"C:/Users/Isaac/Documents/Downloads/workspace_1.16.0/workspace_1.16.0/SSE-BluePill/Core/app" -O0 -ffunction-sections -fdata-sections -Wall -fstack-usage -fcyclomatic-complexity -MMD -MP -MF"Core/ECUAL/I2C_LCD/I2C_LCD_cfg.d" -MT"Core/ECUAL/I2C_LCD/I2C_LCD_cfg.o" --specs=nano.specs -mfloat-abi=soft -mthumb -o "Core/ECUAL/I2C_LCD/I2C_LCD_cfg.o"
arm-none-eabi-g++ -o "SSE-BluePill.elf" @"objects.list"   -mcpu=cortex-m3 -T"C:\Users\Isaac\Documents\Downloads\workspace_1.16.0\workspace_1.16.0\SSE-BluePill\STM32F103C8TX_FLASH.ld" --specs=nosys.specs -Wl,-Map="SSE-BluePill.map" -Wl,--gc-sections -static --specs=nano.specs -mfloat-abi=soft -mthumb -Wl,--start-group -lc -lm -lstdc++ -lsupc++ -Wl,--end-group
Finished building target: SSE-BluePill.elf
 
arm-none-eabi-size  SSE-BluePill.elf 
arm-none-eabi-objdump -h -S SSE-BluePill.elf  > "SSE-BluePill.list"
   text	   data	    bss	    dec	    hex	filename
  24980	    200	   2496	  27676	   6c1c	SSE-BluePill.elf
Finished building: default.size.stdout
 
Finished building: SSE-BluePill.list
 
20:00:06 **** Incremental Build of configuration Debug for project SSE-BluePill ****
make -j8 all 
arm-none-eabi-gcc "C:/Users/Isaac/Documents/Downloads/workspace_1.16.0/workspace_1.16.0/Common/Src/bsp_rf.c" -mcpu=cortex-m3 -std=gnu18 -g3 -DDEBUG -DUSE_HAL_DRIVER -DSTM32F103xB -c -I../Core/Inc -I../Drivers/STM32F1xx_HAL_Driver/Inc/Legacy -I../Drivers/STM32F1xx_HAL_Driver/Inc -I../Drivers/CMSIS/Device/ST/STM32F1xx/Include -I../Drivers/CMSIS/Include -I../../Common/Inc -I"C:/Users/Isaac/Documents/Downloads/workspace_1.16.0/workspace_1.16.0/SSE-BluePill/Core/app" -O0 -ffunction-sections -fdata-sections -Wall -fstack-usage -fcyclomatic-complexity -MMD -MP -MF"ExtSrc/bsp_rf.d" -MT"ExtSrc/bsp_rf.o" --specs=nano.specs -mfloat-abi=soft -mthumb -o "ExtSrc/bsp_rf.o"
arm-none-eabi-gcc "C:/Users/Isaac/Documents/Downloads/workspace_1.16.0/workspace_1.16.0/Common/Src/nrf24.c" -mcpu=cortex-m3 -std=gnu18 -g3 -DDEBUG -DUSE_HAL_DRIVER -DSTM32F103xB -c -I../Core/Inc -I../Drivers/STM32F1xx_HAL_Driver/Inc/Legacy -I../Drivers/STM32F1xx_HAL_Driver/Inc -I../Drivers/CMSIS/Device/ST/STM32F1xx/Include -I../Drivers/CMSIS/Include -I../../Common/Inc -I"C:/Users/Isaac/Documents/Downloads/workspace_1.16.0/workspace_1.16.0/SSE-BluePill/Core/app" -O0 -ffunction-sections -fdata-sections -Wall -fstack-usage -fcyclomatic-complexity -MMD -MP -MF"ExtSrc/nrf24.d" -MT"ExtSrc/nrf24.o" --specs=nano.specs -mfloat-abi=soft -mthumb -o "ExtSrc/nrf24.o"
arm-none-eabi-gcc "../Core/app/app.c" -mcpu=cortex-m3 -std=gnu18 -g3 -DDEBUG -DUSE_HAL_DRIVER -DSTM32F103xB -c -I../Core/Inc -I../Drivers/STM32F1xx_HAL_Driver/Inc/Legacy -I../Drivers/STM32F1xx_HAL_Driver/Inc -I../Drivers/CMSIS/Device/ST/STM32F1xx/Include -I../Drivers/CMSIS/Include -I../../Common/Inc -I"C:/Users/Isaac/Documents/Downloads/workspace_1.16.0/workspace_1.16.0/SSE-BluePill/Core/app" -O0 -ffunction-sections -fdata-sections -Wall -fstack-usage -fcyclomatic-complexity -MMD -MP -MF"Core/app/app.d" -MT"Core/app/app.o" --specs=nano.specs -mfloat-abi=soft -mthumb -o "Core/app/app.o"
arm-none-eabi-gcc "../Core/Src/bsp_encoder.c" -mcpu=cortex-m3 -std=gnu18 -g3 -DDEBUG -DUSE_HAL_DRIVER -DSTM32F103xB -c -I../Core/Inc -I../Drivers/STM32F1xx_HAL_Driver/Inc/Legacy -I../Drivers/STM32F1xx_HAL_Driver/Inc -I../Drivers/CMSIS/Device/ST/STM32F1xx/Include -I../Drivers/CMSIS/Include -I../../Common/Inc -I"C:/Users/Isaac/Documents/Downloads/workspace_1.16.0/workspace_1.16.0/SSE-BluePill/Core/app" -O0 -ffunction-sections -fdata-sections -Wall -fstack-usage -fcyclomatic-complexity -MMD -MP -MF"Core/Src/bsp_encoder.d" -MT"Core/Src/bsp_encoder.o" --specs=nano.specs -mfloat-abi=soft -mthumb -o "Core/Src/bsp_encoder.o"
arm-none-eabi-gcc "../Core/Src/gpio.c" -mcpu=cortex-m3 -std=gnu18 -g3 -DDEBUG -DUSE_HAL_DRIVER -DSTM32F103xB -c -I../Core/Inc -I../Drivers/STM32F1xx_HAL_Driver/Inc/Legacy -I../Drivers/STM32F1xx_HAL_Driver/Inc -I../Drivers/CMSIS/Device/ST/STM32F1xx/Include -I../Drivers/CMSIS/Include -I../../Common/Inc -I"C:/Users/Isaac/Documents/Downloads/workspace_1.16.0/workspace_1.16.0/SSE-BluePill/Core/app" -O0 -ffunction-sections -fdata-sections -Wall -fstack-usage -fcyclomatic-complexity -MMD -MP -MF"Core/Src/gpio.d" -MT"Core/Src/gpio.o" --specs=nano.specs -mfloat-abi=soft -mthumb -o "Core/Src/gpio.o"
arm-none-eabi-gcc "../Core/Src/i2c.c" -mcpu=cortex-m3 -std=gnu18 -g3 -DDEBUG -DUSE_HAL_DRIVER -DSTM32F103xB -c -I../Core/Inc -I../Drivers/STM32F1xx_HAL_Driver/Inc/Legacy -I../Drivers/STM32F1xx_HAL_Driver/Inc -I../Drivers/CMSIS/Device/ST/STM32F1xx/Include -I../Drivers/CMSIS/Include -I../../Common/Inc -I"C:/Users/Isaac/Documents/Downloads/workspace_1.16.0/workspace_1.16.0/SSE-BluePill/Core/app" -O0 -ffunction-sections -fdata-sections -Wall -fstack-usage -fcyclomatic-complexity -MMD -MP -MF"Core/Src/i2c.d" -MT"Core/Src/i2c.o" --specs=nano.specs -mfloat-abi=soft -mthumb -o "Core/Src/i2c.o"
arm-none-eabi-gcc "../Core/Src/main.c" -mcpu=cortex-m3 -std=gnu18 -g3 -DDEBUG -DUSE_HAL_DRIVER -DSTM32F103xB -c -I../Core/Inc -I../Drivers/STM32F1xx_HAL_Driver/Inc/Legacy -I../Drivers/STM32F1xx_HAL_Driver/Inc -I../Drivers/CMSIS/Device/ST/STM32F1xx/Include -I../Drivers/CMSIS/Include -I../../Common/Inc -I"C:/Users/Isaac/Documents/Downloads/workspace_1.16.0/workspace_1.16.0/SSE-BluePill/Core/app" -O0 -ffunction-sections -fdata-sections -Wall -fstack-usage -fcyclomatic-complexity -MMD -MP -MF"Core/Src/main.d" -MT"Core/Src/main.o" --specs=nano.specs -mfloat-abi=soft -mthumb -o "Core/Src/main.o"
arm-none-eabi-gcc "../Core/Src/spi.c" -mcpu=cortex-m3 -std=gnu18 -g3 -DDEBUG -DUSE_HAL_DRIVER -DSTM32F103xB -c -I../Core/Inc -I../Drivers/STM32F1xx_HAL_Driver/Inc/Legacy -I../Drivers/STM32F1xx_HAL_Driver/Inc -I../Drivers/CMSIS/Device/ST/STM32F1xx/Include -I../Drivers/CMSIS/Include -I../../Common/Inc -I"C:/Users/Isaac/Documents/Downloads/workspace_1.16.0/workspace_1.16.0/SSE-BluePill/Core/app" -O0 -ffunction-sections -fdata-sections -Wall -fstack-usage -fcyclomatic-complexity -MMD -MP -MF"Core/Src/spi.d" -MT"Core/Src/spi.o" --specs=nano.specs -mfloat-abi=soft -mthumb -o "Core/Src/spi.o"
../Core/Src/bsp_encoder.c: In function 'BSP_ENCODER_GetSpeed':
../Core/Src/bsp_encoder.c:34:12: warning: implicit declaration of function 'GetMS' [-Wimplicit-function-declaration]
   34 |         if(GetMS() % 500 == 0){
      |            ^~~~~
../Core/app/app.c: In function 'APP_UPDATE_WORKSTATION':
../Core/app/app.c:192:45: warning: ' m' directive writing 2 bytes into a region of size between 1 and 3 [-Wformat-overflow=]
  192 |         sprintf(inactividad, "Inactividad:%d m", (uint8_t)current_time_inactive);
      |                                             ^~
../Core/app/app.c:192:9: note: 'sprintf' output between 16 and 18 bytes into a destination of size 16
  192 |         sprintf(inactividad, "Inactividad:%d m", (uint8_t)current_time_inactive);
      |         ^~~~~~~~~~~~~~~~~~~~~~~~~~~~~~~~~~~~~~~~~~~~~~~~~~~~~~~~~~~~~~~~~~~~~~~~
../Core/Src/main.c: In function 'main':
../Core/Src/main.c:132:11: warning: unused variable 'waiting' [-Wunused-variable]
  132 |   uint8_t waiting = 1;
      |           ^~~~~~~
../Core/Src/main.c:131:11: warning: unused variable 'last_state' [-Wunused-variable]
  131 |   uint8_t last_state = 0;
      |           ^~~~~~~~~~
../Core/Src/main.c: In function 'HAL_GPIO_EXTI_Callback':
../Core/Src/main.c:220:37: warning: implicit declaration of function 'itoa' [-Wimplicit-function-declaration]
  220 |                 BSP_LCD_SendMessage(itoa(counter_button), 0,0, True);
      |                                     ^~~~
../Core/Src/main.c:220:37: warning: passing argument 1 of 'BSP_LCD_SendMessage' makes pointer from integer without a cast [-Wint-conversion]
  220 |                 BSP_LCD_SendMessage(itoa(counter_button), 0,0, True);
      |                                     ^~~~~~~~~~~~~~~~~~~~
      |                                     |
      |                                     int
In file included from ../Core/Inc/main.h:37,
                 from ../Core/Src/main.c:20:
../Core/Inc/bsp_lcd.h:22:32: note: expected 'char *' but argument is of type 'int'
   22 | void BSP_LCD_SendMessage(char* message, uint8_t col, uint8_t row, boolean clear);
      |                          ~~~~~~^~~~~~~
arm-none-eabi-gcc "../Core/Src/stm32f1xx_hal_msp.c" -mcpu=cortex-m3 -std=gnu18 -g3 -DDEBUG -DUSE_HAL_DRIVER -DSTM32F103xB -c -I../Core/Inc -I../Drivers/STM32F1xx_HAL_Driver/Inc/Legacy -I../Drivers/STM32F1xx_HAL_Driver/Inc -I../Drivers/CMSIS/Device/ST/STM32F1xx/Include -I../Drivers/CMSIS/Include -I../../Common/Inc -I"C:/Users/Isaac/Documents/Downloads/workspace_1.16.0/workspace_1.16.0/SSE-BluePill/Core/app" -O0 -ffunction-sections -fdata-sections -Wall -fstack-usage -fcyclomatic-complexity -MMD -MP -MF"Core/Src/stm32f1xx_hal_msp.d" -MT"Core/Src/stm32f1xx_hal_msp.o" --specs=nano.specs -mfloat-abi=soft -mthumb -o "Core/Src/stm32f1xx_hal_msp.o"
arm-none-eabi-gcc "../Core/Src/stm32f1xx_it.c" -mcpu=cortex-m3 -std=gnu18 -g3 -DDEBUG -DUSE_HAL_DRIVER -DSTM32F103xB -c -I../Core/Inc -I../Drivers/STM32F1xx_HAL_Driver/Inc/Legacy -I../Drivers/STM32F1xx_HAL_Driver/Inc -I../Drivers/CMSIS/Device/ST/STM32F1xx/Include -I../Drivers/CMSIS/Include -I../../Common/Inc -I"C:/Users/Isaac/Documents/Downloads/workspace_1.16.0/workspace_1.16.0/SSE-BluePill/Core/app" -O0 -ffunction-sections -fdata-sections -Wall -fstack-usage -fcyclomatic-complexity -MMD -MP -MF"Core/Src/stm32f1xx_it.d" -MT"Core/Src/stm32f1xx_it.o" --specs=nano.specs -mfloat-abi=soft -mthumb -o "Core/Src/stm32f1xx_it.o"
arm-none-eabi-gcc "../Core/Src/tim.c" -mcpu=cortex-m3 -std=gnu18 -g3 -DDEBUG -DUSE_HAL_DRIVER -DSTM32F103xB -c -I../Core/Inc -I../Drivers/STM32F1xx_HAL_Driver/Inc/Legacy -I../Drivers/STM32F1xx_HAL_Driver/Inc -I../Drivers/CMSIS/Device/ST/STM32F1xx/Include -I../Drivers/CMSIS/Include -I../../Common/Inc -I"C:/Users/Isaac/Documents/Downloads/workspace_1.16.0/workspace_1.16.0/SSE-BluePill/Core/app" -O0 -ffunction-sections -fdata-sections -Wall -fstack-usage -fcyclomatic-complexity -MMD -MP -MF"Core/Src/tim.d" -MT"Core/Src/tim.o" --specs=nano.specs -mfloat-abi=soft -mthumb -o "Core/Src/tim.o"
arm-none-eabi-gcc "../Core/ECUAL/I2C_LCD/I2C_LCD.c" -mcpu=cortex-m3 -std=gnu18 -g3 -DDEBUG -DUSE_HAL_DRIVER -DSTM32F103xB -c -I../Core/Inc -I../Drivers/STM32F1xx_HAL_Driver/Inc/Legacy -I../Drivers/STM32F1xx_HAL_Driver/Inc -I../Drivers/CMSIS/Device/ST/STM32F1xx/Include -I../Drivers/CMSIS/Include -I../../Common/Inc -I"C:/Users/Isaac/Documents/Downloads/workspace_1.16.0/workspace_1.16.0/SSE-BluePill/Core/app" -O0 -ffunction-sections -fdata-sections -Wall -fstack-usage -fcyclomatic-complexity -MMD -MP -MF"Core/ECUAL/I2C_LCD/I2C_LCD.d" -MT"Core/ECUAL/I2C_LCD/I2C_LCD.o" --specs=nano.specs -mfloat-abi=soft -mthumb -o "Core/ECUAL/I2C_LCD/I2C_LCD.o"
arm-none-eabi-gcc "../Core/ECUAL/I2C_LCD/I2C_LCD_cfg.c" -mcpu=cortex-m3 -std=gnu18 -g3 -DDEBUG -DUSE_HAL_DRIVER -DSTM32F103xB -c -I../Core/Inc -I../Drivers/STM32F1xx_HAL_Driver/Inc/Legacy -I../Drivers/STM32F1xx_HAL_Driver/Inc -I../Drivers/CMSIS/Device/ST/STM32F1xx/Include -I../Drivers/CMSIS/Include -I../../Common/Inc -I"C:/Users/Isaac/Documents/Downloads/workspace_1.16.0/workspace_1.16.0/SSE-BluePill/Core/app" -O0 -ffunction-sections -fdata-sections -Wall -fstack-usage -fcyclomatic-complexity -MMD -MP -MF"Core/ECUAL/I2C_LCD/I2C_LCD_cfg.d" -MT"Core/ECUAL/I2C_LCD/I2C_LCD_cfg.o" --specs=nano.specs -mfloat-abi=soft -mthumb -o "Core/ECUAL/I2C_LCD/I2C_LCD_cfg.o"
arm-none-eabi-g++ -o "SSE-BluePill.elf" @"objects.list"   -mcpu=cortex-m3 -T"C:\Users\Isaac\Documents\Downloads\workspace_1.16.0\workspace_1.16.0\SSE-BluePill\STM32F103C8TX_FLASH.ld" --specs=nosys.specs -Wl,-Map="SSE-BluePill.map" -Wl,--gc-sections -static --specs=nano.specs -mfloat-abi=soft -mthumb -Wl,--start-group -lc -lm -lstdc++ -lsupc++ -Wl,--end-group
Finished building target: SSE-BluePill.elf
 
arm-none-eabi-size  SSE-BluePill.elf 
arm-none-eabi-objdump -h -S SSE-BluePill.elf  > "SSE-BluePill.list"
   text	   data	    bss	    dec	    hex	filename
  25012	    200	   2496	  27708	   6c3c	SSE-BluePill.elf
Finished building: default.size.stdout
 
Finished building: SSE-BluePill.list
 
20:01:50 **** Incremental Build of configuration Debug for project SSE-BluePill ****
make -j8 all 
arm-none-eabi-gcc "../Core/Src/gpio.c" -mcpu=cortex-m3 -std=gnu18 -g3 -DDEBUG -DUSE_HAL_DRIVER -DSTM32F103xB -c -I../Core/Inc -I../Drivers/STM32F1xx_HAL_Driver/Inc/Legacy -I../Drivers/STM32F1xx_HAL_Driver/Inc -I../Drivers/CMSIS/Device/ST/STM32F1xx/Include -I../Drivers/CMSIS/Include -I../../Common/Inc -I"C:/Users/Isaac/Documents/Downloads/workspace_1.16.0/workspace_1.16.0/SSE-BluePill/Core/app" -O0 -ffunction-sections -fdata-sections -Wall -fstack-usage -fcyclomatic-complexity -MMD -MP -MF"Core/Src/gpio.d" -MT"Core/Src/gpio.o" --specs=nano.specs -mfloat-abi=soft -mthumb -o "Core/Src/gpio.o"
arm-none-eabi-g++ -o "SSE-BluePill.elf" @"objects.list"   -mcpu=cortex-m3 -T"C:\Users\Isaac\Documents\Downloads\workspace_1.16.0\workspace_1.16.0\SSE-BluePill\STM32F103C8TX_FLASH.ld" --specs=nosys.specs -Wl,-Map="SSE-BluePill.map" -Wl,--gc-sections -static --specs=nano.specs -mfloat-abi=soft -mthumb -Wl,--start-group -lc -lm -lstdc++ -lsupc++ -Wl,--end-group
Finished building target: SSE-BluePill.elf
 
arm-none-eabi-size  SSE-BluePill.elf 
arm-none-eabi-objdump -h -S SSE-BluePill.elf  > "SSE-BluePill.list"
   text	   data	    bss	    dec	    hex	filename
  25012	    200	   2496	  27708	   6c3c	SSE-BluePill.elf
Finished building: default.size.stdout
 
Finished building: SSE-BluePill.list
 
20:02:13 **** Incremental Build of configuration Debug for project SSE-BluePill ****
make -j8 all 
arm-none-eabi-size  SSE-BluePill.elf 
   text	   data	    bss	    dec	    hex	filename
  25012	    200	   2496	  27708	   6c3c	SSE-BluePill.elf
Finished building: default.size.stdout
 
20:04:54 **** Incremental Build of configuration Debug for project SSE-BluePill ****
make -j8 all 
arm-none-eabi-gcc "../Core/Src/main.c" -mcpu=cortex-m3 -std=gnu18 -g3 -DDEBUG -DUSE_HAL_DRIVER -DSTM32F103xB -c -I../Core/Inc -I../Drivers/STM32F1xx_HAL_Driver/Inc/Legacy -I../Drivers/STM32F1xx_HAL_Driver/Inc -I../Drivers/CMSIS/Device/ST/STM32F1xx/Include -I../Drivers/CMSIS/Include -I../../Common/Inc -I"C:/Users/Isaac/Documents/Downloads/workspace_1.16.0/workspace_1.16.0/SSE-BluePill/Core/app" -O0 -ffunction-sections -fdata-sections -Wall -fstack-usage -fcyclomatic-complexity -MMD -MP -MF"Core/Src/main.d" -MT"Core/Src/main.o" --specs=nano.specs -mfloat-abi=soft -mthumb -o "Core/Src/main.o"
../Core/Src/main.c: In function 'main':
../Core/Src/main.c:132:11: warning: unused variable 'waiting' [-Wunused-variable]
  132 |   uint8_t waiting = 1;
      |           ^~~~~~~
../Core/Src/main.c:131:11: warning: unused variable 'last_state' [-Wunused-variable]
  131 |   uint8_t last_state = 0;
      |           ^~~~~~~~~~
../Core/Src/main.c: In function 'HAL_GPIO_EXTI_Callback':
../Core/Src/main.c:221:17: warning: implicit declaration of function 'sprintf' [-Wimplicit-function-declaration]
  221 |                 sprintf(counter_test, "%d", counter_button);
      |                 ^~~~~~~
../Core/Src/main.c:25:1: note: include '<stdio.h>' or provide a declaration of 'sprintf'
   24 | #include "gpio.h"
  +++ |+#include <stdio.h>
   25 | 
../Core/Src/main.c:221:17: warning: incompatible implicit declaration of built-in function 'sprintf' [-Wbuiltin-declaration-mismatch]
  221 |                 sprintf(counter_test, "%d", counter_button);
      |                 ^~~~~~~
../Core/Src/main.c:221:17: note: include '<stdio.h>' or provide a declaration of 'sprintf'
arm-none-eabi-g++ -o "SSE-BluePill.elf" @"objects.list"   -mcpu=cortex-m3 -T"C:\Users\Isaac\Documents\Downloads\workspace_1.16.0\workspace_1.16.0\SSE-BluePill\STM32F103C8TX_FLASH.ld" --specs=nosys.specs -Wl,-Map="SSE-BluePill.map" -Wl,--gc-sections -static --specs=nano.specs -mfloat-abi=soft -mthumb -Wl,--start-group -lc -lm -lstdc++ -lsupc++ -Wl,--end-group
Finished building target: SSE-BluePill.elf
 
arm-none-eabi-size  SSE-BluePill.elf 
arm-none-eabi-objdump -h -S SSE-BluePill.elf  > "SSE-BluePill.list"
   text	   data	    bss	    dec	    hex	filename
  25028	    200	   2512	  27740	   6c5c	SSE-BluePill.elf
Finished building: default.size.stdout
 
Finished building: SSE-BluePill.list
 
20:08:54 **** Incremental Build of configuration Debug for project SSE-BluePill ****
make -j8 all 
arm-none-eabi-gcc "C:/Users/Isaac/Documents/Downloads/workspace_1.16.0/workspace_1.16.0/Common/Src/bsp_rf.c" -mcpu=cortex-m3 -std=gnu18 -g3 -DDEBUG -DUSE_HAL_DRIVER -DSTM32F103xB -c -I../Core/Inc -I../Drivers/STM32F1xx_HAL_Driver/Inc/Legacy -I../Drivers/STM32F1xx_HAL_Driver/Inc -I../Drivers/CMSIS/Device/ST/STM32F1xx/Include -I../Drivers/CMSIS/Include -I../../Common/Inc -I"C:/Users/Isaac/Documents/Downloads/workspace_1.16.0/workspace_1.16.0/SSE-BluePill/Core/app" -O0 -ffunction-sections -fdata-sections -Wall -fstack-usage -fcyclomatic-complexity -MMD -MP -MF"ExtSrc/bsp_rf.d" -MT"ExtSrc/bsp_rf.o" --specs=nano.specs -mfloat-abi=soft -mthumb -o "ExtSrc/bsp_rf.o"
arm-none-eabi-gcc "C:/Users/Isaac/Documents/Downloads/workspace_1.16.0/workspace_1.16.0/Common/Src/nrf24.c" -mcpu=cortex-m3 -std=gnu18 -g3 -DDEBUG -DUSE_HAL_DRIVER -DSTM32F103xB -c -I../Core/Inc -I../Drivers/STM32F1xx_HAL_Driver/Inc/Legacy -I../Drivers/STM32F1xx_HAL_Driver/Inc -I../Drivers/CMSIS/Device/ST/STM32F1xx/Include -I../Drivers/CMSIS/Include -I../../Common/Inc -I"C:/Users/Isaac/Documents/Downloads/workspace_1.16.0/workspace_1.16.0/SSE-BluePill/Core/app" -O0 -ffunction-sections -fdata-sections -Wall -fstack-usage -fcyclomatic-complexity -MMD -MP -MF"ExtSrc/nrf24.d" -MT"ExtSrc/nrf24.o" --specs=nano.specs -mfloat-abi=soft -mthumb -o "ExtSrc/nrf24.o"
arm-none-eabi-gcc "../Core/app/app.c" -mcpu=cortex-m3 -std=gnu18 -g3 -DDEBUG -DUSE_HAL_DRIVER -DSTM32F103xB -c -I../Core/Inc -I../Drivers/STM32F1xx_HAL_Driver/Inc/Legacy -I../Drivers/STM32F1xx_HAL_Driver/Inc -I../Drivers/CMSIS/Device/ST/STM32F1xx/Include -I../Drivers/CMSIS/Include -I../../Common/Inc -I"C:/Users/Isaac/Documents/Downloads/workspace_1.16.0/workspace_1.16.0/SSE-BluePill/Core/app" -O0 -ffunction-sections -fdata-sections -Wall -fstack-usage -fcyclomatic-complexity -MMD -MP -MF"Core/app/app.d" -MT"Core/app/app.o" --specs=nano.specs -mfloat-abi=soft -mthumb -o "Core/app/app.o"
arm-none-eabi-gcc "../Core/app/bsp.c" -mcpu=cortex-m3 -std=gnu18 -g3 -DDEBUG -DUSE_HAL_DRIVER -DSTM32F103xB -c -I../Core/Inc -I../Drivers/STM32F1xx_HAL_Driver/Inc/Legacy -I../Drivers/STM32F1xx_HAL_Driver/Inc -I../Drivers/CMSIS/Device/ST/STM32F1xx/Include -I../Drivers/CMSIS/Include -I../../Common/Inc -I"C:/Users/Isaac/Documents/Downloads/workspace_1.16.0/workspace_1.16.0/SSE-BluePill/Core/app" -O0 -ffunction-sections -fdata-sections -Wall -fstack-usage -fcyclomatic-complexity -MMD -MP -MF"Core/app/bsp.d" -MT"Core/app/bsp.o" --specs=nano.specs -mfloat-abi=soft -mthumb -o "Core/app/bsp.o"
arm-none-eabi-gcc "../Core/Src/bsp_encoder.c" -mcpu=cortex-m3 -std=gnu18 -g3 -DDEBUG -DUSE_HAL_DRIVER -DSTM32F103xB -c -I../Core/Inc -I../Drivers/STM32F1xx_HAL_Driver/Inc/Legacy -I../Drivers/STM32F1xx_HAL_Driver/Inc -I../Drivers/CMSIS/Device/ST/STM32F1xx/Include -I../Drivers/CMSIS/Include -I../../Common/Inc -I"C:/Users/Isaac/Documents/Downloads/workspace_1.16.0/workspace_1.16.0/SSE-BluePill/Core/app" -O0 -ffunction-sections -fdata-sections -Wall -fstack-usage -fcyclomatic-complexity -MMD -MP -MF"Core/Src/bsp_encoder.d" -MT"Core/Src/bsp_encoder.o" --specs=nano.specs -mfloat-abi=soft -mthumb -o "Core/Src/bsp_encoder.o"
arm-none-eabi-gcc "../Core/Src/bsp_hcsr501.c" -mcpu=cortex-m3 -std=gnu18 -g3 -DDEBUG -DUSE_HAL_DRIVER -DSTM32F103xB -c -I../Core/Inc -I../Drivers/STM32F1xx_HAL_Driver/Inc/Legacy -I../Drivers/STM32F1xx_HAL_Driver/Inc -I../Drivers/CMSIS/Device/ST/STM32F1xx/Include -I../Drivers/CMSIS/Include -I../../Common/Inc -I"C:/Users/Isaac/Documents/Downloads/workspace_1.16.0/workspace_1.16.0/SSE-BluePill/Core/app" -O0 -ffunction-sections -fdata-sections -Wall -fstack-usage -fcyclomatic-complexity -MMD -MP -MF"Core/Src/bsp_hcsr501.d" -MT"Core/Src/bsp_hcsr501.o" --specs=nano.specs -mfloat-abi=soft -mthumb -o "Core/Src/bsp_hcsr501.o"
arm-none-eabi-gcc "../Core/Src/bsp_lcd.c" -mcpu=cortex-m3 -std=gnu18 -g3 -DDEBUG -DUSE_HAL_DRIVER -DSTM32F103xB -c -I../Core/Inc -I../Drivers/STM32F1xx_HAL_Driver/Inc/Legacy -I../Drivers/STM32F1xx_HAL_Driver/Inc -I../Drivers/CMSIS/Device/ST/STM32F1xx/Include -I../Drivers/CMSIS/Include -I../../Common/Inc -I"C:/Users/Isaac/Documents/Downloads/workspace_1.16.0/workspace_1.16.0/SSE-BluePill/Core/app" -O0 -ffunction-sections -fdata-sections -Wall -fstack-usage -fcyclomatic-complexity -MMD -MP -MF"Core/Src/bsp_lcd.d" -MT"Core/Src/bsp_lcd.o" --specs=nano.specs -mfloat-abi=soft -mthumb -o "Core/Src/bsp_lcd.o"
arm-none-eabi-gcc "../Core/Src/bsp_rc522.c" -mcpu=cortex-m3 -std=gnu18 -g3 -DDEBUG -DUSE_HAL_DRIVER -DSTM32F103xB -c -I../Core/Inc -I../Drivers/STM32F1xx_HAL_Driver/Inc/Legacy -I../Drivers/STM32F1xx_HAL_Driver/Inc -I../Drivers/CMSIS/Device/ST/STM32F1xx/Include -I../Drivers/CMSIS/Include -I../../Common/Inc -I"C:/Users/Isaac/Documents/Downloads/workspace_1.16.0/workspace_1.16.0/SSE-BluePill/Core/app" -O0 -ffunction-sections -fdata-sections -Wall -fstack-usage -fcyclomatic-complexity -MMD -MP -MF"Core/Src/bsp_rc522.d" -MT"Core/Src/bsp_rc522.o" --specs=nano.specs -mfloat-abi=soft -mthumb -o "Core/Src/bsp_rc522.o"
../Core/app/app.c: In function 'APP_UPDATE_WORKSTATION':
../Core/app/app.c:192:45: warning: ' m' directive writing 2 bytes into a region of size between 1 and 3 [-Wformat-overflow=]
  192 |         sprintf(inactividad, "Inactividad:%d m", (uint8_t)current_time_inactive);
      |                                             ^~
../Core/app/app.c:192:9: note: 'sprintf' output between 16 and 18 bytes into a destination of size 16
  192 |         sprintf(inactividad, "Inactividad:%d m", (uint8_t)current_time_inactive);
      |         ^~~~~~~~~~~~~~~~~~~~~~~~~~~~~~~~~~~~~~~~~~~~~~~~~~~~~~~~~~~~~~~~~~~~~~~~
../Core/Src/bsp_encoder.c: In function 'BSP_ENCODER_GetSpeed':
../Core/Src/bsp_encoder.c:34:12: warning: implicit declaration of function 'GetMS' [-Wimplicit-function-declaration]
   34 |         if(GetMS() % 500 == 0){
      |            ^~~~~
../Core/Src/bsp_lcd.c: In function 'Initializing':
../Core/Src/bsp_lcd.c:11:9: warning: implicit declaration of function 'itoa' [-Wimplicit-function-declaration]
   11 |         itoa(params->setup_time - *(params->seconds), time, 10);
      |         ^~~~
arm-none-eabi-gcc "../Core/Src/gpio.c" -mcpu=cortex-m3 -std=gnu18 -g3 -DDEBUG -DUSE_HAL_DRIVER -DSTM32F103xB -c -I../Core/Inc -I../Drivers/STM32F1xx_HAL_Driver/Inc/Legacy -I../Drivers/STM32F1xx_HAL_Driver/Inc -I../Drivers/CMSIS/Device/ST/STM32F1xx/Include -I../Drivers/CMSIS/Include -I../../Common/Inc -I"C:/Users/Isaac/Documents/Downloads/workspace_1.16.0/workspace_1.16.0/SSE-BluePill/Core/app" -O0 -ffunction-sections -fdata-sections -Wall -fstack-usage -fcyclomatic-complexity -MMD -MP -MF"Core/Src/gpio.d" -MT"Core/Src/gpio.o" --specs=nano.specs -mfloat-abi=soft -mthumb -o "Core/Src/gpio.o"
arm-none-eabi-gcc "../Core/Src/i2c.c" -mcpu=cortex-m3 -std=gnu18 -g3 -DDEBUG -DUSE_HAL_DRIVER -DSTM32F103xB -c -I../Core/Inc -I../Drivers/STM32F1xx_HAL_Driver/Inc/Legacy -I../Drivers/STM32F1xx_HAL_Driver/Inc -I../Drivers/CMSIS/Device/ST/STM32F1xx/Include -I../Drivers/CMSIS/Include -I../../Common/Inc -I"C:/Users/Isaac/Documents/Downloads/workspace_1.16.0/workspace_1.16.0/SSE-BluePill/Core/app" -O0 -ffunction-sections -fdata-sections -Wall -fstack-usage -fcyclomatic-complexity -MMD -MP -MF"Core/Src/i2c.d" -MT"Core/Src/i2c.o" --specs=nano.specs -mfloat-abi=soft -mthumb -o "Core/Src/i2c.o"
arm-none-eabi-gcc "../Core/Src/main.c" -mcpu=cortex-m3 -std=gnu18 -g3 -DDEBUG -DUSE_HAL_DRIVER -DSTM32F103xB -c -I../Core/Inc -I../Drivers/STM32F1xx_HAL_Driver/Inc/Legacy -I../Drivers/STM32F1xx_HAL_Driver/Inc -I../Drivers/CMSIS/Device/ST/STM32F1xx/Include -I../Drivers/CMSIS/Include -I../../Common/Inc -I"C:/Users/Isaac/Documents/Downloads/workspace_1.16.0/workspace_1.16.0/SSE-BluePill/Core/app" -O0 -ffunction-sections -fdata-sections -Wall -fstack-usage -fcyclomatic-complexity -MMD -MP -MF"Core/Src/main.d" -MT"Core/Src/main.o" --specs=nano.specs -mfloat-abi=soft -mthumb -o "Core/Src/main.o"
arm-none-eabi-gcc "../Core/Src/spi.c" -mcpu=cortex-m3 -std=gnu18 -g3 -DDEBUG -DUSE_HAL_DRIVER -DSTM32F103xB -c -I../Core/Inc -I../Drivers/STM32F1xx_HAL_Driver/Inc/Legacy -I../Drivers/STM32F1xx_HAL_Driver/Inc -I../Drivers/CMSIS/Device/ST/STM32F1xx/Include -I../Drivers/CMSIS/Include -I../../Common/Inc -I"C:/Users/Isaac/Documents/Downloads/workspace_1.16.0/workspace_1.16.0/SSE-BluePill/Core/app" -O0 -ffunction-sections -fdata-sections -Wall -fstack-usage -fcyclomatic-complexity -MMD -MP -MF"Core/Src/spi.d" -MT"Core/Src/spi.o" --specs=nano.specs -mfloat-abi=soft -mthumb -o "Core/Src/spi.o"
arm-none-eabi-gcc "../Core/Src/stm32f1xx_hal_msp.c" -mcpu=cortex-m3 -std=gnu18 -g3 -DDEBUG -DUSE_HAL_DRIVER -DSTM32F103xB -c -I../Core/Inc -I../Drivers/STM32F1xx_HAL_Driver/Inc/Legacy -I../Drivers/STM32F1xx_HAL_Driver/Inc -I../Drivers/CMSIS/Device/ST/STM32F1xx/Include -I../Drivers/CMSIS/Include -I../../Common/Inc -I"C:/Users/Isaac/Documents/Downloads/workspace_1.16.0/workspace_1.16.0/SSE-BluePill/Core/app" -O0 -ffunction-sections -fdata-sections -Wall -fstack-usage -fcyclomatic-complexity -MMD -MP -MF"Core/Src/stm32f1xx_hal_msp.d" -MT"Core/Src/stm32f1xx_hal_msp.o" --specs=nano.specs -mfloat-abi=soft -mthumb -o "Core/Src/stm32f1xx_hal_msp.o"
arm-none-eabi-gcc "../Core/Src/stm32f1xx_it.c" -mcpu=cortex-m3 -std=gnu18 -g3 -DDEBUG -DUSE_HAL_DRIVER -DSTM32F103xB -c -I../Core/Inc -I../Drivers/STM32F1xx_HAL_Driver/Inc/Legacy -I../Drivers/STM32F1xx_HAL_Driver/Inc -I../Drivers/CMSIS/Device/ST/STM32F1xx/Include -I../Drivers/CMSIS/Include -I../../Common/Inc -I"C:/Users/Isaac/Documents/Downloads/workspace_1.16.0/workspace_1.16.0/SSE-BluePill/Core/app" -O0 -ffunction-sections -fdata-sections -Wall -fstack-usage -fcyclomatic-complexity -MMD -MP -MF"Core/Src/stm32f1xx_it.d" -MT"Core/Src/stm32f1xx_it.o" --specs=nano.specs -mfloat-abi=soft -mthumb -o "Core/Src/stm32f1xx_it.o"
arm-none-eabi-gcc "../Core/Src/tim.c" -mcpu=cortex-m3 -std=gnu18 -g3 -DDEBUG -DUSE_HAL_DRIVER -DSTM32F103xB -c -I../Core/Inc -I../Drivers/STM32F1xx_HAL_Driver/Inc/Legacy -I../Drivers/STM32F1xx_HAL_Driver/Inc -I../Drivers/CMSIS/Device/ST/STM32F1xx/Include -I../Drivers/CMSIS/Include -I../../Common/Inc -I"C:/Users/Isaac/Documents/Downloads/workspace_1.16.0/workspace_1.16.0/SSE-BluePill/Core/app" -O0 -ffunction-sections -fdata-sections -Wall -fstack-usage -fcyclomatic-complexity -MMD -MP -MF"Core/Src/tim.d" -MT"Core/Src/tim.o" --specs=nano.specs -mfloat-abi=soft -mthumb -o "Core/Src/tim.o"
arm-none-eabi-gcc "../Core/ECUAL/I2C_LCD/I2C_LCD.c" -mcpu=cortex-m3 -std=gnu18 -g3 -DDEBUG -DUSE_HAL_DRIVER -DSTM32F103xB -c -I../Core/Inc -I../Drivers/STM32F1xx_HAL_Driver/Inc/Legacy -I../Drivers/STM32F1xx_HAL_Driver/Inc -I../Drivers/CMSIS/Device/ST/STM32F1xx/Include -I../Drivers/CMSIS/Include -I../../Common/Inc -I"C:/Users/Isaac/Documents/Downloads/workspace_1.16.0/workspace_1.16.0/SSE-BluePill/Core/app" -O0 -ffunction-sections -fdata-sections -Wall -fstack-usage -fcyclomatic-complexity -MMD -MP -MF"Core/ECUAL/I2C_LCD/I2C_LCD.d" -MT"Core/ECUAL/I2C_LCD/I2C_LCD.o" --specs=nano.specs -mfloat-abi=soft -mthumb -o "Core/ECUAL/I2C_LCD/I2C_LCD.o"
../Core/Src/main.c: In function 'main':
../Core/Src/main.c:132:11: warning: unused variable 'waiting' [-Wunused-variable]
  132 |   uint8_t waiting = 1;
      |           ^~~~~~~
../Core/Src/main.c:131:11: warning: unused variable 'last_state' [-Wunused-variable]
  131 |   uint8_t last_state = 0;
      |           ^~~~~~~~~~
../Core/Src/main.c: In function 'HAL_GPIO_EXTI_Callback':
../Core/Src/main.c:228:17: warning: implicit declaration of function 'sprintf' [-Wimplicit-function-declaration]
  228 |                 sprintf(counter_test, "%d", counter_button);
      |                 ^~~~~~~
../Core/Src/main.c:25:1: note: include '<stdio.h>' or provide a declaration of 'sprintf'
   24 | #include "gpio.h"
  +++ |+#include <stdio.h>
   25 | 
../Core/Src/main.c:228:17: warning: incompatible implicit declaration of built-in function 'sprintf' [-Wbuiltin-declaration-mismatch]
  228 |                 sprintf(counter_test, "%d", counter_button);
      |                 ^~~~~~~
../Core/Src/main.c:228:17: note: include '<stdio.h>' or provide a declaration of 'sprintf'
arm-none-eabi-gcc "../Core/ECUAL/I2C_LCD/I2C_LCD_cfg.c" -mcpu=cortex-m3 -std=gnu18 -g3 -DDEBUG -DUSE_HAL_DRIVER -DSTM32F103xB -c -I../Core/Inc -I../Drivers/STM32F1xx_HAL_Driver/Inc/Legacy -I../Drivers/STM32F1xx_HAL_Driver/Inc -I../Drivers/CMSIS/Device/ST/STM32F1xx/Include -I../Drivers/CMSIS/Include -I../../Common/Inc -I"C:/Users/Isaac/Documents/Downloads/workspace_1.16.0/workspace_1.16.0/SSE-BluePill/Core/app" -O0 -ffunction-sections -fdata-sections -Wall -fstack-usage -fcyclomatic-complexity -MMD -MP -MF"Core/ECUAL/I2C_LCD/I2C_LCD_cfg.d" -MT"Core/ECUAL/I2C_LCD/I2C_LCD_cfg.o" --specs=nano.specs -mfloat-abi=soft -mthumb -o "Core/ECUAL/I2C_LCD/I2C_LCD_cfg.o"
arm-none-eabi-g++ -o "SSE-BluePill.elf" @"objects.list"   -mcpu=cortex-m3 -T"C:\Users\Isaac\Documents\Downloads\workspace_1.16.0\workspace_1.16.0\SSE-BluePill\STM32F103C8TX_FLASH.ld" --specs=nosys.specs -Wl,-Map="SSE-BluePill.map" -Wl,--gc-sections -static --specs=nano.specs -mfloat-abi=soft -mthumb -Wl,--start-group -lc -lm -lstdc++ -lsupc++ -Wl,--end-group
Finished building target: SSE-BluePill.elf
 
arm-none-eabi-size  SSE-BluePill.elf 
arm-none-eabi-objdump -h -S SSE-BluePill.elf  > "SSE-BluePill.list"
   text	   data	    bss	    dec	    hex	filename
  25056	    200	   2520	  27776	   6c80	SSE-BluePill.elf
Finished building: default.size.stdout
 
Finished building: SSE-BluePill.list
 
