05:40:18 **** Incremental Build of configuration Debug for project SSE-BluePill ****
make -j8 all 
arm-none-eabi-gcc "C:/Users/Juan/STM32CubeIDE/workspace_1.16.0/Common/Src/bsp_rf.c" -mcpu=cortex-m3 -std=gnu18 -g3 -DDEBUG -DUSE_HAL_DRIVER -DSTM32F103xB -c -I../Core/Inc -I../Drivers/STM32F1xx_HAL_Driver/Inc/Legacy -I../Drivers/STM32F1xx_HAL_Driver/Inc -I../Drivers/CMSIS/Device/ST/STM32F1xx/Include -I../Drivers/CMSIS/Include -I../../Common/Inc -I"C:/Users/Juan/STM32CubeIDE/workspace_1.16.0/SSE-BluePill/Core/app" -O0 -ffunction-sections -fdata-sections -Wall -fstack-usage -fcyclomatic-complexity -MMD -MP -MF"ExtSrc/bsp_rf.d" -MT"ExtSrc/bsp_rf.o" --specs=nano.specs -mfloat-abi=soft -mthumb -o "ExtSrc/bsp_rf.o"
arm-none-eabi-gcc "C:/Users/Juan/STM32CubeIDE/workspace_1.16.0/Common/Src/nrf24.c" -mcpu=cortex-m3 -std=gnu18 -g3 -DDEBUG -DUSE_HAL_DRIVER -DSTM32F103xB -c -I../Core/Inc -I../Drivers/STM32F1xx_HAL_Driver/Inc/Legacy -I../Drivers/STM32F1xx_HAL_Driver/Inc -I../Drivers/CMSIS/Device/ST/STM32F1xx/Include -I../Drivers/CMSIS/Include -I../../Common/Inc -I"C:/Users/Juan/STM32CubeIDE/workspace_1.16.0/SSE-BluePill/Core/app" -O0 -ffunction-sections -fdata-sections -Wall -fstack-usage -fcyclomatic-complexity -MMD -MP -MF"ExtSrc/nrf24.d" -MT"ExtSrc/nrf24.o" --specs=nano.specs -mfloat-abi=soft -mthumb -o "ExtSrc/nrf24.o"
arm-none-eabi-gcc "../Core/app/app.c" -mcpu=cortex-m3 -std=gnu18 -g3 -DDEBUG -DUSE_HAL_DRIVER -DSTM32F103xB -c -I../Core/Inc -I../Drivers/STM32F1xx_HAL_Driver/Inc/Legacy -I../Drivers/STM32F1xx_HAL_Driver/Inc -I../Drivers/CMSIS/Device/ST/STM32F1xx/Include -I../Drivers/CMSIS/Include -I../../Common/Inc -I"C:/Users/Juan/STM32CubeIDE/workspace_1.16.0/SSE-BluePill/Core/app" -O0 -ffunction-sections -fdata-sections -Wall -fstack-usage -fcyclomatic-complexity -MMD -MP -MF"Core/app/app.d" -MT"Core/app/app.o" --specs=nano.specs -mfloat-abi=soft -mthumb -o "Core/app/app.o"
arm-none-eabi-gcc "../Core/app/bsp.c" -mcpu=cortex-m3 -std=gnu18 -g3 -DDEBUG -DUSE_HAL_DRIVER -DSTM32F103xB -c -I../Core/Inc -I../Drivers/STM32F1xx_HAL_Driver/Inc/Legacy -I../Drivers/STM32F1xx_HAL_Driver/Inc -I../Drivers/CMSIS/Device/ST/STM32F1xx/Include -I../Drivers/CMSIS/Include -I../../Common/Inc -I"C:/Users/Juan/STM32CubeIDE/workspace_1.16.0/SSE-BluePill/Core/app" -O0 -ffunction-sections -fdata-sections -Wall -fstack-usage -fcyclomatic-complexity -MMD -MP -MF"Core/app/bsp.d" -MT"Core/app/bsp.o" --specs=nano.specs -mfloat-abi=soft -mthumb -o "Core/app/bsp.o"
arm-none-eabi-gcc "../Core/Src/bsp_encoder.c" -mcpu=cortex-m3 -std=gnu18 -g3 -DDEBUG -DUSE_HAL_DRIVER -DSTM32F103xB -c -I../Core/Inc -I../Drivers/STM32F1xx_HAL_Driver/Inc/Legacy -I../Drivers/STM32F1xx_HAL_Driver/Inc -I../Drivers/CMSIS/Device/ST/STM32F1xx/Include -I../Drivers/CMSIS/Include -I../../Common/Inc -I"C:/Users/Juan/STM32CubeIDE/workspace_1.16.0/SSE-BluePill/Core/app" -O0 -ffunction-sections -fdata-sections -Wall -fstack-usage -fcyclomatic-complexity -MMD -MP -MF"Core/Src/bsp_encoder.d" -MT"Core/Src/bsp_encoder.o" --specs=nano.specs -mfloat-abi=soft -mthumb -o "Core/Src/bsp_encoder.o"
arm-none-eabi-gcc "../Core/Src/gpio.c" -mcpu=cortex-m3 -std=gnu18 -g3 -DDEBUG -DUSE_HAL_DRIVER -DSTM32F103xB -c -I../Core/Inc -I../Drivers/STM32F1xx_HAL_Driver/Inc/Legacy -I../Drivers/STM32F1xx_HAL_Driver/Inc -I../Drivers/CMSIS/Device/ST/STM32F1xx/Include -I../Drivers/CMSIS/Include -I../../Common/Inc -I"C:/Users/Juan/STM32CubeIDE/workspace_1.16.0/SSE-BluePill/Core/app" -O0 -ffunction-sections -fdata-sections -Wall -fstack-usage -fcyclomatic-complexity -MMD -MP -MF"Core/Src/gpio.d" -MT"Core/Src/gpio.o" --specs=nano.specs -mfloat-abi=soft -mthumb -o "Core/Src/gpio.o"
arm-none-eabi-gcc "../Core/Src/i2c.c" -mcpu=cortex-m3 -std=gnu18 -g3 -DDEBUG -DUSE_HAL_DRIVER -DSTM32F103xB -c -I../Core/Inc -I../Drivers/STM32F1xx_HAL_Driver/Inc/Legacy -I../Drivers/STM32F1xx_HAL_Driver/Inc -I../Drivers/CMSIS/Device/ST/STM32F1xx/Include -I../Drivers/CMSIS/Include -I../../Common/Inc -I"C:/Users/Juan/STM32CubeIDE/workspace_1.16.0/SSE-BluePill/Core/app" -O0 -ffunction-sections -fdata-sections -Wall -fstack-usage -fcyclomatic-complexity -MMD -MP -MF"Core/Src/i2c.d" -MT"Core/Src/i2c.o" --specs=nano.specs -mfloat-abi=soft -mthumb -o "Core/Src/i2c.o"
arm-none-eabi-gcc "../Core/Src/main.c" -mcpu=cortex-m3 -std=gnu18 -g3 -DDEBUG -DUSE_HAL_DRIVER -DSTM32F103xB -c -I../Core/Inc -I../Drivers/STM32F1xx_HAL_Driver/Inc/Legacy -I../Drivers/STM32F1xx_HAL_Driver/Inc -I../Drivers/CMSIS/Device/ST/STM32F1xx/Include -I../Drivers/CMSIS/Include -I../../Common/Inc -I"C:/Users/Juan/STM32CubeIDE/workspace_1.16.0/SSE-BluePill/Core/app" -O0 -ffunction-sections -fdata-sections -Wall -fstack-usage -fcyclomatic-complexity -MMD -MP -MF"Core/Src/main.d" -MT"Core/Src/main.o" --specs=nano.specs -mfloat-abi=soft -mthumb -o "Core/Src/main.o"
../Core/app/app.c: In function 'APP_UPDATE_WORKSTATION':
../Core/app/app.c:192:45: warning: ' m' directive writing 2 bytes into a region of size between 1 and 3 [-Wformat-overflow=]
  192 |         sprintf(inactividad, "Inactividad:%d m", (uint8_t)current_time_inactive);
      |                                             ^~
../Core/app/app.c:192:9: note: 'sprintf' output between 16 and 18 bytes into a destination of size 16
  192 |         sprintf(inactividad, "Inactividad:%d m", (uint8_t)current_time_inactive);
      |         ^~~~~~~~~~~~~~~~~~~~~~~~~~~~~~~~~~~~~~~~~~~~~~~~~~~~~~~~~~~~~~~~~~~~~~~~
../Core/Src/bsp_encoder.c: In function 'BSP_ENCODER_GetSpeed':
../Core/Src/bsp_encoder.c:34:12: warning: implicit declaration of function 'GetMS' [-Wimplicit-function-declaration]
   34 |         if(GetMS() % 500 == 0){
      |            ^~~~~
../Core/Src/main.c: In function 'main':
../Core/Src/main.c:132:11: warning: unused variable 'waiting' [-Wunused-variable]
  132 |   uint8_t waiting = 1;
      |           ^~~~~~~
../Core/Src/main.c:131:11: warning: unused variable 'last_state' [-Wunused-variable]
  131 |   uint8_t last_state = 0;
      |           ^~~~~~~~~~
arm-none-eabi-gcc "../Core/Src/spi.c" -mcpu=cortex-m3 -std=gnu18 -g3 -DDEBUG -DUSE_HAL_DRIVER -DSTM32F103xB -c -I../Core/Inc -I../Drivers/STM32F1xx_HAL_Driver/Inc/Legacy -I../Drivers/STM32F1xx_HAL_Driver/Inc -I../Drivers/CMSIS/Device/ST/STM32F1xx/Include -I../Drivers/CMSIS/Include -I../../Common/Inc -I"C:/Users/Juan/STM32CubeIDE/workspace_1.16.0/SSE-BluePill/Core/app" -O0 -ffunction-sections -fdata-sections -Wall -fstack-usage -fcyclomatic-complexity -MMD -MP -MF"Core/Src/spi.d" -MT"Core/Src/spi.o" --specs=nano.specs -mfloat-abi=soft -mthumb -o "Core/Src/spi.o"
arm-none-eabi-gcc "../Core/Src/stm32f1xx_hal_msp.c" -mcpu=cortex-m3 -std=gnu18 -g3 -DDEBUG -DUSE_HAL_DRIVER -DSTM32F103xB -c -I../Core/Inc -I../Drivers/STM32F1xx_HAL_Driver/Inc/Legacy -I../Drivers/STM32F1xx_HAL_Driver/Inc -I../Drivers/CMSIS/Device/ST/STM32F1xx/Include -I../Drivers/CMSIS/Include -I../../Common/Inc -I"C:/Users/Juan/STM32CubeIDE/workspace_1.16.0/SSE-BluePill/Core/app" -O0 -ffunction-sections -fdata-sections -Wall -fstack-usage -fcyclomatic-complexity -MMD -MP -MF"Core/Src/stm32f1xx_hal_msp.d" -MT"Core/Src/stm32f1xx_hal_msp.o" --specs=nano.specs -mfloat-abi=soft -mthumb -o "Core/Src/stm32f1xx_hal_msp.o"
arm-none-eabi-gcc "../Core/Src/stm32f1xx_it.c" -mcpu=cortex-m3 -std=gnu18 -g3 -DDEBUG -DUSE_HAL_DRIVER -DSTM32F103xB -c -I../Core/Inc -I../Drivers/STM32F1xx_HAL_Driver/Inc/Legacy -I../Drivers/STM32F1xx_HAL_Driver/Inc -I../Drivers/CMSIS/Device/ST/STM32F1xx/Include -I../Drivers/CMSIS/Include -I../../Common/Inc -I"C:/Users/Juan/STM32CubeIDE/workspace_1.16.0/SSE-BluePill/Core/app" -O0 -ffunction-sections -fdata-sections -Wall -fstack-usage -fcyclomatic-complexity -MMD -MP -MF"Core/Src/stm32f1xx_it.d" -MT"Core/Src/stm32f1xx_it.o" --specs=nano.specs -mfloat-abi=soft -mthumb -o "Core/Src/stm32f1xx_it.o"
arm-none-eabi-gcc "../Core/Src/tim.c" -mcpu=cortex-m3 -std=gnu18 -g3 -DDEBUG -DUSE_HAL_DRIVER -DSTM32F103xB -c -I../Core/Inc -I../Drivers/STM32F1xx_HAL_Driver/Inc/Legacy -I../Drivers/STM32F1xx_HAL_Driver/Inc -I../Drivers/CMSIS/Device/ST/STM32F1xx/Include -I../Drivers/CMSIS/Include -I../../Common/Inc -I"C:/Users/Juan/STM32CubeIDE/workspace_1.16.0/SSE-BluePill/Core/app" -O0 -ffunction-sections -fdata-sections -Wall -fstack-usage -fcyclomatic-complexity -MMD -MP -MF"Core/Src/tim.d" -MT"Core/Src/tim.o" --specs=nano.specs -mfloat-abi=soft -mthumb -o "Core/Src/tim.o"
arm-none-eabi-gcc "../Core/ECUAL/I2C_LCD/I2C_LCD.c" -mcpu=cortex-m3 -std=gnu18 -g3 -DDEBUG -DUSE_HAL_DRIVER -DSTM32F103xB -c -I../Core/Inc -I../Drivers/STM32F1xx_HAL_Driver/Inc/Legacy -I../Drivers/STM32F1xx_HAL_Driver/Inc -I../Drivers/CMSIS/Device/ST/STM32F1xx/Include -I../Drivers/CMSIS/Include -I../../Common/Inc -I"C:/Users/Juan/STM32CubeIDE/workspace_1.16.0/SSE-BluePill/Core/app" -O0 -ffunction-sections -fdata-sections -Wall -fstack-usage -fcyclomatic-complexity -MMD -MP -MF"Core/ECUAL/I2C_LCD/I2C_LCD.d" -MT"Core/ECUAL/I2C_LCD/I2C_LCD.o" --specs=nano.specs -mfloat-abi=soft -mthumb -o "Core/ECUAL/I2C_LCD/I2C_LCD.o"
arm-none-eabi-gcc "../Core/ECUAL/I2C_LCD/I2C_LCD_cfg.c" -mcpu=cortex-m3 -std=gnu18 -g3 -DDEBUG -DUSE_HAL_DRIVER -DSTM32F103xB -c -I../Core/Inc -I../Drivers/STM32F1xx_HAL_Driver/Inc/Legacy -I../Drivers/STM32F1xx_HAL_Driver/Inc -I../Drivers/CMSIS/Device/ST/STM32F1xx/Include -I../Drivers/CMSIS/Include -I../../Common/Inc -I"C:/Users/Juan/STM32CubeIDE/workspace_1.16.0/SSE-BluePill/Core/app" -O0 -ffunction-sections -fdata-sections -Wall -fstack-usage -fcyclomatic-complexity -MMD -MP -MF"Core/ECUAL/I2C_LCD/I2C_LCD_cfg.d" -MT"Core/ECUAL/I2C_LCD/I2C_LCD_cfg.o" --specs=nano.specs -mfloat-abi=soft -mthumb -o "Core/ECUAL/I2C_LCD/I2C_LCD_cfg.o"
arm-none-eabi-g++ -o "SSE-BluePill.elf" @"objects.list"   -mcpu=cortex-m3 -T"C:\Users\Juan\STM32CubeIDE\workspace_1.16.0\SSE-BluePill\STM32F103C8TX_FLASH.ld" --specs=nosys.specs -Wl,-Map="SSE-BluePill.map" -Wl,--gc-sections -static --specs=nano.specs -mfloat-abi=soft -mthumb -Wl,--start-group -lc -lm -lstdc++ -lsupc++ -Wl,--end-group
Finished building target: SSE-BluePill.elf
 
arm-none-eabi-size  SSE-BluePill.elf 
arm-none-eabi-objdump -h -S SSE-BluePill.elf  > "SSE-BluePill.list"
   text	   data	    bss	    dec	    hex	filename
  24932	    200	   2496	  27628	   6bec	SSE-BluePill.elf
Finished building: default.size.stdout
 
Finished building: SSE-BluePill.list
 

05:40:20 Build Finished. 0 errors, 4 warnings. (took 1s.471ms)

